Archive member included to satisfy reference by file (symbol)

C:/Program Files/SEGGER/SEGGER Embedded Studio 8.24/lib/libc_v7em_fpv4_sp_d16_hard_t_le_eabi_balanced.a(__SEGGER_RTL_vfprintf_long.o)
                              (__SEGGER_RTL_vfprintf_long)
C:/Program Files/SEGGER/SEGGER Embedded Studio 8.24/lib/libc_v7em_fpv4_sp_d16_hard_t_le_eabi_balanced.a(__SEGGER_RTL_vfscanf_long.o)
                              (__SEGGER_RTL_vfscanf_long)
C:/Program Files/SEGGER/SEGGER Embedded Studio 8.24/lib/libc_v7em_fpv4_sp_d16_hard_t_le_eabi_balanced.a(utilops.o)
                              C:/Program Files/SEGGER/SEGGER Embedded Studio 8.24/lib/libc_v7em_fpv4_sp_d16_hard_t_le_eabi_balanced.a(__SEGGER_RTL_vfscanf_long.o) (__SEGGER_RTL_digit)
C:/Program Files/SEGGER/SEGGER Embedded Studio 8.24/lib/libc_v7em_fpv4_sp_d16_hard_t_le_eabi_balanced.a(floatasmops_arm.o)
                              C:/Program Files/SEGGER/SEGGER Embedded Studio 8.24/lib/libc_v7em_fpv4_sp_d16_hard_t_le_eabi_balanced.a(utilops.o) (__aeabi_dmul)
C:/Program Files/SEGGER/SEGGER Embedded Studio 8.24/lib/libc_v7em_fpv4_sp_d16_hard_t_le_eabi_balanced.a(intasmops_arm.o)
                              C:/Program Files/SEGGER/SEGGER Embedded Studio 8.24/lib/libc_v7em_fpv4_sp_d16_hard_t_le_eabi_balanced.a(__SEGGER_RTL_vfprintf_long.o) (__aeabi_uldivmod)
C:/Program Files/SEGGER/SEGGER Embedded Studio 8.24/lib/libc_v7em_fpv4_sp_d16_hard_t_le_eabi_balanced.a(prinops.o)
                              C:/Program Files/SEGGER/SEGGER Embedded Studio 8.24/lib/libc_v7em_fpv4_sp_d16_hard_t_le_eabi_balanced.a(__SEGGER_RTL_vfprintf_long.o) (__SEGGER_RTL_putc)
C:/Program Files/SEGGER/SEGGER Embedded Studio 8.24/lib/libc_v7em_fpv4_sp_d16_hard_t_le_eabi_balanced.a(fileops.o)
                              C:/Program Files/SEGGER/SEGGER Embedded Studio 8.24/lib/libc_v7em_fpv4_sp_d16_hard_t_le_eabi_balanced.a(prinops.o) (fwrite)
C:/Program Files/SEGGER/SEGGER Embedded Studio 8.24/lib/libc_v7em_fpv4_sp_d16_hard_t_le_eabi_balanced.a(errno.o)
                              C:/Program Files/SEGGER/SEGGER Embedded Studio 8.24/lib/libc_v7em_fpv4_sp_d16_hard_t_le_eabi_balanced.a(fileops.o) (__aeabi_errno_addr)
C:/Program Files/SEGGER/SEGGER Embedded Studio 8.24/lib/heapops_basic_v7em_fpv4_sp_d16_hard_t_le_eabi_balanced.a(heapops_basic.o)
                              Output/Debug/Obj/esb_prx_pca10100/thumb_crt0.o (__SEGGER_RTL_init_heap)
C:/Program Files/SEGGER/SEGGER Embedded Studio 8.24/lib/heapops_disable_interrupts_locking_v7em_fpv4_sp_d16_hard_t_le_eabi_balanced.a(heapops.o)
                              C:/Program Files/SEGGER/SEGGER Embedded Studio 8.24/lib/libc_v7em_fpv4_sp_d16_hard_t_le_eabi_balanced.a(prinops.o) (free)
C:/Program Files/SEGGER/SEGGER Embedded Studio 8.24/lib/strops_unaligned_v7em_fpv4_sp_d16_hard_t_le_eabi_balanced.a(strops.o)
                              Output/Debug/Obj/esb_prx_pca10100/nrf_fprintf_format.o (strlen)
C:/Program Files/SEGGER/SEGGER Embedded Studio 8.24/lib/strops_unaligned_v7em_fpv4_sp_d16_hard_t_le_eabi_balanced.a(strasmops_arm.o)
                              C:/Program Files/SEGGER/SEGGER Embedded Studio 8.24/lib/strops_unaligned_v7em_fpv4_sp_d16_hard_t_le_eabi_balanced.a(strops.o) (strcmp)
C:/Program Files/SEGGER/SEGGER Embedded Studio 8.24/lib/mbops_timeops_v7em_fpv4_sp_d16_hard_t_le_eabi_balanced.a(mbops.o)
                              C:/Program Files/SEGGER/SEGGER Embedded Studio 8.24/lib/libc_v7em_fpv4_sp_d16_hard_t_le_eabi_balanced.a(prinops.o) (__SEGGER_RTL_current_locale)
C:/Program Files/SEGGER/SEGGER Embedded Studio 8.24/lib/mbops_timeops_v7em_fpv4_sp_d16_hard_t_le_eabi_balanced.a(timeops.o)
                              C:/Program Files/SEGGER/SEGGER Embedded Studio 8.24/lib/mbops_timeops_v7em_fpv4_sp_d16_hard_t_le_eabi_balanced.a(mbops.o) (__SEGGER_RTL_string_list_encode)
C:/Program Files/SEGGER/SEGGER Embedded Studio 8.24/lib/libc_v7em_fpv4_sp_d16_hard_t_le_eabi_balanced.a(execops.o)
                              C:/Program Files/SEGGER/SEGGER Embedded Studio 8.24/lib/strops_unaligned_v7em_fpv4_sp_d16_hard_t_le_eabi_balanced.a(strops.o) (__SEGGER_RTL_constraint_violation)
C:/Program Files/SEGGER/SEGGER Embedded Studio 8.24/lib/libc_v7em_fpv4_sp_d16_hard_t_le_eabi_balanced.a(execops_arm.o)
                              C:/Program Files/SEGGER/SEGGER Embedded Studio 8.24/lib/libc_v7em_fpv4_sp_d16_hard_t_le_eabi_balanced.a(execops.o) (__aeabi_SIGABRT)
C:/Program Files/SEGGER/SEGGER Embedded Studio 8.24/lib/libc_v7em_fpv4_sp_d16_hard_t_le_eabi_balanced.a(intops.o)
                              C:/Program Files/SEGGER/SEGGER Embedded Studio 8.24/lib/mbops_timeops_v7em_fpv4_sp_d16_hard_t_le_eabi_balanced.a(timeops.o) (div)
C:/Program Files/SEGGER/SEGGER Embedded Studio 8.24/lib/libc_v7em_fpv4_sp_d16_hard_t_le_eabi_balanced.a(sortops.o)
                              C:/Program Files/SEGGER/SEGGER Embedded Studio 8.24/lib/mbops_timeops_v7em_fpv4_sp_d16_hard_t_le_eabi_balanced.a(mbops.o) (bsearch)
[...]
Memory Configuration

Name             Origin             Length             Attributes
UNPLACED_SECTIONS 0x00000000         0x00000000         xw
RAM1             0x20000000         0x00020000         xw
FLASH1           0x00000000         0x00080000         xw
*default*        0x00000000         0xffffffff

Linker script and memory map

                0x20000000                        __RAM1_segment_start__ = 0x20000000
                0x20020000                        __RAM1_segment_end__ = 0x20020000
                0x00020000                        __RAM1_segment_size__ = 0x20000
                0x00000000                        __FLASH1_segment_start__ = 0x0
                0x00080000                        __FLASH1_segment_end__ = 0x80000
                0x00080000                        __FLASH1_segment_size__ = 0x80000
                0x00002000                        __HEAPSIZE__ = 0x2000
                0x00000000                        __SEGGER_RTL_vfprintf = __SEGGER_RTL_vfprintf_long
                0x00000000                        __SEGGER_RTL_vfscanf = __SEGGER_RTL_vfscanf_long
                0x00000000                        __STACKSIZE_PROCESS__ = 0x0
                0x00002000                        __STACKSIZE__ = 0x2000
                0x20000000                        __vectors_ram_load_start__ = 0x20000000

.vectors_ram    0x20000000        0x0
                0x20000000                        __vectors_ram_start__ = .
                0x20000000                        __app_ram_start__ = __vectors_ram_start__
 *(.vectors_ram .vectors_ram.*)
                0x20000000                        __vectors_ram_end__ = (__vectors_ram_start__ + SIZEOF (.vectors_ram))
                0x00000000                        __vectors_ram_size__ = SIZEOF (.vectors_ram)
                0x20000000                        __vectors_ram_load_end__ = __vectors_ram_end__
                0x00000001                        . = ASSERT (((__vectors_ram_start__ == __vectors_ram_end__) || ((__vectors_ram_end__ - __RAM1_segment_start__) <= __RAM1_segment_size__)), error: .vectors_ram is too large to fit in RAM1 memory segment)
                0x20000000                        __nrf_sections_run_load_start__ = ALIGN (__vectors_ram_end__, 0x4)

.nrf_sections_run
                0x20000000        0x0
                0x20000000                        __nrf_sections_run_start__ = .
                0x20000000                        __start_nrf_sections_run = __nrf_sections_run_start__
 *(.nrf_sections_run .nrf_sections_run.*)
                0x20000000                        __nrf_sections_run_end__ = (__nrf_sections_run_start__ + SIZEOF (.nrf_sections_run))
                0x00000000                        __nrf_sections_run_size__ = SIZEOF (.nrf_sections_run)
                0x20000000                        __nrf_sections_run_load_end__ = __nrf_sections_run_end__
                0x00000001                        . = ASSERT (((__nrf_sections_run_start__ == __nrf_sections_run_end__) || ((__nrf_sections_run_end__ - __RAM1_segment_start__) <= __RAM1_segment_size__)), error: .nrf_sections_run is too large to fit in RAM1 memory segment)
                0x00000000                        __vectors_load_start__ = 0x0

.vectors        0x00000000      0x200
                0x00000000                        __vectors_start__ = .
 *(.vectors .vectors.*)
 .vectors       0x00000000      0x200 Output/Debug/Obj/esb_prx_pca10100/ses_startup_nrf52833.o
                0x00000000                _vectors
                0x00000200                        __vectors_end__ = (__vectors_start__ + SIZEOF (.vectors))
                0x00000200                        __vectors_size__ = SIZEOF (.vectors)
                0x00000200                        __vectors_load_end__ = __vectors_end__
                0x00000001                        . = ASSERT (((__vectors_start__ == __vectors_end__) || ((__vectors_end__ - __FLASH1_segment_start__) <= __FLASH1_segment_size__)), error: .vectors is too large to fit in FLASH1 memory segment)
                0x00000200                        __init_load_start__ = ALIGN (__vectors_end__, 0x4)

.init           0x00000200      0x1e0
                0x00000200                        __init_start__ = .
 *(.init .init.*)
 .init          0x00000200       0x18 Output/Debug/Obj/esb_prx_pca10100/ses_startup_nrf52833.o
                0x00000200                NMI_Handler
                0x00000202                HardFault_Handler
                0x00000204                MemoryManagement_Handler
                0x00000206                BusFault_Handler
                0x00000208                UsageFault_Handler
                0x0000020a                SVC_Handler
                0x0000020c                DebugMon_Handler
                0x0000020e                PendSV_Handler
                0x00000210                SysTick_Handler
                0x00000212                PWM1_IRQHandler
                0x00000212                SWI2_EGU2_IRQHandler
                0x00000212                POWER_CLOCK_IRQHandler
                0x00000212                PDM_IRQHandler
                0x00000212                GPIOTE_IRQHandler
                0x00000212                QDEC_IRQHandler
                0x00000212                TIMER3_IRQHandler
                0x00000212                PWM3_IRQHandler
                0x00000212                FPU_IRQHandler
                0x00000212                RTC0_IRQHandler
                0x00000212                SPIM0_SPIS0_TWIM0_TWIS0_SPI0_TWI0_IRQHandler
                0x00000212                TEMP_IRQHandler
                0x00000212                TIMER4_IRQHandler
                0x00000212                I2S_IRQHandler
                0x00000212                SWI4_EGU4_IRQHandler
                0x00000212                TIMER0_IRQHandler
                0x00000212                UARTE1_IRQHandler
                0x00000212                Dummy_Handler
                0x00000212                TIMER1_IRQHandler
                0x00000212                SPIM3_IRQHandler
                0x00000212                PWM2_IRQHandler
                0x00000212                ECB_IRQHandler
                0x00000212                SPIM1_SPIS1_TWIM1_TWIS1_SPI1_TWI1_IRQHandler
                0x00000212                SAADC_IRQHandler
                0x00000212                CCM_AAR_IRQHandler
                0x00000212                WDT_IRQHandler
                0x00000212                USBD_IRQHandler
                0x00000212                SWI5_EGU5_IRQHandler
                0x00000212                RNG_IRQHandler
                0x00000212                RTC2_IRQHandler
                0x00000212                PWM0_IRQHandler
                0x00000212                SWI3_EGU3_IRQHandler
                0x00000212                RTC1_IRQHandler
                0x00000212                SWI1_EGU1_IRQHandler
                0x00000212                SPIM2_SPIS2_SPI2_IRQHandler
                0x00000212                NFCT_IRQHandler
                0x00000212                TIMER2_IRQHandler
                0x00000212                MWU_IRQHandler
                0x00000212                COMP_LPCOMP_IRQHandler
                0x00000214                nRFInitialize
 .init          0x00000218       0x5c Output/Debug/Obj/esb_prx_pca10100/ses_startup_nrf_common.o
                0x00000218                Reset_Handler
                0x0000021c                afterInitialize
                0x00000240                InitializeUserMemorySections
 .init          0x00000274      0x16c Output/Debug/Obj/esb_prx_pca10100/thumb_crt0.o
                0x00000274                _start
                0x0000031c                exit
                0x0000031c                _Exit
                0x000003e0                        __init_end__ = (__init_start__ + SIZEOF (.init))
                0x000001e0                        __init_size__ = SIZEOF (.init)
                0x000003e0                        __init_load_end__ = __init_end__
                0x00000001                        . = ASSERT (((__init_start__ == __init_end__) || ((__init_end__ - __FLASH1_segment_start__) <= __FLASH1_segment_size__)), error: .init is too large to fit in FLASH1 memory segment)
                0x000003e0                        __init_rodata_load_start__ = ALIGN (__init_end__, 0x4)

.init_rodata    0x000003e0        0x0
                0x000003e0                        __init_rodata_start__ = .
 *(.init_rodata .init_rodata.*)
                0x000003e0                        __init_rodata_end__ = (__init_rodata_start__ + SIZEOF (.init_rodata))
                0x00000000                        __init_rodata_size__ = SIZEOF (.init_rodata)
                0x000003e0                        __init_rodata_load_end__ = __init_rodata_end__
                0x00000001                        . = ASSERT (((__init_rodata_start__ == __init_rodata_end__) || ((__init_rodata_end__ - __FLASH1_segment_start__) <= __FLASH1_segment_size__)), error: .init_rodata is too large to fit in FLASH1 memory segment)
                0x000003e0                        __text_load_start__ = ALIGN (__init_rodata_end__, 0x4)

.text           0x000003e0     0x5d1c
                0x000003e0                        __text_start__ = .
 *(.text .text.* .gnu.linkonce.t.* .glue_7t .glue_7 .gcc_except_table .ARM.extab* .gnu.linkonce.armextab.*)
 .glue_7        0x000003e0        0x0 linker stubs
 .glue_7t       0x000003e0        0x0 linker stubs
 .text.nrf_esb_event_handler
                0x000003e0       0x68 Output/Debug/Obj/esb_prx_pca10100/main.o
                0x000003e0                nrf_esb_event_handler
 .text.clocks_start
                0x00000448       0x26 Output/Debug/Obj/esb_prx_pca10100/main.o
                0x00000448                clocks_start
 .text.gpio_init
                0x0000046e        0xc Output/Debug/Obj/esb_prx_pca10100/main.o
                0x0000046e                gpio_init
 *fill*         0x0000047a        0x2 
 .text.esb_init
                0x0000047c       0xc8 Output/Debug/Obj/esb_prx_pca10100/main.o
                0x0000047c                esb_init
 .text.main     0x00000544       0x9c Output/Debug/Obj/esb_prx_pca10100/main.o
                0x00000544                main
 .text.nrf_gpio_pin_port_decode
                0x000005e0       0x4c Output/Debug/Obj/esb_prx_pca10100/boards.o
 .text.nrf_gpio_cfg
                0x0000062c       0x62 Output/Debug/Obj/esb_prx_pca10100/boards.o
 .text.nrf_gpio_cfg_output
                0x0000068e       0x22 Output/Debug/Obj/esb_prx_pca10100/boards.o
 .text.nrf_gpio_cfg_input
                0x000006b0       0x2a Output/Debug/Obj/esb_prx_pca10100/boards.o
 .text.nrf_gpio_pin_set
                0x000006da       0x28 Output/Debug/Obj/esb_prx_pca10100/boards.o
 .text.nrf_gpio_pin_clear
                0x00000702       0x28 Output/Debug/Obj/esb_prx_pca10100/boards.o
 .text.nrf_gpio_pin_write
                0x0000072a       0x24 Output/Debug/Obj/esb_prx_pca10100/boards.o
 .text.nrf_gpio_port_out_set
                0x0000074e       0x14 Output/Debug/Obj/esb_prx_pca10100/boards.o
 .text.nrf_gpio_port_out_clear
                0x00000762       0x14 Output/Debug/Obj/esb_prx_pca10100/boards.o
 .text.nrf_gpio_pin_present_check
                0x00000776       0x48 Output/Debug/Obj/esb_prx_pca10100/boards.o
 *fill*         0x000007be        0x2 
 .text.bsp_board_led_off
                0x000007c0       0x34 Output/Debug/Obj/esb_prx_pca10100/boards.o
                0x000007c0                bsp_board_led_off
 .text.bsp_board_leds_off
                0x000007f4       0x26 Output/Debug/Obj/esb_prx_pca10100/boards.o
                0x000007f4                bsp_board_leds_off
 *fill*         0x0000081a        0x2 
 .text.bsp_board_leds_init
                0x0000081c       0x34 Output/Debug/Obj/esb_prx_pca10100/boards.o
 .text.bsp_board_buttons_init
                0x00000850       0x34 Output/Debug/Obj/esb_prx_pca10100/boards.o
 .text.bsp_board_init
                0x00000884       0x2a Output/Debug/Obj/esb_prx_pca10100/boards.o
                0x00000884                bsp_board_init
 *fill*         0x000008ae        0x2 
 .text.__NVIC_SystemReset
                0x000008b0       0x28 Output/Debug/Obj/esb_prx_pca10100/system_nrf52833.o
 .text.nrf52_errata_36
                0x000008d8       0x50 Output/Debug/Obj/esb_prx_pca10100/system_nrf52833.o
 .text.nrf52_errata_66
                0x00000928       0x50 Output/Debug/Obj/esb_prx_pca10100/system_nrf52833.o
 .text.nrf52_errata_136
                0x00000978       0x50 Output/Debug/Obj/esb_prx_pca10100/system_nrf52833.o
 .text.nrf52_errata_249
                0x000009c8       0x50 Output/Debug/Obj/esb_prx_pca10100/system_nrf52833.o
 .text.nrf52_handle_approtect
                0x00000a18       0x20 Output/Debug/Obj/esb_prx_pca10100/system_nrf52833.o
 .text.nvmc_wait
                0x00000a38       0x18 Output/Debug/Obj/esb_prx_pca10100/system_nrf52833.o
                0x00000a38                nvmc_wait
 .text.nvmc_config
                0x00000a50       0x20 Output/Debug/Obj/esb_prx_pca10100/system_nrf52833.o
                0x00000a50                nvmc_config
 .text.SystemCoreClockUpdate
                0x00000a70       0x14 Output/Debug/Obj/esb_prx_pca10100/system_nrf52833.o
                0x00000a70                SystemCoreClockUpdate
 .text.SystemInit
                0x00000a84      0x1bc Output/Debug/Obj/esb_prx_pca10100/system_nrf52833.o
                0x00000a84                SystemInit
 .text.uarte_evt_handler
                0x00000c40       0x50 Output/Debug/Obj/esb_prx_pca10100/nrf_drv_uart.o
 .text.uart_evt_handler
                0x00000c90       0x50 Output/Debug/Obj/esb_prx_pca10100/nrf_drv_uart.o
 .text.nrf_drv_uart_init
                0x00000ce0       0xc0 Output/Debug/Obj/esb_prx_pca10100/nrf_drv_uart.o
                0x00000ce0                nrf_drv_uart_init
 .text.UARTE0_UART0_IRQHandler
                0x00000da0       0x24 Output/Debug/Obj/esb_prx_pca10100/nrfx_prs.o
                0x00000da0                UARTE0_UART0_IRQHandler
 .text.prs_box_get
                0x00000dc4       0x20 Output/Debug/Obj/esb_prx_pca10100/nrfx_prs.o
 .text.nrfx_prs_acquire
                0x00000de4       0x74 Output/Debug/Obj/esb_prx_pca10100/nrfx_prs.o
                0x00000de4                nrfx_prs_acquire
 .text.nrfx_prs_release
                0x00000e58       0x3c Output/Debug/Obj/esb_prx_pca10100/nrfx_prs.o
                0x00000e58                nrfx_prs_release
 .text.__NVIC_EnableIRQ
                0x00000e94       0x34 Output/Debug/Obj/esb_prx_pca10100/nrfx_uart.o
 .text.__NVIC_DisableIRQ
                0x00000ec8       0x44 Output/Debug/Obj/esb_prx_pca10100/nrfx_uart.o
 .text.__NVIC_SetPriority
                0x00000f0c       0x50 Output/Debug/Obj/esb_prx_pca10100/nrfx_uart.o
 .text.nrfx_get_irq_number
                0x00000f5c       0x10 Output/Debug/Obj/esb_prx_pca10100/nrfx_uart.o
 .text._NRFX_IRQ_PRIORITY_SET
                0x00000f6c       0x40 Output/Debug/Obj/esb_prx_pca10100/nrfx_uart.o
 .text._NRFX_IRQ_ENABLE
                0x00000fac       0x1c Output/Debug/Obj/esb_prx_pca10100/nrfx_uart.o
 .text._NRFX_IRQ_DISABLE
                0x00000fc8       0x1c Output/Debug/Obj/esb_prx_pca10100/nrfx_uart.o
 .text.nrf_uart_event_clear
                0x00000fe4       0x2a Output/Debug/Obj/esb_prx_pca10100/nrfx_uart.o
 .text.nrf_uart_event_check
                0x0000100e       0x24 Output/Debug/Obj/esb_prx_pca10100/nrfx_uart.o
 .text.nrf_uart_int_enable
                0x00001032       0x14 Output/Debug/Obj/esb_prx_pca10100/nrfx_uart.o
 .text.nrf_uart_int_enable_check
                0x00001046       0x20 Output/Debug/Obj/esb_prx_pca10100/nrfx_uart.o
 .text.nrf_uart_int_disable
                0x00001066       0x14 Output/Debug/Obj/esb_prx_pca10100/nrfx_uart.o
 .text.nrf_uart_errorsrc_get_and_clear
                0x0000107a       0x1c Output/Debug/Obj/esb_prx_pca10100/nrfx_uart.o
 .text.nrf_uart_enable
                0x00001096       0x12 Output/Debug/Obj/esb_prx_pca10100/nrfx_uart.o
 .text.nrf_uart_disable
                0x000010a8       0x12 Output/Debug/Obj/esb_prx_pca10100/nrfx_uart.o
 .text.nrf_uart_txrx_pins_set
                0x000010ba       0x1e Output/Debug/Obj/esb_prx_pca10100/nrfx_uart.o
 .text.nrf_uart_txrx_pins_disconnect
                0x000010d8       0x1c Output/Debug/Obj/esb_prx_pca10100/nrfx_uart.o
 .text.nrf_uart_tx_pin_get
                0x000010f4       0x10 Output/Debug/Obj/esb_prx_pca10100/nrfx_uart.o
 .text.nrf_uart_rx_pin_get
                0x00001104       0x10 Output/Debug/Obj/esb_prx_pca10100/nrfx_uart.o
 .text.nrf_uart_rts_pin_get
                0x00001114       0x10 Output/Debug/Obj/esb_prx_pca10100/nrfx_uart.o
 .text.nrf_uart_cts_pin_get
                0x00001124       0x10 Output/Debug/Obj/esb_prx_pca10100/nrfx_uart.o
 .text.nrf_uart_hwfc_pins_set
                0x00001134       0x1e Output/Debug/Obj/esb_prx_pca10100/nrfx_uart.o
 .text.nrf_uart_hwfc_pins_disconnect
                0x00001152       0x1c Output/Debug/Obj/esb_prx_pca10100/nrfx_uart.o
 .text.nrf_uart_rxd_get
                0x0000116e       0x12 Output/Debug/Obj/esb_prx_pca10100/nrfx_uart.o
 .text.nrf_uart_txd_set
                0x00001180       0x1a Output/Debug/Obj/esb_prx_pca10100/nrfx_uart.o
 .text.nrf_uart_task_trigger
                0x0000119a       0x1c Output/Debug/Obj/esb_prx_pca10100/nrfx_uart.o
 .text.nrf_uart_configure
                0x000011b6       0x2a Output/Debug/Obj/esb_prx_pca10100/nrfx_uart.o
 .text.nrf_uart_baudrate_set
                0x000011e0       0x14 Output/Debug/Obj/esb_prx_pca10100/nrfx_uart.o
 .text.nrf_gpio_pin_port_decode
                0x000011f4       0x4c Output/Debug/Obj/esb_prx_pca10100/nrfx_uart.o
 .text.nrf_gpio_cfg
                0x00001240       0x62 Output/Debug/Obj/esb_prx_pca10100/nrfx_uart.o
 .text.nrf_gpio_cfg_output
                0x000012a2       0x22 Output/Debug/Obj/esb_prx_pca10100/nrfx_uart.o
 .text.nrf_gpio_cfg_input
                0x000012c4       0x2a Output/Debug/Obj/esb_prx_pca10100/nrfx_uart.o
 .text.nrf_gpio_cfg_default
                0x000012ee       0x22 Output/Debug/Obj/esb_prx_pca10100/nrfx_uart.o
 .text.nrf_gpio_pin_set
                0x00001310       0x28 Output/Debug/Obj/esb_prx_pca10100/nrfx_uart.o
 .text.nrf_gpio_port_out_set
                0x00001338       0x14 Output/Debug/Obj/esb_prx_pca10100/nrfx_uart.o
 .text.nrf_gpio_pin_present_check
                0x0000134c       0x48 Output/Debug/Obj/esb_prx_pca10100/nrfx_uart.o
 .text.apply_config
                0x00001394       0xc6 Output/Debug/Obj/esb_prx_pca10100/nrfx_uart.o
 *fill*         0x0000145a        0x2 
 .text.interrupts_enable
                0x0000145c       0x6c Output/Debug/Obj/esb_prx_pca10100/nrfx_uart.o
 .text.interrupts_disable
                0x000014c8       0x30 Output/Debug/Obj/esb_prx_pca10100/nrfx_uart.o
 .text.pins_to_default
                0x000014f8       0x8a Output/Debug/Obj/esb_prx_pca10100/nrfx_uart.o
 *fill*         0x00001582        0x2 
 .text.nrfx_uart_init
                0x00001584       0xd4 Output/Debug/Obj/esb_prx_pca10100/nrfx_uart.o
                0x00001584                nrfx_uart_init
 .text.nrfx_uart_uninit
                0x00001658       0x5c Output/Debug/Obj/esb_prx_pca10100/nrfx_uart.o
                0x00001658                nrfx_uart_uninit
 .text.tx_byte  0x000016b4       0x40 Output/Debug/Obj/esb_prx_pca10100/nrfx_uart.o
 .text.tx_blocking
                0x000016f4       0x52 Output/Debug/Obj/esb_prx_pca10100/nrfx_uart.o
 *fill*         0x00001746        0x2 
 .text.nrfx_uart_tx
                0x00001748      0x110 Output/Debug/Obj/esb_prx_pca10100/nrfx_uart.o
                0x00001748                nrfx_uart_tx
 .text.nrfx_uart_tx_in_progress
                0x00001858       0x2c Output/Debug/Obj/esb_prx_pca10100/nrfx_uart.o
                0x00001858                nrfx_uart_tx_in_progress
 .text.rx_byte  0x00001884       0x4e Output/Debug/Obj/esb_prx_pca10100/nrfx_uart.o
 .text.rx_done_event
                0x000018d2       0x2e Output/Debug/Obj/esb_prx_pca10100/nrfx_uart.o
 .text.tx_done_event
                0x00001900       0x34 Output/Debug/Obj/esb_prx_pca10100/nrfx_uart.o
 .text.uart_irq_handler
                0x00001934      0x1de Output/Debug/Obj/esb_prx_pca10100/nrfx_uart.o
 *fill*         0x00001b12        0x2 
 .text.nrfx_uart_0_irq_handler
                0x00001b14       0x18 Output/Debug/Obj/esb_prx_pca10100/nrfx_uart.o
                0x00001b14                nrfx_uart_0_irq_handler
 .text.__NVIC_EnableIRQ
                0x00001b2c       0x34 Output/Debug/Obj/esb_prx_pca10100/nrfx_uarte.o
 .text.__NVIC_DisableIRQ
                0x00001b60       0x44 Output/Debug/Obj/esb_prx_pca10100/nrfx_uarte.o
 .text.__NVIC_SetPriority
                0x00001ba4       0x50 Output/Debug/Obj/esb_prx_pca10100/nrfx_uarte.o
 .text.nrfx_is_in_ram
                0x00001bf4       0x1c Output/Debug/Obj/esb_prx_pca10100/nrfx_uarte.o
 .text.nrfx_get_irq_number
                0x00001c10       0x10 Output/Debug/Obj/esb_prx_pca10100/nrfx_uarte.o
 .text._NRFX_IRQ_PRIORITY_SET
                0x00001c20       0x40 Output/Debug/Obj/esb_prx_pca10100/nrfx_uarte.o
 .text._NRFX_IRQ_ENABLE
                0x00001c60       0x1c Output/Debug/Obj/esb_prx_pca10100/nrfx_uarte.o
 .text._NRFX_IRQ_DISABLE
                0x00001c7c       0x1c Output/Debug/Obj/esb_prx_pca10100/nrfx_uarte.o
 .text.nrf_uarte_event_clear
                0x00001c98       0x2a Output/Debug/Obj/esb_prx_pca10100/nrfx_uarte.o
 .text.nrf_uarte_event_check
                0x00001cc2       0x24 Output/Debug/Obj/esb_prx_pca10100/nrfx_uarte.o
 .text.nrf_uarte_shorts_disable
                0x00001ce6       0x1e Output/Debug/Obj/esb_prx_pca10100/nrfx_uarte.o
 .text.nrf_uarte_int_enable
                0x00001d04       0x14 Output/Debug/Obj/esb_prx_pca10100/nrfx_uarte.o
 .text.nrf_uarte_int_disable
                0x00001d18       0x14 Output/Debug/Obj/esb_prx_pca10100/nrfx_uarte.o
 .text.nrf_uarte_errorsrc_get_and_clear
                0x00001d2c       0x1c Output/Debug/Obj/esb_prx_pca10100/nrfx_uarte.o
 .text.nrf_uarte_enable
                0x00001d48       0x12 Output/Debug/Obj/esb_prx_pca10100/nrfx_uarte.o
 .text.nrf_uarte_disable
                0x00001d5a       0x12 Output/Debug/Obj/esb_prx_pca10100/nrfx_uarte.o
 .text.nrf_uarte_txrx_pins_set
                0x00001d6c       0x1e Output/Debug/Obj/esb_prx_pca10100/nrfx_uarte.o
 .text.nrf_uarte_txrx_pins_disconnect
                0x00001d8a       0x1c Output/Debug/Obj/esb_prx_pca10100/nrfx_uarte.o
 .text.nrf_uarte_tx_pin_get
                0x00001da6       0x10 Output/Debug/Obj/esb_prx_pca10100/nrfx_uarte.o
 .text.nrf_uarte_rx_pin_get
                0x00001db6       0x10 Output/Debug/Obj/esb_prx_pca10100/nrfx_uarte.o
 .text.nrf_uarte_rts_pin_get
                0x00001dc6       0x10 Output/Debug/Obj/esb_prx_pca10100/nrfx_uarte.o
 .text.nrf_uarte_cts_pin_get
                0x00001dd6       0x10 Output/Debug/Obj/esb_prx_pca10100/nrfx_uarte.o
 .text.nrf_uarte_hwfc_pins_set
                0x00001de6       0x1e Output/Debug/Obj/esb_prx_pca10100/nrfx_uarte.o
 .text.nrf_uarte_hwfc_pins_disconnect
                0x00001e04       0x1c Output/Debug/Obj/esb_prx_pca10100/nrfx_uarte.o
 .text.nrf_uarte_task_trigger
                0x00001e20       0x1c Output/Debug/Obj/esb_prx_pca10100/nrfx_uarte.o
 .text.nrf_uarte_configure
                0x00001e3c       0x2a Output/Debug/Obj/esb_prx_pca10100/nrfx_uarte.o
 .text.nrf_uarte_baudrate_set
                0x00001e66       0x14 Output/Debug/Obj/esb_prx_pca10100/nrfx_uarte.o
 .text.nrf_uarte_tx_buffer_set
                0x00001e7a       0x1e Output/Debug/Obj/esb_prx_pca10100/nrfx_uarte.o
 .text.nrf_uarte_tx_amount_get
                0x00001e98       0x10 Output/Debug/Obj/esb_prx_pca10100/nrfx_uarte.o
 .text.nrf_uarte_rx_amount_get
                0x00001ea8       0x10 Output/Debug/Obj/esb_prx_pca10100/nrfx_uarte.o
 .text.nrf_gpio_pin_port_decode
                0x00001eb8       0x4c Output/Debug/Obj/esb_prx_pca10100/nrfx_uarte.o
 .text.nrf_gpio_cfg
                0x00001f04       0x62 Output/Debug/Obj/esb_prx_pca10100/nrfx_uarte.o
 .text.nrf_gpio_cfg_output
                0x00001f66       0x22 Output/Debug/Obj/esb_prx_pca10100/nrfx_uarte.o
 .text.nrf_gpio_cfg_input
                0x00001f88       0x2a Output/Debug/Obj/esb_prx_pca10100/nrfx_uarte.o
 .text.nrf_gpio_cfg_default
                0x00001fb2       0x22 Output/Debug/Obj/esb_prx_pca10100/nrfx_uarte.o
 .text.nrf_gpio_pin_set
                0x00001fd4       0x28 Output/Debug/Obj/esb_prx_pca10100/nrfx_uarte.o
 .text.nrf_gpio_port_out_set
                0x00001ffc       0x14 Output/Debug/Obj/esb_prx_pca10100/nrfx_uarte.o
 .text.nrf_gpio_pin_present_check
                0x00002010       0x48 Output/Debug/Obj/esb_prx_pca10100/nrfx_uarte.o
 .text.apply_config
                0x00002058       0xc6 Output/Debug/Obj/esb_prx_pca10100/nrfx_uarte.o
 *fill*         0x0000211e        0x2 
 .text.interrupts_enable
                0x00002120       0x98 Output/Debug/Obj/esb_prx_pca10100/nrfx_uarte.o
 .text.interrupts_disable
                0x000021b8       0x30 Output/Debug/Obj/esb_prx_pca10100/nrfx_uarte.o
 .text.pins_to_default
                0x000021e8       0x8a Output/Debug/Obj/esb_prx_pca10100/nrfx_uarte.o
 *fill*         0x00002272        0x2 
 .text.nrfx_uarte_init
                0x00002274       0xcc Output/Debug/Obj/esb_prx_pca10100/nrfx_uarte.o
                0x00002274                nrfx_uarte_init
 .text.nrfx_uarte_uninit
                0x00002340       0xc4 Output/Debug/Obj/esb_prx_pca10100/nrfx_uarte.o
                0x00002340                nrfx_uarte_uninit
 .text.nrfx_uarte_tx
                0x00002404      0x180 Output/Debug/Obj/esb_prx_pca10100/nrfx_uarte.o
                0x00002404                nrfx_uarte_tx
 .text.nrfx_uarte_tx_in_progress
                0x00002584       0x30 Output/Debug/Obj/esb_prx_pca10100/nrfx_uarte.o
                0x00002584                nrfx_uarte_tx_in_progress
 .text.rx_done_event
                0x000025b4       0x2e Output/Debug/Obj/esb_prx_pca10100/nrfx_uarte.o
 .text.tx_done_event
                0x000025e2       0x34 Output/Debug/Obj/esb_prx_pca10100/nrfx_uarte.o
 .text.uarte_irq_handler
                0x00002616      0x18c Output/Debug/Obj/esb_prx_pca10100/nrfx_uarte.o
 *fill*         0x000027a2        0x2 
 .text.nrfx_uarte_0_irq_handler
                0x000027a4       0x18 Output/Debug/Obj/esb_prx_pca10100/nrfx_uarte.o
                0x000027a4                nrfx_uarte_0_irq_handler
 .text.app_error_save_and_stop
                0x000027bc       0x98 Output/Debug/Obj/esb_prx_pca10100/app_error.o
                0x000027bc                app_error_save_and_stop
 .text.app_error_handler
                0x00002854       0x1c Output/Debug/Obj/esb_prx_pca10100/app_error_handler_gcc.o
                0x00002854                app_error_handler
 .text.app_error_fault_handler
                0x00002870      0x104 Output/Debug/Obj/esb_prx_pca10100/app_error_weak.o
                0x00002870                app_error_fault_handler
 .text.app_util_disable_irq
                0x00002974       0x18 Output/Debug/Obj/esb_prx_pca10100/app_util_platform.o
                0x00002974                app_util_disable_irq
 .text.app_util_enable_irq
                0x0000298c       0x20 Output/Debug/Obj/esb_prx_pca10100/app_util_platform.o
                0x0000298c                app_util_enable_irq
 .text.app_util_critical_region_enter
                0x000029ac       0x28 Output/Debug/Obj/esb_prx_pca10100/app_util_platform.o
                0x000029ac                app_util_critical_region_enter
 .text.app_util_critical_region_exit
                0x000029d4       0x2c Output/Debug/Obj/esb_prx_pca10100/app_util_platform.o
                0x000029d4                app_util_critical_region_exit
 .text.privilege_level_get
                0x00002a00       0x3a Output/Debug/Obj/esb_prx_pca10100/app_util_platform.o
                0x00002a00                privilege_level_get
 .text.assert_nrf_callback
                0x00002a3a       0x2c Output/Debug/Obj/esb_prx_pca10100/nrf_assert.o
                0x00002a3a                assert_nrf_callback
 .text.nrf_atomic_u32_fetch_store
                0x00002a66       0x2e Output/Debug/Obj/esb_prx_pca10100/nrf_atomic.o
                0x00002a66                nrf_atomic_u32_fetch_store
 .text.nrf_atomic_u32_or
                0x00002a94       0x30 Output/Debug/Obj/esb_prx_pca10100/nrf_atomic.o
                0x00002a94                nrf_atomic_u32_or
 .text.nrf_atomic_u32_fetch_and
                0x00002ac4       0x30 Output/Debug/Obj/esb_prx_pca10100/nrf_atomic.o
                0x00002ac4                nrf_atomic_u32_fetch_and
 .text.nrf_atomic_u32_add
                0x00002af4       0x30 Output/Debug/Obj/esb_prx_pca10100/nrf_atomic.o
                0x00002af4                nrf_atomic_u32_add
 .text.nrf_atomic_u32_sub
                0x00002b24       0x30 Output/Debug/Obj/esb_prx_pca10100/nrf_atomic.o
                0x00002b24                nrf_atomic_u32_sub
 .text.nrf_atomic_flag_set
                0x00002b54       0x18 Output/Debug/Obj/esb_prx_pca10100/nrf_atomic.o
                0x00002b54                nrf_atomic_flag_set
 .text.nrf_atomic_flag_clear_fetch
                0x00002b6c       0x18 Output/Debug/Obj/esb_prx_pca10100/nrf_atomic.o
                0x00002b6c                nrf_atomic_flag_clear_fetch
 .text.nrf_balloc_idx2block
                0x00002b84       0x38 Output/Debug/Obj/esb_prx_pca10100/nrf_balloc.o
 .text.nrf_balloc_block2idx
                0x00002bbc       0x34 Output/Debug/Obj/esb_prx_pca10100/nrf_balloc.o
 .text.nrf_balloc_init
                0x00002bf0       0xb8 Output/Debug/Obj/esb_prx_pca10100/nrf_balloc.o
                0x00002bf0                nrf_balloc_init
 .text.nrf_balloc_alloc
                0x00002ca8       0x84 Output/Debug/Obj/esb_prx_pca10100/nrf_balloc.o
                0x00002ca8                nrf_balloc_alloc
 .text.nrf_balloc_free
                0x00002d2c       0x58 Output/Debug/Obj/esb_prx_pca10100/nrf_balloc.o
                0x00002d2c                nrf_balloc_free
 .text.nrf_fprintf_buffer_flush
                0x00002d84       0x44 Output/Debug/Obj/esb_prx_pca10100/nrf_fprintf.o
                0x00002d84                nrf_fprintf_buffer_flush
 .text.nrf_fprintf
                0x00002dc8       0x74 Output/Debug/Obj/esb_prx_pca10100/nrf_fprintf.o
                0x00002dc8                nrf_fprintf
 .text.buffer_add
                0x00002e3c       0x4c Output/Debug/Obj/esb_prx_pca10100/nrf_fprintf_format.o
 .text.string_print
                0x00002e88       0xc2 Output/Debug/Obj/esb_prx_pca10100/nrf_fprintf_format.o
 *fill*         0x00002f4a        0x2 
 .text.unsigned_print
                0x00002f4c      0x130 Output/Debug/Obj/esb_prx_pca10100/nrf_fprintf_format.o
 .text.int_print
                0x0000307c      0x11c Output/Debug/Obj/esb_prx_pca10100/nrf_fprintf_format.o
 .text.nrf_fprintf_fmt
                0x00003198      0x388 Output/Debug/Obj/esb_prx_pca10100/nrf_fprintf_format.o
                0x00003198                nrf_fprintf_fmt
 .text.nrf_memobj_pool_init
                0x00003520       0x16 Output/Debug/Obj/esb_prx_pca10100/nrf_memobj.o
                0x00003520                nrf_memobj_pool_init
 .text.nrf_memobj_alloc
                0x00003536       0xae Output/Debug/Obj/esb_prx_pca10100/nrf_memobj.o
                0x00003536                nrf_memobj_alloc
 .text.nrf_memobj_free
                0x000035e4       0x74 Output/Debug/Obj/esb_prx_pca10100/nrf_memobj.o
                0x000035e4                nrf_memobj_free
 .text.nrf_memobj_get
                0x00003658       0x1e Output/Debug/Obj/esb_prx_pca10100/nrf_memobj.o
                0x00003658                nrf_memobj_get
 .text.nrf_memobj_put
                0x00003676       0x34 Output/Debug/Obj/esb_prx_pca10100/nrf_memobj.o
                0x00003676                nrf_memobj_put
 *fill*         0x000036aa        0x2 
 .text.memobj_op
                0x000036ac      0x124 Output/Debug/Obj/esb_prx_pca10100/nrf_memobj.o
 .text.nrf_memobj_write
                0x000037d0       0x3c Output/Debug/Obj/esb_prx_pca10100/nrf_memobj.o
                0x000037d0                nrf_memobj_write
 .text.nrf_memobj_read
                0x0000380c       0x40 Output/Debug/Obj/esb_prx_pca10100/nrf_memobj.o
                0x0000380c                nrf_memobj_read
 .text.nrf_ringbuf_init
                0x0000384c       0x3a Output/Debug/Obj/esb_prx_pca10100/nrf_ringbuf.o
                0x0000384c                nrf_ringbuf_init
 *fill*         0x00003886        0x2 
 .text.nrf_strerror_get
                0x00003888       0x28 Output/Debug/Obj/esb_prx_pca10100/nrf_strerror.o
                0x00003888                nrf_strerror_get
 .text.nrf_strerror_find
                0x000038b0       0x68 Output/Debug/Obj/esb_prx_pca10100/nrf_strerror.o
                0x000038b0                nrf_strerror_find
 .text.nrfx_coredep_delay_us
                0x00003918       0x30 Output/Debug/Obj/esb_prx_pca10100/nrf_log_backend_rtt.o
 .text.nrf_delay_ms
                0x00003948       0x2a Output/Debug/Obj/esb_prx_pca10100/nrf_log_backend_rtt.o
 .text.nrf_log_backend_rtt_init
                0x00003972        0xa Output/Debug/Obj/esb_prx_pca10100/nrf_log_backend_rtt.o
                0x00003972                nrf_log_backend_rtt_init
 .text.serial_tx
                0x0000397c       0x84 Output/Debug/Obj/esb_prx_pca10100/nrf_log_backend_rtt.o
 .text.nrf_log_backend_rtt_put
                0x00003a00       0x28 Output/Debug/Obj/esb_prx_pca10100/nrf_log_backend_rtt.o
 .text.nrf_log_backend_rtt_flush
                0x00003a28        0xa Output/Debug/Obj/esb_prx_pca10100/nrf_log_backend_rtt.o
 .text.nrf_log_backend_rtt_panic_set
                0x00003a32        0xa Output/Debug/Obj/esb_prx_pca10100/nrf_log_backend_rtt.o
 .text.nrf_log_backend_serial_put
                0x00003a3c      0x124 Output/Debug/Obj/esb_prx_pca10100/nrf_log_backend_serial.o
                0x00003a3c                nrf_log_backend_serial_put
 .text.nrf_drv_uart_uninit
                0x00003b60       0x44 Output/Debug/Obj/esb_prx_pca10100/nrf_log_backend_uart.o
 .text.nrf_drv_uart_tx
                0x00003ba4       0x64 Output/Debug/Obj/esb_prx_pca10100/nrf_log_backend_uart.o
 .text.uart_evt_handler
                0x00003c08       0x18 Output/Debug/Obj/esb_prx_pca10100/nrf_log_backend_uart.o
 .text.uart_init
                0x00003c20       0x88 Output/Debug/Obj/esb_prx_pca10100/nrf_log_backend_uart.o
 .text.nrf_log_backend_uart_init
                0x00003ca8       0x1c Output/Debug/Obj/esb_prx_pca10100/nrf_log_backend_uart.o
                0x00003ca8                nrf_log_backend_uart_init
 .text.serial_tx
                0x00003cc4       0x6c Output/Debug/Obj/esb_prx_pca10100/nrf_log_backend_uart.o
 .text.nrf_log_backend_uart_put
                0x00003d30       0x28 Output/Debug/Obj/esb_prx_pca10100/nrf_log_backend_uart.o
 .text.nrf_log_backend_uart_flush
                0x00003d58        0xa Output/Debug/Obj/esb_prx_pca10100/nrf_log_backend_uart.o
 *fill*         0x00003d62        0x2 
 .text.nrf_log_backend_uart_panic_set
                0x00003d64       0x20 Output/Debug/Obj/esb_prx_pca10100/nrf_log_backend_uart.o
 .text.nrf_log_backend_enable
                0x00003d84       0x12 Output/Debug/Obj/esb_prx_pca10100/nrf_log_default_backends.o
 *fill*         0x00003d96        0x2 
 .text.nrf_log_default_backends_init
                0x00003d98       0x64 Output/Debug/Obj/esb_prx_pca10100/nrf_log_default_backends.o
                0x00003d98                nrf_log_default_backends_init
 .text.nrf_log_backend_put
                0x00003dfc       0x1c Output/Debug/Obj/esb_prx_pca10100/nrf_log_frontend.o
 .text.nrf_log_backend_panic_set
                0x00003e18       0x18 Output/Debug/Obj/esb_prx_pca10100/nrf_log_frontend.o
 .text.nrf_log_backend_flush
                0x00003e30       0x18 Output/Debug/Obj/esb_prx_pca10100/nrf_log_frontend.o
 .text.nrf_log_backend_id_set
                0x00003e48       0x1a Output/Debug/Obj/esb_prx_pca10100/nrf_log_frontend.o
 .text.nrf_log_backend_id_get
                0x00003e62       0x10 Output/Debug/Obj/esb_prx_pca10100/nrf_log_frontend.o
 .text.nrf_log_backend_enable
                0x00003e72       0x12 Output/Debug/Obj/esb_prx_pca10100/nrf_log_frontend.o
 .text.nrf_log_backend_is_enabled
                0x00003e84       0x10 Output/Debug/Obj/esb_prx_pca10100/nrf_log_frontend.o
 .text.nrf_log_init
                0x00003e94       0x50 Output/Debug/Obj/esb_prx_pca10100/nrf_log_frontend.o
                0x00003e94                nrf_log_init
 .text.nrf_log_module_cnt_get
                0x00003ee4       0x14 Output/Debug/Obj/esb_prx_pca10100/nrf_log_frontend.o
                0x00003ee4                nrf_log_module_cnt_get
 .text.module_idx_get
                0x00003ef8       0x64 Output/Debug/Obj/esb_prx_pca10100/nrf_log_frontend.o
 .text.nrf_log_module_name_get
                0x00003f5c       0x40 Output/Debug/Obj/esb_prx_pca10100/nrf_log_frontend.o
                0x00003f5c                nrf_log_module_name_get
 .text.nrf_log_color_id_get
                0x00003f9c       0x70 Output/Debug/Obj/esb_prx_pca10100/nrf_log_frontend.o
                0x00003f9c                nrf_log_color_id_get
 .text.invalid_packets_omit
                0x0000400c       0x6e Output/Debug/Obj/esb_prx_pca10100/nrf_log_frontend.o
 *fill*         0x0000407a        0x2 
 .text.log_skip
                0x0000407c      0x118 Output/Debug/Obj/esb_prx_pca10100/nrf_log_frontend.o
 .text.dropped_sat16_get
                0x00004194       0x28 Output/Debug/Obj/esb_prx_pca10100/nrf_log_frontend.o
 .text.std_header_set
                0x000041bc       0xb4 Output/Debug/Obj/esb_prx_pca10100/nrf_log_frontend.o
 .text.log_pending_hook
                0x00004270        0x4 Output/Debug/Obj/esb_prx_pca10100/nrf_log_frontend.o
                0x00004270                log_pending_hook
 .text.buf_prealloc
                0x00004274      0x128 Output/Debug/Obj/esb_prx_pca10100/nrf_log_frontend.o
 .text.std_n    0x0000439c       0x94 Output/Debug/Obj/esb_prx_pca10100/nrf_log_frontend.o
 .text.nrf_log_frontend_std_0
                0x00004430       0x1c Output/Debug/Obj/esb_prx_pca10100/nrf_log_frontend.o
                0x00004430                nrf_log_frontend_std_0
 .text.nrf_log_frontend_std_1
                0x0000444c       0x22 Output/Debug/Obj/esb_prx_pca10100/nrf_log_frontend.o
                0x0000444c                nrf_log_frontend_std_1
 .text.nrf_log_frontend_std_2
                0x0000446e       0x28 Output/Debug/Obj/esb_prx_pca10100/nrf_log_frontend.o
                0x0000446e                nrf_log_frontend_std_2
 .text.nrf_log_frontend_std_5
                0x00004496       0x34 Output/Debug/Obj/esb_prx_pca10100/nrf_log_frontend.o
                0x00004496                nrf_log_frontend_std_5
 *fill*         0x000044ca        0x2 
 .text.buffer_is_empty
                0x000044cc       0x1c Output/Debug/Obj/esb_prx_pca10100/nrf_log_frontend.o
                0x000044cc                buffer_is_empty
 .text.nrf_log_frontend_dequeue
                0x000044e8      0x3a0 Output/Debug/Obj/esb_prx_pca10100/nrf_log_frontend.o
                0x000044e8                nrf_log_frontend_dequeue
 .text.backend_id_assign
                0x00004888       0x68 Output/Debug/Obj/esb_prx_pca10100/nrf_log_frontend.o
 .text.nrf_log_backend_add
                0x000048f0       0x70 Output/Debug/Obj/esb_prx_pca10100/nrf_log_frontend.o
                0x000048f0                nrf_log_backend_add
 .text.nrf_log_panic
                0x00004960       0x3c Output/Debug/Obj/esb_prx_pca10100/nrf_log_frontend.o
                0x00004960                nrf_log_panic
 .text.timestamp_print
                0x0000499c        0xc Output/Debug/Obj/esb_prx_pca10100/nrf_log_str_formatter.o
 .text.prefix_process
                0x000049a8       0xb0 Output/Debug/Obj/esb_prx_pca10100/nrf_log_str_formatter.o
 .text.postfix_process
                0x00004a58       0x60 Output/Debug/Obj/esb_prx_pca10100/nrf_log_str_formatter.o
 .text.nrf_log_std_entry_process
                0x00004ab8      0x144 Output/Debug/Obj/esb_prx_pca10100/nrf_log_str_formatter.o
                0x00004ab8                nrf_log_std_entry_process
 .text.nrf_log_hexdump_entry_process
                0x00004bfc       0xf0 Output/Debug/Obj/esb_prx_pca10100/nrf_log_str_formatter.o
                0x00004bfc                nrf_log_hexdump_entry_process
 .text.__NVIC_EnableIRQ
                0x00004cec       0x34 Output/Debug/Obj/esb_prx_pca10100/nrf_esb.o
 .text.__NVIC_DisableIRQ
                0x00004d20       0x44 Output/Debug/Obj/esb_prx_pca10100/nrf_esb.o
 .text.__NVIC_SetPendingIRQ
                0x00004d64       0x38 Output/Debug/Obj/esb_prx_pca10100/nrf_esb.o
 .text.__NVIC_ClearPendingIRQ
                0x00004d9c       0x38 Output/Debug/Obj/esb_prx_pca10100/nrf_esb.o
 .text.__NVIC_SetPriority
                0x00004dd4       0x50 Output/Debug/Obj/esb_prx_pca10100/nrf_esb.o
 .text.bytewise_bit_swap
                0x00004e24       0x24 Output/Debug/Obj/esb_prx_pca10100/nrf_esb.o
 .text.addr_conv
                0x00004e48       0x1c Output/Debug/Obj/esb_prx_pca10100/nrf_esb.o
 .text.update_rf_payload_format_esb_dpl
                0x00004e64       0x34 Output/Debug/Obj/esb_prx_pca10100/nrf_esb.o
 .text.update_rf_payload_format_esb
                0x00004e98       0x3c Output/Debug/Obj/esb_prx_pca10100/nrf_esb.o
 .text.update_radio_addresses
                0x00004ed4       0x80 Output/Debug/Obj/esb_prx_pca10100/nrf_esb.o
 .text.update_radio_tx_power
                0x00004f54       0x18 Output/Debug/Obj/esb_prx_pca10100/nrf_esb.o
 .text.update_radio_bitrate
                0x00004f6c       0x78 Output/Debug/Obj/esb_prx_pca10100/nrf_esb.o
 .text.update_radio_protocol
                0x00004fe4       0x38 Output/Debug/Obj/esb_prx_pca10100/nrf_esb.o
 .text.update_radio_crc
                0x0000501c       0x70 Output/Debug/Obj/esb_prx_pca10100/nrf_esb.o
 .text.update_radio_parameters
                0x0000508c       0x7c Output/Debug/Obj/esb_prx_pca10100/nrf_esb.o
 .text.reset_fifos
                0x00005108       0x30 Output/Debug/Obj/esb_prx_pca10100/nrf_esb.o
 .text.initialize_fifos
                0x00005138       0xf4 Output/Debug/Obj/esb_prx_pca10100/nrf_esb.o
 .text.rx_fifo_push_rfbuf
                0x0000522c      0x120 Output/Debug/Obj/esb_prx_pca10100/nrf_esb.o
 .text.sys_timer_init
                0x0000534c       0x24 Output/Debug/Obj/esb_prx_pca10100/nrf_esb.o
 .text.ppi_init
                0x00005370       0x68 Output/Debug/Obj/esb_prx_pca10100/nrf_esb.o
 .text.clear_events_restart_rx
                0x000053d8       0x70 Output/Debug/Obj/esb_prx_pca10100/nrf_esb.o
 .text.on_radio_disabled_rx
                0x00005448      0x29c Output/Debug/Obj/esb_prx_pca10100/nrf_esb.o
 .text.on_radio_disabled_rx_ack
                0x000056e4       0x54 Output/Debug/Obj/esb_prx_pca10100/nrf_esb.o
 .text.nrf_esb_get_clear_interrupts
                0x00005738       0x50 Output/Debug/Obj/esb_prx_pca10100/nrf_esb.o
 .text.RADIO_IRQHandler
                0x00005788       0x90 Output/Debug/Obj/esb_prx_pca10100/nrf_esb.o
                0x00005788                RADIO_IRQHandler
 .text.nrf_esb_init
                0x00005818       0xfc Output/Debug/Obj/esb_prx_pca10100/nrf_esb.o
                0x00005818                nrf_esb_init
 .text.nrf_esb_disable
                0x00005914       0x5c Output/Debug/Obj/esb_prx_pca10100/nrf_esb.o
                0x00005914                nrf_esb_disable
 .text.SWI0_EGU0_IRQHandler
                0x00005970       0x80 Output/Debug/Obj/esb_prx_pca10100/nrf_esb.o
                0x00005970                SWI0_EGU0_IRQHandler
 .text.nrf_esb_read_rx_payload
                0x000059f0       0xdc Output/Debug/Obj/esb_prx_pca10100/nrf_esb.o
                0x000059f0                nrf_esb_read_rx_payload
 .text.nrf_esb_start_rx
                0x00005acc       0xac Output/Debug/Obj/esb_prx_pca10100/nrf_esb.o
                0x00005acc                nrf_esb_start_rx
 .text.nrf_esb_set_base_address_0
                0x00005b78       0x40 Output/Debug/Obj/esb_prx_pca10100/nrf_esb.o
                0x00005b78                nrf_esb_set_base_address_0
 .text.nrf_esb_set_base_address_1
                0x00005bb8       0x40 Output/Debug/Obj/esb_prx_pca10100/nrf_esb.o
                0x00005bb8                nrf_esb_set_base_address_1
 .text.nrf_esb_set_prefixes
                0x00005bf8       0x78 Output/Debug/Obj/esb_prx_pca10100/nrf_esb.o
                0x00005bf8                nrf_esb_set_prefixes
 .text._DoInit  0x00005c70       0x9c Output/Debug/Obj/esb_prx_pca10100/SEGGER_RTT.o
 .text._WriteBlocking
                0x00005d0c       0xb2 Output/Debug/Obj/esb_prx_pca10100/SEGGER_RTT.o
 .text._WriteNoCheck
                0x00005dbe       0x7e Output/Debug/Obj/esb_prx_pca10100/SEGGER_RTT.o
 .text._GetAvailWriteSpace
                0x00005e3c       0x3c Output/Debug/Obj/esb_prx_pca10100/SEGGER_RTT.o
 .text.SEGGER_RTT_WriteNoLock
                0x00005e78       0xa0 Output/Debug/Obj/esb_prx_pca10100/SEGGER_RTT.o
                0x00005e78                SEGGER_RTT_WriteNoLock
 .text.SEGGER_RTT_Init
                0x00005f18        0xa Output/Debug/Obj/esb_prx_pca10100/SEGGER_RTT.o
                0x00005f18                SEGGER_RTT_Init
 .text.libc.__SEGGER_RTL_init_heap
                0x00005f22       0x16 C:/Program Files/SEGGER/SEGGER Embedded Studio 8.24/lib/heapops_basic_v7em_fpv4_sp_d16_hard_t_le_eabi_balanced.a(heapops_basic.o)
                0x00005f22                __SEGGER_RTL_init_heap
 .text.libc.strlen
                0x00005f38       0x2a C:/Program Files/SEGGER/SEGGER Embedded Studio 8.24/lib/strops_unaligned_v7em_fpv4_sp_d16_hard_t_le_eabi_balanced.a(strops.o)
                0x00005f38                strlen
 *fill*         0x00005f62        0x2 
 .text.libc.memcpy
                0x00005f64       0x5c C:/Program Files/SEGGER/SEGGER Embedded Studio 8.24/lib/strops_unaligned_v7em_fpv4_sp_d16_hard_t_le_eabi_balanced.a(strasmops_arm.o)
                0x00005f64                __aeabi_memcpy
                0x00005f64                memcpy
                0x00005f82                __aeabi_memcpy8
                0x00005f82                __aeabi_memcpy4
 .text.libc.__aeabi_memclr
                0x00005fc0       0x68 C:/Program Files/SEGGER/SEGGER Embedded Studio 8.24/lib/strops_unaligned_v7em_fpv4_sp_d16_hard_t_le_eabi_balanced.a(strasmops_arm.o)
                0x00005fc0                __aeabi_memclr8
                0x00005fc0                __aeabi_memclr
                0x00005fc0                __aeabi_memclr4
                0x00005fc2                __aeabi_memset4
                0x00005fc2                __aeabi_memset8
                0x00005fc2                __aeabi_memset
                0x00005fc8                memset
 .text.libc.__SEGGER_RTL_ascii_mbtowc
                0x00006028       0x32 C:/Program Files/SEGGER/SEGGER Embedded Studio 8.24/lib/mbops_timeops_v7em_fpv4_sp_d16_hard_t_le_eabi_balanced.a(mbops.o)
                0x00006028                __SEGGER_RTL_ascii_mbtowc
 .text.libc.__SEGGER_RTL_ascii_wctomb
                0x0000605a        0xe C:/Program Files/SEGGER/SEGGER Embedded Studio 8.24/lib/mbops_timeops_v7em_fpv4_sp_d16_hard_t_le_eabi_balanced.a(mbops.o)
                0x0000605a                __SEGGER_RTL_ascii_wctomb
 .text.libc.isprint
                0x00006068       0x20 C:/Program Files/SEGGER/SEGGER Embedded Studio 8.24/lib/mbops_timeops_v7em_fpv4_sp_d16_hard_t_le_eabi_balanced.a(mbops.o)
                0x00006068                isprint
 .text.libc.__SEGGER_RTL_ascii_isctype
                0x00006088       0x20 C:/Program Files/SEGGER/SEGGER Embedded Studio 8.24/lib/mbops_timeops_v7em_fpv4_sp_d16_hard_t_le_eabi_balanced.a(mbops.o)
 .text.libc.__SEGGER_RTL_ascii_toupper
                0x000060a8        0xc C:/Program Files/SEGGER/SEGGER Embedded Studio 8.24/lib/mbops_timeops_v7em_fpv4_sp_d16_hard_t_le_eabi_balanced.a(mbops.o)
 .text.libc.__SEGGER_RTL_ascii_tolower
                0x000060b4        0xe C:/Program Files/SEGGER/SEGGER Embedded Studio 8.24/lib/mbops_timeops_v7em_fpv4_sp_d16_hard_t_le_eabi_balanced.a(mbops.o)
 .text.libc.__SEGGER_RTL_ascii_iswctype
                0x000060c2       0x20 C:/Program Files/SEGGER/SEGGER Embedded Studio 8.24/lib/mbops_timeops_v7em_fpv4_sp_d16_hard_t_le_eabi_balanced.a(mbops.o)
 .text.libc.__SEGGER_RTL_ascii_towupper
                0x000060e2        0xc C:/Program Files/SEGGER/SEGGER Embedded Studio 8.24/lib/mbops_timeops_v7em_fpv4_sp_d16_hard_t_le_eabi_balanced.a(mbops.o)
 .text.libc.__SEGGER_RTL_ascii_towlower
                0x000060ee        0xe C:/Program Files/SEGGER/SEGGER Embedded Studio 8.24/lib/mbops_timeops_v7em_fpv4_sp_d16_hard_t_le_eabi_balanced.a(mbops.o)
                0x000060fc                        __text_end__ = (__text_start__ + SIZEOF (.text))
                0x00005d1c                        __text_size__ = SIZEOF (.text)
                0x000060fc                        __text_load_end__ = __text_end__

.vfp11_veneer   0x00000000        0x0
 .vfp11_veneer  0x00000000        0x0 linker stubs

.v4_bx          0x00000000        0x0
 .v4_bx         0x00000000        0x0 linker stubs

.iplt           0x00000000        0x0
 .iplt          0x00000000        0x0 Output/Debug/Obj/esb_prx_pca10100/main.o
                0x00000001                        . = ASSERT (((__text_start__ == __text_end__) || ((__text_end__ - __FLASH1_segment_start__) <= __FLASH1_segment_size__)), error: .text is too large to fit in FLASH1 memory segment)
                0x000060fc                        __log_const_data_load_start__ = ALIGN (__text_end__, 0x4)

.log_const_data
                0x000060fc       0x20
                0x000060fc                        __log_const_data_start__ = .
                0x000060fc                        __start_log_const_data = __log_const_data_start__
 *(SORT_BY_NAME(.log_const_data*))
 .log_const_data_PRS
                0x000060fc        0x8 Output/Debug/Obj/esb_prx_pca10100/nrfx_prs.o
                0x000060fc                m_nrf_log_PRS_logs_data_const
 .log_const_data_UART
                0x00006104        0x8 Output/Debug/Obj/esb_prx_pca10100/nrfx_uart.o
                0x00006104                m_nrf_log_UART_logs_data_const
 .log_const_data_UARTE
                0x0000610c        0x8 Output/Debug/Obj/esb_prx_pca10100/nrfx_uarte.o
                0x0000610c                m_nrf_log_UARTE_logs_data_const
 .log_const_data_app
                0x00006114        0x8 Output/Debug/Obj/esb_prx_pca10100/nrf_log_frontend.o
                0x00006114                m_nrf_log_app_logs_data_const
                0x0000611c                        __log_const_data_end__ = (__log_const_data_start__ + SIZEOF (.log_const_data))
                0x00000020                        __log_const_data_size__ = SIZEOF (.log_const_data)
                0x0000611c                        __stop_log_const_data = __log_const_data_end__
                0x0000611c                        __log_const_data_load_end__ = __log_const_data_end__
                0x00000001                        . = ASSERT (((__log_const_data_start__ == __log_const_data_end__) || ((__log_const_data_end__ - __FLASH1_segment_start__) <= __FLASH1_segment_size__)), error: .log_const_data is too large to fit in FLASH1 memory segment)
                0x0000611c                        __log_backends_load_start__ = ALIGN (__log_const_data_end__, 0x4)

.log_backends   0x0000611c       0x20
                0x0000611c                        __log_backends_start__ = .
                0x0000611c                        __start_log_backends = __log_backends_start__
 *(SORT_BY_NAME(.log_backends*))
 .log_backends  0x0000611c       0x20 Output/Debug/Obj/esb_prx_pca10100/nrf_log_default_backends.o
                0x0000613c                        __log_backends_end__ = (__log_backends_start__ + SIZEOF (.log_backends))
                0x00000020                        __log_backends_size__ = SIZEOF (.log_backends)
                0x0000613c                        __stop_log_backends = __log_backends_end__
                0x0000613c                        __log_backends_load_end__ = __log_backends_end__
                0x00000001                        . = ASSERT (((__log_backends_start__ == __log_backends_end__) || ((__log_backends_end__ - __FLASH1_segment_start__) <= __FLASH1_segment_size__)), error: .log_backends is too large to fit in FLASH1 memory segment)
                0x0000613c                        __nrf_balloc_load_start__ = ALIGN (__log_backends_end__, 0x4)

.nrf_balloc     0x0000613c       0x14
                0x0000613c                        __nrf_balloc_start__ = .
                0x0000613c                        __start_nrf_balloc = __nrf_balloc_start__
 *(.nrf_balloc*)
 .nrf_balloc    0x0000613c       0x14 Output/Debug/Obj/esb_prx_pca10100/nrf_log_frontend.o
                0x0000613c                log_mempool
                0x00006150                        __nrf_balloc_end__ = (__nrf_balloc_start__ + SIZEOF (.nrf_balloc))
                0x00000014                        __nrf_balloc_size__ = SIZEOF (.nrf_balloc)
                0x00006150                        __stop_nrf_balloc = __nrf_balloc_end__
                0x00006150                        __nrf_balloc_load_end__ = __nrf_balloc_end__
                0x00000001                        . = ASSERT (((__nrf_balloc_start__ == __nrf_balloc_end__) || ((__nrf_balloc_end__ - __FLASH1_segment_start__) <= __FLASH1_segment_size__)), error: .nrf_balloc is too large to fit in FLASH1 memory segment)
                0x00006150                        __nrf_sections_load_start__ = ALIGN (__nrf_balloc_end__, 0x4)

.nrf_sections   0x00006150        0x0
                0x00006150                        __nrf_sections_start__ = .
                0x00006150                        __start_nrf_sections = __nrf_sections_start__
 *(.nrf_sections .nrf_sections.*)
                0x00006150                        __nrf_sections_end__ = (__nrf_sections_start__ + SIZEOF (.nrf_sections))
                0x00000000                        __nrf_sections_size__ = SIZEOF (.nrf_sections)
                0x00006150                        __nrf_sections_load_end__ = __nrf_sections_end__
                0x00000001                        . = ASSERT (((__nrf_sections_start__ == __nrf_sections_end__) || ((__nrf_sections_end__ - __FLASH1_segment_start__) <= __FLASH1_segment_size__)), error: .nrf_sections is too large to fit in FLASH1 memory segment)
                0x00006150                        __log_dynamic_data_load_start__ = ALIGN (__nrf_sections_end__, 0x4)

.log_dynamic_data
                0x20000000        0x0 load address 0x00006150
                0x20000000                        __log_dynamic_data_start__ = .
 *(SORT_BY_NAME(.log_dynamic_data*))
                0x20000000                        __log_dynamic_data_end__ = (__log_dynamic_data_start__ + SIZEOF (.log_dynamic_data))
                0x00000000                        __log_dynamic_data_size__ = SIZEOF (.log_dynamic_data)
                0x00006150                        __log_dynamic_data_load_end__ = (__log_dynamic_data_load_start__ + SIZEOF (.log_dynamic_data))
                0x00000001                        . = ASSERT (((__log_dynamic_data_load_start__ == __log_dynamic_data_load_end__) || ((__log_dynamic_data_load_end__ - __FLASH1_segment_start__) <= __FLASH1_segment_size__)), error: .log_dynamic_data is too large to fit in FLASH1 memory segment)

.log_dynamic_data_run
                0x20000000        0x0
                0x20000000                        __log_dynamic_data_run_start__ = .
                0x20000000                        __start_log_dynamic_data = __log_dynamic_data_run_start__
                0x20000000                        __log_dynamic_data_run_end__ = (__log_dynamic_data_run_start__ + SIZEOF (.log_dynamic_data))
                0x00000000                        __log_dynamic_data_run_size__ = (__log_dynamic_data_run_end__ - __log_dynamic_data_run_start__)
                0x20000000                        __stop_log_dynamic_data = __log_dynamic_data_run_end__
                0x20000000                        __log_dynamic_data_run_load_end__ = __log_dynamic_data_run_end__
                0x00000001                        . = ASSERT (((__log_dynamic_data_run_start__ == __log_dynamic_data_run_end__) || ((__log_dynamic_data_run_end__ - __RAM1_segment_start__) <= __RAM1_segment_size__)), error: .log_dynamic_data_run is too large to fit in RAM1 memory segment)
                0x00006150                        __log_filter_data_load_start__ = ALIGN ((__log_dynamic_data_load_start__ + SIZEOF (.log_dynamic_data)), 0x4)

.log_filter_data
                0x20000000        0x0 load address 0x00006150
                0x20000000                        __log_filter_data_start__ = .
 *(SORT_BY_NAME(.log_filter_data*))
                0x20000000                        __log_filter_data_end__ = (__log_filter_data_start__ + SIZEOF (.log_filter_data))
                0x00000000                        __log_filter_data_size__ = SIZEOF (.log_filter_data)
                0x00006150                        __log_filter_data_load_end__ = (__log_filter_data_load_start__ + SIZEOF (.log_filter_data))
                0x00000001                        . = ASSERT (((__log_filter_data_load_start__ == __log_filter_data_load_end__) || ((__log_filter_data_load_end__ - __FLASH1_segment_start__) <= __FLASH1_segment_size__)), error: .log_filter_data is too large to fit in FLASH1 memory segment)

.log_filter_data_run
                0x20000000        0x0
                0x20000000                        __log_filter_data_run_start__ = .
                0x20000000                        __start_log_filter_data = __log_filter_data_run_start__
                0x20000000                        __log_filter_data_run_end__ = (__log_filter_data_run_start__ + SIZEOF (.log_filter_data))
                0x00000000                        __log_filter_data_run_size__ = (__log_filter_data_run_end__ - __log_filter_data_run_start__)
                0x20000000                        __stop_log_filter_data = __log_filter_data_run_end__
                0x20000000                        __log_filter_data_run_load_end__ = __log_filter_data_run_end__
                0x00000001                        . = ASSERT (((__log_filter_data_run_start__ == __log_filter_data_run_end__) || ((__log_filter_data_run_end__ - __RAM1_segment_start__) <= __RAM1_segment_size__)), error: .log_filter_data_run is too large to fit in RAM1 memory segment)
                0x20000000                        __nrf_sections_run_end_load_start__ = ALIGN (__log_filter_data_run_end__, 0x4)

.nrf_sections_run_end
                0x20000000        0x0
                0x20000000                        __nrf_sections_run_end_start__ = .
                0x20000000                        __end_nrf_sections_run = __nrf_sections_run_end_start__
 *(.nrf_sections_run_end .nrf_sections_run_end.*)
                0x20000000                        __nrf_sections_run_end_end__ = (__nrf_sections_run_end_start__ + SIZEOF (.nrf_sections_run_end))
                0x00000000                        __nrf_sections_run_end_size__ = SIZEOF (.nrf_sections_run_end)
                0x20000000                        __nrf_sections_run_end_load_end__ = __nrf_sections_run_end_end__
                0x00000001                        . = ASSERT (((__nrf_sections_run_end_start__ == __nrf_sections_run_end_end__) || ((__nrf_sections_run_end_end__ - __RAM1_segment_start__) <= __RAM1_segment_size__)), error: .nrf_sections_run_end is too large to fit in RAM1 memory segment)
                0x00006150                        __dtors_load_start__ = ALIGN ((__log_filter_data_load_start__ + SIZEOF (.log_filter_data)), 0x4)

.dtors          0x00006150        0x0
                0x00006150                        __dtors_start__ = .
 *(SORT_BY_NAME(.dtors.*))
 *(.dtors)
 *(.fini_array)
 *(SORT_BY_NAME(.fini_array.*))
                0x00006150                        __dtors_end__ = (__dtors_start__ + SIZEOF (.dtors))
                0x00000000                        __dtors_size__ = SIZEOF (.dtors)
                0x00006150                        __dtors_load_end__ = __dtors_end__
                0x00000001                        . = ASSERT (((__dtors_start__ == __dtors_end__) || ((__dtors_end__ - __FLASH1_segment_start__) <= __FLASH1_segment_size__)), error: .dtors is too large to fit in FLASH1 memory segment)
                0x00006150                        __ctors_load_start__ = ALIGN (__dtors_end__, 0x4)

.ctors          0x00006150        0x0
                0x00006150                        __ctors_start__ = .
 *(SORT_BY_NAME(.ctors.*))
 *(.ctors)
 *(.init_array)
 *(SORT_BY_NAME(.init_array.*))
                0x00006150                        __ctors_end__ = (__ctors_start__ + SIZEOF (.ctors))
                0x00000000                        __ctors_size__ = SIZEOF (.ctors)
                0x00006150                        __ctors_load_end__ = __ctors_end__
                0x00000001                        . = ASSERT (((__ctors_start__ == __ctors_end__) || ((__ctors_end__ - __FLASH1_segment_start__) <= __FLASH1_segment_size__)), error: .ctors is too large to fit in FLASH1 memory segment)
                0x00006150                        __rodata_load_start__ = ALIGN (__ctors_end__, 0x4)

.rodata         0x00006150      0xe49
                0x00006150                        __rodata_start__ = .
 *(.rodata .rodata.* .gnu.linkonce.r.* .data.rel.ro .data.rel.ro.*)
 .rodata        0x00006150       0xae Output/Debug/Obj/esb_prx_pca10100/main.o
 *fill*         0x000061fe        0x2 
 .rodata        0x00006200       0x6e Output/Debug/Obj/esb_prx_pca10100/boards.o
 *fill*         0x0000626e        0x2 
 .rodata.m_board_led_list
                0x00006270        0x4 Output/Debug/Obj/esb_prx_pca10100/boards.o
 .rodata.m_board_btn_list
                0x00006274        0x4 Output/Debug/Obj/esb_prx_pca10100/boards.o
 .rodata        0x00006278       0x4f Output/Debug/Obj/esb_prx_pca10100/nrfx_prs.o
 *fill*         0x000062c7        0x1 
 .rodata        0x000062c8       0xb0 Output/Debug/Obj/esb_prx_pca10100/nrfx_uart.o
 .rodata.irq_handlers.0
                0x00006378        0x4 Output/Debug/Obj/esb_prx_pca10100/nrfx_uart.o
 .rodata        0x0000637c       0xb1 Output/Debug/Obj/esb_prx_pca10100/nrfx_uarte.o
 *fill*         0x0000642d        0x3 
 .rodata.irq_handlers.0
                0x00006430        0x4 Output/Debug/Obj/esb_prx_pca10100/nrfx_uarte.o
 .rodata        0x00006434       0x70 Output/Debug/Obj/esb_prx_pca10100/app_error_weak.o
 .rodata        0x000064a4       0x51 Output/Debug/Obj/esb_prx_pca10100/app_util_platform.o
 *fill*         0x000064f5        0x3 
 .rodata        0x000064f8       0x4c Output/Debug/Obj/esb_prx_pca10100/nrf_balloc.o
 .rodata        0x00006544       0x42 Output/Debug/Obj/esb_prx_pca10100/nrf_fprintf.o
 *fill*         0x00006586        0x2 
 .rodata        0x00006588       0x49 Output/Debug/Obj/esb_prx_pca10100/nrf_fprintf_format.o
 *fill*         0x000065d1        0x3 
 .rodata._aV2C.0
                0x000065d4       0x10 Output/Debug/Obj/esb_prx_pca10100/nrf_fprintf_format.o
 .rodata        0x000065e4       0x4c Output/Debug/Obj/esb_prx_pca10100/nrf_memobj.o
 .rodata.m_unknown_str
                0x00006630       0x13 Output/Debug/Obj/esb_prx_pca10100/nrf_strerror.o
 *fill*         0x00006643        0x1 
 .rodata        0x00006644      0x3bd Output/Debug/Obj/esb_prx_pca10100/nrf_strerror.o
 *fill*         0x00006a01        0x3 
 .rodata.nrf_strerror_array
                0x00006a04      0x118 Output/Debug/Obj/esb_prx_pca10100/nrf_strerror.o
 .rodata.nrf_log_backend_rtt_api
                0x00006b1c        0xc Output/Debug/Obj/esb_prx_pca10100/nrf_log_backend_rtt.o
                0x00006b1c                nrf_log_backend_rtt_api
 *fill*         0x00006b28        0x8 
 .rodata.delay_machine_code.0
                0x00006b30        0x6 Output/Debug/Obj/esb_prx_pca10100/nrf_log_backend_rtt.o
 *fill*         0x00006b36        0x2 
 .rodata        0x00006b38       0x78 Output/Debug/Obj/esb_prx_pca10100/nrf_log_backend_uart.o
 .rodata.nrf_log_backend_uart_api
                0x00006bb0        0xc Output/Debug/Obj/esb_prx_pca10100/nrf_log_backend_uart.o
                0x00006bb0                nrf_log_backend_uart_api
 .rodata        0x00006bbc       0x7f Output/Debug/Obj/esb_prx_pca10100/nrf_log_default_backends.o
 *fill*         0x00006c3b        0x1 
 .rodata.m_log_push_ringbuf
                0x00006c3c        0xc Output/Debug/Obj/esb_prx_pca10100/nrf_log_frontend.o
 .rodata        0x00006c48       0x69 Output/Debug/Obj/esb_prx_pca10100/nrf_log_frontend.o
 *fill*         0x00006cb1        0x3 
 .rodata        0x00006cb4       0xaa Output/Debug/Obj/esb_prx_pca10100/nrf_log_str_formatter.o
 *fill*         0x00006d5e        0x2 
 .rodata        0x00006d60       0x17 Output/Debug/Obj/esb_prx_pca10100/SEGGER_RTT.o
 *fill*         0x00006d77        0x1 
 .rodata.libc.__SEGGER_RTL_c_locale
                0x00006d78        0xc C:/Program Files/SEGGER/SEGGER Embedded Studio 8.24/lib/mbops_timeops_v7em_fpv4_sp_d16_hard_t_le_eabi_balanced.a(mbops.o)
                0x00006d78                __SEGGER_RTL_c_locale
 .rodata.libc.__SEGGER_RTL_c_locale_day_names
                0x00006d84       0x3a C:/Program Files/SEGGER/SEGGER Embedded Studio 8.24/lib/mbops_timeops_v7em_fpv4_sp_d16_hard_t_le_eabi_balanced.a(mbops.o)
                0x00006d84                __SEGGER_RTL_c_locale_day_names
 .rodata.libc.__SEGGER_RTL_c_locale_month_names
                0x00006dbe       0x57 C:/Program Files/SEGGER/SEGGER Embedded Studio 8.24/lib/mbops_timeops_v7em_fpv4_sp_d16_hard_t_le_eabi_balanced.a(mbops.o)
                0x00006dbe                __SEGGER_RTL_c_locale_month_names
 .rodata.libc.__SEGGER_RTL_c_locale_am_pm_indicator
                0x00006e15        0x7 C:/Program Files/SEGGER/SEGGER Embedded Studio 8.24/lib/mbops_timeops_v7em_fpv4_sp_d16_hard_t_le_eabi_balanced.a(mbops.o)
                0x00006e15                __SEGGER_RTL_c_locale_am_pm_indicator
 .rodata.libc.__SEGGER_RTL_c_locale_date_format
                0x00006e1c        0x9 C:/Program Files/SEGGER/SEGGER Embedded Studio 8.24/lib/mbops_timeops_v7em_fpv4_sp_d16_hard_t_le_eabi_balanced.a(mbops.o)
                0x00006e1c                __SEGGER_RTL_c_locale_date_format
 .rodata.libc.__SEGGER_RTL_c_locale_time_format
                0x00006e25        0x9 C:/Program Files/SEGGER/SEGGER Embedded Studio 8.24/lib/mbops_timeops_v7em_fpv4_sp_d16_hard_t_le_eabi_balanced.a(mbops.o)
                0x00006e25                __SEGGER_RTL_c_locale_time_format
 .rodata.libc.__SEGGER_RTL_c_locale_date_time_format
                0x00006e2e        0xf C:/Program Files/SEGGER/SEGGER Embedded Studio 8.24/lib/mbops_timeops_v7em_fpv4_sp_d16_hard_t_le_eabi_balanced.a(mbops.o)
                0x00006e2e                __SEGGER_RTL_c_locale_date_time_format
 .rodata.libc..L.str
                0x00006e3d        0x2 C:/Program Files/SEGGER/SEGGER Embedded Studio 8.24/lib/mbops_timeops_v7em_fpv4_sp_d16_hard_t_le_eabi_balanced.a(mbops.o)
 *fill*         0x00006e3f        0x1 
 .rodata.libc.__SEGGER_RTL_codeset_ascii
                0x00006e40       0x20 C:/Program Files/SEGGER/SEGGER Embedded Studio 8.24/lib/mbops_timeops_v7em_fpv4_sp_d16_hard_t_le_eabi_balanced.a(mbops.o)
                0x00006e40                __SEGGER_RTL_codeset_ascii
 .rodata.libc.__SEGGER_RTL_c_locale_abbrev_day_names
                0x00006e60       0x1d C:/Program Files/SEGGER/SEGGER Embedded Studio 8.24/lib/mbops_timeops_v7em_fpv4_sp_d16_hard_t_le_eabi_balanced.a(mbops.o)
                0x00006e60                __SEGGER_RTL_c_locale_abbrev_day_names
 .rodata.libc.__SEGGER_RTL_c_locale_abbrev_month_names
                0x00006e7d       0x31 C:/Program Files/SEGGER/SEGGER Embedded Studio 8.24/lib/mbops_timeops_v7em_fpv4_sp_d16_hard_t_le_eabi_balanced.a(mbops.o)
                0x00006e7d                __SEGGER_RTL_c_locale_abbrev_month_names
 .rodata.libc.__SEGGER_RTL_data_utf8_period
                0x00006eae        0x2 C:/Program Files/SEGGER/SEGGER Embedded Studio 8.24/lib/mbops_timeops_v7em_fpv4_sp_d16_hard_t_le_eabi_balanced.a(mbops.o)
                0x00006eae                __SEGGER_RTL_data_utf8_period
 .rodata.libc.__SEGGER_RTL_data_empty_string
                0x00006eb0        0x1 C:/Program Files/SEGGER/SEGGER Embedded Studio 8.24/lib/mbops_timeops_v7em_fpv4_sp_d16_hard_t_le_eabi_balanced.a(mbops.o)
                0x00006eb0                __SEGGER_RTL_data_empty_string
 *fill*         0x00006eb1        0x3 
 .rodata.libc.__SEGGER_RTL_c_locale_data
                0x00006eb4       0x58 C:/Program Files/SEGGER/SEGGER Embedded Studio 8.24/lib/mbops_timeops_v7em_fpv4_sp_d16_hard_t_le_eabi_balanced.a(mbops.o)
                0x00006eb4                __SEGGER_RTL_c_locale_data
 .rodata.libc.__SEGGER_RTL_ascii_ctype_map
                0x00006f0c       0x80 C:/Program Files/SEGGER/SEGGER Embedded Studio 8.24/lib/mbops_timeops_v7em_fpv4_sp_d16_hard_t_le_eabi_balanced.a(mbops.o)
 .rodata.libc.__SEGGER_RTL_ascii_ctype_mask
                0x00006f8c        0xd C:/Program Files/SEGGER/SEGGER Embedded Studio 8.24/lib/mbops_timeops_v7em_fpv4_sp_d16_hard_t_le_eabi_balanced.a(mbops.o)
                0x00006f99                        __rodata_end__ = (__rodata_start__ + SIZEOF (.rodata))
                0x00000e49                        __rodata_size__ = SIZEOF (.rodata)
                0x00006f99                        __rodata_load_end__ = __rodata_end__

.rel.dyn        0x00006f9c        0x0
 .rel.iplt      0x00006f9c        0x0 Output/Debug/Obj/esb_prx_pca10100/main.o
                0x00000001                        . = ASSERT (((__rodata_start__ == __rodata_end__) || ((__rodata_end__ - __FLASH1_segment_start__) <= __FLASH1_segment_size__)), error: .rodata is too large to fit in FLASH1 memory segment)
                0x00006f9c                        __ARM.exidx_load_start__ = ALIGN (__rodata_end__, 0x4)

.ARM.exidx      0x00006f9c        0x0
                0x00006f9c                        __ARM.exidx_start__ = .
                0x00006f9c                        __exidx_start = __ARM.exidx_start__
 *(.ARM.exidx .ARM.exidx.*)
                0x00006f9c                        __ARM.exidx_end__ = (__ARM.exidx_start__ + SIZEOF (.ARM.exidx))
                0x00000000                        __ARM.exidx_size__ = SIZEOF (.ARM.exidx)
                0x00006f9c                        __exidx_end = __ARM.exidx_end__
                0x00006f9c                        __ARM.exidx_load_end__ = __ARM.exidx_end__
                0x00000001                        . = ASSERT (((__ARM.exidx_start__ == __ARM.exidx_end__) || ((__ARM.exidx_end__ - __FLASH1_segment_start__) <= __FLASH1_segment_size__)), error: .ARM.exidx is too large to fit in FLASH1 memory segment)
                0x00006f9c                        __fast_load_start__ = ALIGN (__ARM.exidx_end__, 0x4)

.fast           0x20000000        0x0 load address 0x00006f9c
                0x20000000                        __fast_start__ = .
 *(.fast .fast.*)
                0x20000000                        __fast_end__ = (__fast_start__ + SIZEOF (.fast))
                0x00000000                        __fast_size__ = SIZEOF (.fast)
                0x00006f9c                        __fast_load_end__ = (__fast_load_start__ + SIZEOF (.fast))
                0x00000001                        . = ASSERT (((__fast_load_start__ == __fast_load_end__) || ((__fast_load_end__ - __FLASH1_segment_start__) <= __FLASH1_segment_size__)), error: .fast is too large to fit in FLASH1 memory segment)

.fast_run       0x20000000        0x0
                0x20000000                        __fast_run_start__ = .
                0x20000000                        __fast_run_end__ = (__fast_run_start__ + SIZEOF (.fast))
                0x00000000                        __fast_run_size__ = (__fast_run_end__ - __fast_run_start__)
                0x20000000                        __fast_run_load_end__ = __fast_run_end__
                0x00000001                        . = ASSERT (((__fast_run_start__ == __fast_run_end__) || ((__fast_run_end__ - __RAM1_segment_start__) <= __RAM1_segment_size__)), error: .fast_run is too large to fit in RAM1 memory segment)
                0x00006f9c                        __data_load_start__ = ALIGN ((__fast_load_start__ + SIZEOF (.fast)), 0x4)

.data           0x20000000       0x90 load address 0x00006f9c
                0x20000000                        __data_start__ = .
 *(.data .data.* .gnu.linkonce.d.*)
 .data.SystemCoreClock
                0x20000000        0x4 Output/Debug/Obj/esb_prx_pca10100/system_nrf52833.o
                0x20000000                SystemCoreClock
 .data.m_uart   0x20000004       0x14 Output/Debug/Obj/esb_prx_pca10100/nrf_log_backend_uart.o
                0x20000004                m_uart
 .data.log_backend_cb_rtt_log_backend
                0x20000018        0x8 Output/Debug/Obj/esb_prx_pca10100/nrf_log_default_backends.o
 .data.log_backend_cb_uart_log_backend
                0x20000020        0x8 Output/Debug/Obj/esb_prx_pca10100/nrf_log_default_backends.o
 .data.m_buffer_mask
                0x20000028        0x4 Output/Debug/Obj/esb_prx_pca10100/nrf_log_frontend.o
 .data.severity_names
                0x2000002c       0x14 Output/Debug/Obj/esb_prx_pca10100/nrf_log_str_formatter.o
 .data.m_colors
                0x20000040       0x24 Output/Debug/Obj/esb_prx_pca10100/nrf_log_str_formatter.o
 .data.m_esb_addr
                0x20000064       0x14 Output/Debug/Obj/esb_prx_pca10100/nrf_esb.o
 .data.m_radio_shorts_common
                0x20000078        0x4 Output/Debug/Obj/esb_prx_pca10100/nrf_esb.o
 .data.libc.__SEGGER_RTL_global_locale
                0x2000007c       0x14 C:/Program Files/SEGGER/SEGGER Embedded Studio 8.24/lib/mbops_timeops_v7em_fpv4_sp_d16_hard_t_le_eabi_balanced.a(mbops.o)
                0x2000007c                __SEGGER_RTL_global_locale
                0x2000007c                __RAL_global_locale
                0x20000090                        __data_end__ = (__data_start__ + SIZEOF (.data))
                0x00000090                        __data_size__ = SIZEOF (.data)
                0x0000702c                        __data_load_end__ = (__data_load_start__ + SIZEOF (.data))

.igot.plt       0x00000000        0x0
 .igot.plt      0x00000000        0x0 Output/Debug/Obj/esb_prx_pca10100/main.o
                0x00000001                        . = ASSERT (((__data_load_start__ == __data_load_end__) || ((__data_load_end__ - __FLASH1_segment_start__) <= __FLASH1_segment_size__)), error: .data is too large to fit in FLASH1 memory segment)

.data_run       0x20000000        0x0
                0x20000000                        __data_run_start__ = .
                0x20000090                        __data_run_end__ = (__data_run_start__ + SIZEOF (.data))
                0x00000090                        __data_run_size__ = (__data_run_end__ - __data_run_start__)
                0x20000090                        __data_run_load_end__ = __data_run_end__
                0x00000001                        . = ASSERT (((__data_run_start__ == __data_run_end__) || ((__data_run_end__ - __RAM1_segment_start__) <= __RAM1_segment_size__)), error: .data_run is too large to fit in RAM1 memory segment)
                0x0000702c                        __tdata_load_start__ = ALIGN ((__data_load_start__ + SIZEOF (.data)), 0x4)

.tdata          0x20000090        0x0 load address 0x0000702c
                0x20000090                        __tdata_start__ = .
 *(.tdata .tdata.*)
                0x20000090                        __tdata_end__ = (__tdata_start__ + SIZEOF (.tdata))
                0x00000000                        __tdata_size__ = SIZEOF (.tdata)
                0x0000702c                        __tdata_load_end__ = (__tdata_load_start__ + SIZEOF (.tdata))
                0x0000702c                        __FLASH1_segment_used_end__ = (ALIGN ((__data_load_start__ + SIZEOF (.data)), 0x4) + SIZEOF (.tdata))
                0x0000702c                        __FLASH1_segment_used_size__ = (__FLASH1_segment_used_end__ - __FLASH1_segment_start__)
                0x00000001                        . = ASSERT (((__tdata_load_start__ == __tdata_load_end__) || ((__tdata_load_end__ - __FLASH1_segment_start__) <= __FLASH1_segment_size__)), error: .tdata is too large to fit in FLASH1 memory segment)

.tdata_run      0x20000090        0x0
                0x20000090                        __tdata_run_start__ = .
                0x20000090                        __tdata_run_end__ = (__tdata_run_start__ + SIZEOF (.tdata))
                0x00000000                        __tdata_run_size__ = (__tdata_run_end__ - __tdata_run_start__)
                0x20000090                        __tdata_run_load_end__ = __tdata_run_end__
                0x00000001                        . = ASSERT (((__tdata_run_start__ == __tdata_run_end__) || ((__tdata_run_end__ - __RAM1_segment_start__) <= __RAM1_segment_size__)), error: .tdata_run is too large to fit in RAM1 memory segment)
                0x20000090                        __bss_load_start__ = ALIGN (__tdata_run_end__, 0x4)

.bss            0x20000090      0xd2c
                0x20000090                        __bss_start__ = .
 *(.bss .bss.* .gnu.linkonce.b.*)
 .bss.rx_payload
                0x20000090       0x25 Output/Debug/Obj/esb_prx_pca10100/main.o
                0x20000090                rx_payload
 *fill*         0x200000b5        0x3 
 .bss.m_handlers
                0x200000b8        0x8 Output/Debug/Obj/esb_prx_pca10100/nrf_drv_uart.o
 .bss.m_contexts
                0x200000c0        0x8 Output/Debug/Obj/esb_prx_pca10100/nrf_drv_uart.o
 .bss.nrf_drv_uart_use_easy_dma
                0x200000c8        0x2 Output/Debug/Obj/esb_prx_pca10100/nrf_drv_uart.o
                0x200000c8                nrf_drv_uart_use_easy_dma
 *fill*         0x200000ca        0x2 
 .bss.m_prs_box_4
                0x200000cc        0x8 Output/Debug/Obj/esb_prx_pca10100/nrfx_prs.o
 .bss.m_cb      0x200000d4       0x2c Output/Debug/Obj/esb_prx_pca10100/nrfx_uart.o
 .bss.m_cb      0x20000100       0x24 Output/Debug/Obj/esb_prx_pca10100/nrfx_uarte.o
 .bss.m_error_data.0
                0x20000124       0x20 Output/Debug/Obj/esb_prx_pca10100/app_error.o
 .bss.m_in_critical_region
                0x20000144        0x4 Output/Debug/Obj/esb_prx_pca10100/app_util_platform.o
 .bss.m_host_present
                0x20000148        0x1 Output/Debug/Obj/esb_prx_pca10100/nrf_log_backend_rtt.o
 *fill*         0x20000149        0x3 
 .bss.m_string_buff
                0x2000014c       0x40 Output/Debug/Obj/esb_prx_pca10100/nrf_log_backend_rtt.o
 .bss.m_string_buff
                0x2000018c       0x40 Output/Debug/Obj/esb_prx_pca10100/nrf_log_backend_uart.o
 .bss.m_xfer_done
                0x200001cc        0x1 Output/Debug/Obj/esb_prx_pca10100/nrf_log_backend_uart.o
 .bss.m_async_mode
                0x200001cd        0x1 Output/Debug/Obj/esb_prx_pca10100/nrf_log_backend_uart.o
 *fill*         0x200001ce        0x2 
 .bss.log_mempool_nrf_balloc_pool_stack
                0x200001d0        0x8 Output/Debug/Obj/esb_prx_pca10100/nrf_log_frontend.o
 .bss.log_mempool_nrf_balloc_pool_mem
                0x200001d8       0xc0 Output/Debug/Obj/esb_prx_pca10100/nrf_log_frontend.o
 .bss.log_mempool_nrf_balloc_cb
                0x20000298        0x8 Output/Debug/Obj/esb_prx_pca10100/nrf_log_frontend.o
 .bss.m_log_push_ringbuf_buf
                0x200002a0       0x80 Output/Debug/Obj/esb_prx_pca10100/nrf_log_frontend.o
 .bss.m_log_push_ringbuf_cb
                0x20000320       0x18 Output/Debug/Obj/esb_prx_pca10100/nrf_log_frontend.o
 .bss.m_log_data
                0x20000338      0x420 Output/Debug/Obj/esb_prx_pca10100/nrf_log_frontend.o
 .bss.m_esb_initialized
                0x20000758        0x1 Output/Debug/Obj/esb_prx_pca10100/nrf_esb.o
 .bss.m_nrf_esb_mainstate
                0x20000759        0x1 Output/Debug/Obj/esb_prx_pca10100/nrf_esb.o
 *fill*         0x2000075a        0x2 
 .bss.mp_current_payload
                0x2000075c        0x4 Output/Debug/Obj/esb_prx_pca10100/nrf_esb.o
 .bss.m_event_handler
                0x20000760        0x4 Output/Debug/Obj/esb_prx_pca10100/nrf_esb.o
 .bss.m_config_local
                0x20000764       0x18 Output/Debug/Obj/esb_prx_pca10100/nrf_esb.o
 .bss.m_tx_fifo_payload
                0x2000077c      0x128 Output/Debug/Obj/esb_prx_pca10100/nrf_esb.o
 .bss.m_tx_fifo
                0x200008a4       0x2c Output/Debug/Obj/esb_prx_pca10100/nrf_esb.o
 .bss.m_rx_fifo_payload
                0x200008d0      0x128 Output/Debug/Obj/esb_prx_pca10100/nrf_esb.o
 .bss.m_rx_fifo
                0x200009f8       0x2c Output/Debug/Obj/esb_prx_pca10100/nrf_esb.o
 .bss.m_tx_payload_buffer
                0x20000a24       0x22 Output/Debug/Obj/esb_prx_pca10100/nrf_esb.o
 *fill*         0x20000a46        0x2 
 .bss.m_rx_payload_buffer
                0x20000a48       0x22 Output/Debug/Obj/esb_prx_pca10100/nrf_esb.o
 *fill*         0x20000a6a        0x2 
 .bss.m_ack_pl_container
                0x20000a6c       0x60 Output/Debug/Obj/esb_prx_pca10100/nrf_esb.o
                0x20000a6c                m_ack_pl_container
 .bss.m_ack_pl_container_entry_point_pr_pipe
                0x20000acc       0x20 Output/Debug/Obj/esb_prx_pca10100/nrf_esb.o
                0x20000acc                m_ack_pl_container_entry_point_pr_pipe
 .bss.m_interrupt_flags
                0x20000aec        0x4 Output/Debug/Obj/esb_prx_pca10100/nrf_esb.o
 .bss.m_pids    0x20000af0        0x8 Output/Debug/Obj/esb_prx_pca10100/nrf_esb.o
 .bss.m_rx_pipe_info
                0x20000af8       0x20 Output/Debug/Obj/esb_prx_pca10100/nrf_esb.o
 .bss.m_last_tx_attempts
                0x20000b18        0x4 Output/Debug/Obj/esb_prx_pca10100/nrf_esb.o
 .bss.m_wait_for_ack_timeout_us
                0x20000b1c        0x4 Output/Debug/Obj/esb_prx_pca10100/nrf_esb.o
 .bss.on_radio_disabled
                0x20000b20        0x4 Output/Debug/Obj/esb_prx_pca10100/nrf_esb.o
 .bss.on_radio_end
                0x20000b24        0x4 Output/Debug/Obj/esb_prx_pca10100/nrf_esb.o
 .bss.update_rf_payload_format
                0x20000b28        0x4 Output/Debug/Obj/esb_prx_pca10100/nrf_esb.o
 .bss._SEGGER_RTT
                0x20000b2c       0x78 Output/Debug/Obj/esb_prx_pca10100/SEGGER_RTT.o
                0x20000b2c                _SEGGER_RTT
 .bss._acUpBuffer
                0x20000ba4      0x200 Output/Debug/Obj/esb_prx_pca10100/SEGGER_RTT.o
 .bss._acDownBuffer
                0x20000da4       0x10 Output/Debug/Obj/esb_prx_pca10100/SEGGER_RTT.o
 .bss.libc.__SEGGER_RTL_heap_globals.0
                0x20000db4        0x4 C:/Program Files/SEGGER/SEGGER Embedded Studio 8.24/lib/heapops_basic_v7em_fpv4_sp_d16_hard_t_le_eabi_balanced.a(heapops_basic.o)
 .bss.libc.__SEGGER_RTL_locale_ptr
                0x20000db8        0x4 C:/Program Files/SEGGER/SEGGER Embedded Studio 8.24/lib/mbops_timeops_v7em_fpv4_sp_d16_hard_t_le_eabi_balanced.a(mbops.o)
                0x20000db8                __SEGGER_RTL_locale_ptr
 *(COMMON)
                0x20000dbc                        __bss_end__ = (__bss_start__ + SIZEOF (.bss))
                0x00000d2c                        __bss_size__ = SIZEOF (.bss)
                0x20000dbc                        __bss_load_end__ = __bss_end__
                0x00000001                        . = ASSERT (((__bss_start__ == __bss_end__) || ((__bss_end__ - __RAM1_segment_start__) <= __RAM1_segment_size__)), error: .bss is too large to fit in RAM1 memory segment)
                0x20000dbc                        __tbss_load_start__ = ALIGN (__bss_end__, 0x4)

.tbss           0x20000dbc        0x0
                0x20000dbc                        __tbss_start__ = .
 *(.tbss .tbss.*)
                0x20000dbc                        __tbss_end__ = (__tbss_start__ + SIZEOF (.tbss))
                0x00000000                        __tbss_size__ = SIZEOF (.tbss)
                0x20000dbc                        __tbss_load_end__ = __tbss_end__
                0x00000001                        . = ASSERT (((__tbss_start__ == __tbss_end__) || ((__tbss_end__ - __RAM1_segment_start__) <= __RAM1_segment_size__)), error: .tbss is too large to fit in RAM1 memory segment)
                0x20000dbc                        __non_init_load_start__ = ALIGN (__tbss_end__, 0x4)

.non_init       0x20000dbc        0x0
                0x20000dbc                        __non_init_start__ = .
 *(.non_init .non_init.*)
                0x20000dbc                        __non_init_end__ = (__non_init_start__ + SIZEOF (.non_init))
                0x00000000                        __non_init_size__ = SIZEOF (.non_init)
                0x20000dbc                        __non_init_load_end__ = __non_init_end__
                0x00000001                        . = ASSERT (((__non_init_start__ == __non_init_end__) || ((__non_init_end__ - __RAM1_segment_start__) <= __RAM1_segment_size__)), error: .non_init is too large to fit in RAM1 memory segment)
                0x20000dbc                        __heap_load_start__ = ALIGN (__non_init_end__, 0x4)

.heap           0x20000dbc     0x2000
                0x20000dbc                        __heap_start__ = .
 *(.heap .heap.*)
                0x20002dbc                        . = ALIGN (MAX ((__heap_start__ + __HEAPSIZE__), .), 0x4)
 *fill*         0x20000dbc     0x2000 
                0x20002dbc                        __heap_end__ = (__heap_start__ + SIZEOF (.heap))
                0x00002000                        __heap_size__ = SIZEOF (.heap)
                0x20002dbc                        __heap_load_end__ = __heap_end__
                0x00000001                        . = ASSERT (((__heap_start__ == __heap_end__) || ((__heap_end__ - __RAM1_segment_start__) <= __RAM1_segment_size__)), error: .heap is too large to fit in RAM1 memory segment)
                0x00000001                        . = ASSERT ((__HEAPSIZE__ == ALIGN (__HEAPSIZE__, 0x4)), error: .heap section size does not match alignment)
                0x00000001                        . = ASSERT ((__heap_size__ <= __HEAPSIZE__), error: .heap section is larger than specified size)
                0x2001e000                        __stack_load_start__ = (__RAM1_segment_start__ + (__RAM1_segment_size__ - 0x2000))

.stack          0x2001e000     0x2000
                0x2001e000                        __stack_start__ = .
                0x2001e000                        __StackLimit = __stack_start__
 *(.stack .stack.*)
                0x20020000                        . = ALIGN (MAX ((__stack_start__ + __STACKSIZE__), .), 0x8)
 *fill*         0x2001e000     0x2000 
                0x20020000                        __stack_end__ = (__stack_start__ + SIZEOF (.stack))
                0x00002000                        __stack_size__ = SIZEOF (.stack)
                0x20020000                        __StackTop = __stack_end__
                0x20020000                        __stack_load_end__ = __stack_end__
                0x00000001                        . = ASSERT (((__stack_start__ == __stack_end__) || ((__stack_end__ - __RAM1_segment_start__) <= __RAM1_segment_size__)), error: .stack is too large to fit in RAM1 memory segment)
                0x00000001                        . = ASSERT ((__heap_end__ <= __stack_start__), error: section .heap overlaps absolute placed section .stack)
                0x00000001                        . = ASSERT ((__STACKSIZE__ == ALIGN (__STACKSIZE__, 0x8)), error: .stack section size does not match alignment)
                0x00000001                        . = ASSERT ((__stack_size__ <= __STACKSIZE__), error: .stack section is larger than specified size)
                0x20020000                        __stack_process_load_start__ = ALIGN (__stack_end__, 0x8)

.stack_process  0x20020000        0x0
                0x20020000                        __stack_process_start__ = .
 *(.stack_process .stack_process.*)
                0x20020000                        . = ALIGN (MAX ((__stack_process_start__ + __STACKSIZE_PROCESS__), .), 0x8)
                0x20020000                        __stack_process_end__ = (__stack_process_start__ + SIZEOF (.stack_process))
                0x00000000                        __stack_process_size__ = SIZEOF (.stack_process)
                0x20020000                        __stack_process_load_end__ = __stack_process_end__
                0x20020000                        __RAM1_segment_used_end__ = (ALIGN (__stack_end__, 0x8) + SIZEOF (.stack_process))
                0x00020000                        __RAM1_segment_used_size__ = (__RAM1_segment_used_end__ - __RAM1_segment_start__)
                0x00000001                        . = ASSERT (((__stack_process_start__ == __stack_process_end__) || ((__stack_process_end__ - __RAM1_segment_start__) <= __RAM1_segment_size__)), error: .stack_process is too large to fit in RAM1 memory segment)
                0x00000001                        . = ASSERT ((__STACKSIZE_PROCESS__ == ALIGN (__STACKSIZE_PROCESS__, 0x8)), error: .stack_process section size does not match alignment)
                0x00000001                        . = ASSERT ((__stack_process_size__ <= __STACKSIZE_PROCESS__), error: .stack_process section is larger than specified size)
                0x00002000                        __STACKSIZE__ = 0x2000
                0x00000000                        __STACKSIZE_PROCESS__ = 0x0
                0x00002000                        __HEAPSIZE__ = 0x2000
                0x00000000                        __SEGGER_RTL_vfprintf = __SEGGER_RTL_vfprintf_long
                0x00000000                        __SEGGER_RTL_vfscanf = __SEGGER_RTL_vfscanf_long
START GROUP
LOAD Output/Debug/Obj/esb_prx_pca10100/main.o
LOAD Output/Debug/Obj/esb_prx_pca10100/boards.o
LOAD Output/Debug/Obj/esb_prx_pca10100/ses_startup_nrf52833.o
LOAD Output/Debug/Obj/esb_prx_pca10100/ses_startup_nrf_common.o
LOAD Output/Debug/Obj/esb_prx_pca10100/system_nrf52833.o
LOAD Output/Debug/Obj/esb_prx_pca10100/nrf_drv_uart.o
LOAD Output/Debug/Obj/esb_prx_pca10100/nrfx_atomic.o
LOAD Output/Debug/Obj/esb_prx_pca10100/nrfx_prs.o
LOAD Output/Debug/Obj/esb_prx_pca10100/nrfx_uart.o
LOAD Output/Debug/Obj/esb_prx_pca10100/nrfx_uarte.o
LOAD Output/Debug/Obj/esb_prx_pca10100/app_error.o
LOAD Output/Debug/Obj/esb_prx_pca10100/app_error_handler_gcc.o
LOAD Output/Debug/Obj/esb_prx_pca10100/app_error_weak.o
LOAD Output/Debug/Obj/esb_prx_pca10100/app_util_platform.o
LOAD Output/Debug/Obj/esb_prx_pca10100/nrf_assert.o
LOAD Output/Debug/Obj/esb_prx_pca10100/nrf_atomic.o
LOAD Output/Debug/Obj/esb_prx_pca10100/nrf_balloc.o
LOAD Output/Debug/Obj/esb_prx_pca10100/nrf_fprintf.o
LOAD Output/Debug/Obj/esb_prx_pca10100/nrf_fprintf_format.o
LOAD Output/Debug/Obj/esb_prx_pca10100/nrf_memobj.o
LOAD Output/Debug/Obj/esb_prx_pca10100/nrf_ringbuf.o
LOAD Output/Debug/Obj/esb_prx_pca10100/nrf_strerror.o
LOAD Output/Debug/Obj/esb_prx_pca10100/nrf_log_backend_rtt.o
LOAD Output/Debug/Obj/esb_prx_pca10100/nrf_log_backend_serial.o
LOAD Output/Debug/Obj/esb_prx_pca10100/nrf_log_backend_uart.o
LOAD Output/Debug/Obj/esb_prx_pca10100/nrf_log_default_backends.o
LOAD Output/Debug/Obj/esb_prx_pca10100/nrf_log_frontend.o
LOAD Output/Debug/Obj/esb_prx_pca10100/nrf_log_str_formatter.o
LOAD Output/Debug/Obj/esb_prx_pca10100/nrf_esb.o
LOAD Output/Debug/Obj/esb_prx_pca10100/SEGGER_RTT.o
LOAD Output/Debug/Obj/esb_prx_pca10100/SEGGER_RTT_printf.o
LOAD Output/Debug/Obj/esb_prx_pca10100/thumb_crt0.o
LOAD C:/Program Files/SEGGER/SEGGER Embedded Studio 8.24/lib/libc_v7em_fpv4_sp_d16_hard_t_le_eabi_balanced.a
LOAD C:/Program Files/SEGGER/SEGGER Embedded Studio 8.24/lib/heapops_basic_v7em_fpv4_sp_d16_hard_t_le_eabi_balanced.a
LOAD C:/Program Files/SEGGER/SEGGER Embedded Studio 8.24/lib/heapops_disable_interrupts_locking_v7em_fpv4_sp_d16_hard_t_le_eabi_balanced.a
LOAD C:/Program Files/SEGGER/SEGGER Embedded Studio 8.24/lib/strops_unaligned_v7em_fpv4_sp_d16_hard_t_le_eabi_balanced.a
LOAD C:/Program Files/SEGGER/SEGGER Embedded Studio 8.24/lib/mbops_timeops_v7em_fpv4_sp_d16_hard_t_le_eabi_balanced.a
END GROUP
OUTPUT(C:/Nrf_sdk/nRF5_SDK_17.1.0_ddde560/examples/angulator_firmware/esb_prx/pca10100/blank/ses/Output/Debug/Exe/esb_prx_pca10100.elf elf32-littlearm)
LOAD linker stubs

.debug_info     0x00000000    0x1458f
 .debug_info    0x00000000      0xaf6 Output/Debug/Obj/esb_prx_pca10100/main.o
 .debug_info    0x00000af6      0x936 Output/Debug/Obj/esb_prx_pca10100/boards.o
 .debug_info    0x0000142c       0x23 Output/Debug/Obj/esb_prx_pca10100/ses_startup_nrf52833.o
 .debug_info    0x0000144f       0x23 Output/Debug/Obj/esb_prx_pca10100/ses_startup_nrf_common.o
 .debug_info    0x00001472     0x38e4 Output/Debug/Obj/esb_prx_pca10100/system_nrf52833.o
 .debug_info    0x00004d56     0x11bf Output/Debug/Obj/esb_prx_pca10100/nrf_drv_uart.o
 .debug_info    0x00005f15      0x796 Output/Debug/Obj/esb_prx_pca10100/nrfx_prs.o
 .debug_info    0x000066ab     0x1ecc Output/Debug/Obj/esb_prx_pca10100/nrfx_uart.o
 .debug_info    0x00008577     0x1fed Output/Debug/Obj/esb_prx_pca10100/nrfx_uarte.o
 .debug_info    0x0000a564      0x289 Output/Debug/Obj/esb_prx_pca10100/app_error.o
 .debug_info    0x0000a7ed      0x108 Output/Debug/Obj/esb_prx_pca10100/app_error_handler_gcc.o
 .debug_info    0x0000a8f5      0x3b1 Output/Debug/Obj/esb_prx_pca10100/app_error_weak.o
 .debug_info    0x0000aca6      0x767 Output/Debug/Obj/esb_prx_pca10100/app_util_platform.o
 .debug_info    0x0000b40d      0x135 Output/Debug/Obj/esb_prx_pca10100/nrf_assert.o
 .debug_info    0x0000b542      0x880 Output/Debug/Obj/esb_prx_pca10100/nrf_atomic.o
 .debug_info    0x0000bdc2      0x322 Output/Debug/Obj/esb_prx_pca10100/nrf_balloc.o
 .debug_info    0x0000c0e4      0x23c Output/Debug/Obj/esb_prx_pca10100/nrf_fprintf.o
 .debug_info    0x0000c320      0x4ca Output/Debug/Obj/esb_prx_pca10100/nrf_fprintf_format.o