Archive member included to satisfy reference by file (symbol)

C:/Program Files/SEGGER/SEGGER Embedded Studio 8.24/lib/libc_v7em_t_le_eabi_balanced.a(__SEGGER_RTL_vfprintf_long.o)
                              (__SEGGER_RTL_vfprintf_long)
C:/Program Files/SEGGER/SEGGER Embedded Studio 8.24/lib/libc_v7em_t_le_eabi_balanced.a(__SEGGER_RTL_vfscanf_long.o)
                              (__SEGGER_RTL_vfscanf_long)
C:/Program Files/SEGGER/SEGGER Embedded Studio 8.24/lib/libc_v7em_t_le_eabi_balanced.a(utilops.o)
                              C:/Program Files/SEGGER/SEGGER Embedded Studio 8.24/lib/libc_v7em_t_le_eabi_balanced.a(__SEGGER_RTL_vfscanf_long.o) (__SEGGER_RTL_digit)
C:/Program Files/SEGGER/SEGGER Embedded Studio 8.24/lib/libc_v7em_t_le_eabi_balanced.a(floatasmops_arm.o)
                              C:/Program Files/SEGGER/SEGGER Embedded Studio 8.24/lib/libc_v7em_t_le_eabi_balanced.a(utilops.o) (__aeabi_fmul)
C:/Program Files/SEGGER/SEGGER Embedded Studio 8.24/lib/libc_v7em_t_le_eabi_balanced.a(intasmops_arm.o)
                              C:/Program Files/SEGGER/SEGGER Embedded Studio 8.24/lib/libc_v7em_t_le_eabi_balanced.a(__SEGGER_RTL_vfprintf_long.o) (__aeabi_uldivmod)
C:/Program Files/SEGGER/SEGGER Embedded Studio 8.24/lib/libc_v7em_t_le_eabi_balanced.a(prinops.o)
                              C:/Program Files/SEGGER/SEGGER Embedded Studio 8.24/lib/libc_v7em_t_le_eabi_balanced.a(__SEGGER_RTL_vfprintf_long.o) (__SEGGER_RTL_putc)
C:/Program Files/SEGGER/SEGGER Embedded Studio 8.24/lib/libc_v7em_t_le_eabi_balanced.a(fileops.o)
                              C:/Program Files/SEGGER/SEGGER Embedded Studio 8.24/lib/libc_v7em_t_le_eabi_balanced.a(prinops.o) (fwrite)
C:/Program Files/SEGGER/SEGGER Embedded Studio 8.24/lib/libc_v7em_t_le_eabi_balanced.a(errno.o)
                              C:/Program Files/SEGGER/SEGGER Embedded Studio 8.24/lib/libc_v7em_t_le_eabi_balanced.a(fileops.o) (__aeabi_errno_addr)
C:/Program Files/SEGGER/SEGGER Embedded Studio 8.24/lib/heapops_basic_v7em_t_le_eabi_balanced.a(heapops_basic.o)
                              Output/Debug/Obj/esb_ptx_pca10040e_mbr/thumb_crt0.o (__SEGGER_RTL_init_heap)
C:/Program Files/SEGGER/SEGGER Embedded Studio 8.24/lib/heapops_disable_interrupts_locking_v7em_t_le_eabi_balanced.a(heapops.o)
                              C:/Program Files/SEGGER/SEGGER Embedded Studio 8.24/lib/libc_v7em_t_le_eabi_balanced.a(prinops.o) (free)
C:/Program Files/SEGGER/SEGGER Embedded Studio 8.24/lib/strops_unaligned_v7em_t_le_eabi_balanced.a(strops.o)
                              Output/Debug/Obj/esb_ptx_pca10040e_mbr/nrf_fprintf_format.o (strlen)
C:/Program Files/SEGGER/SEGGER Embedded Studio 8.24/lib/strops_unaligned_v7em_t_le_eabi_balanced.a(strasmops_arm.o)
                              C:/Program Files/SEGGER/SEGGER Embedded Studio 8.24/lib/strops_unaligned_v7em_t_le_eabi_balanced.a(strops.o) (strcmp)
C:/Program Files/SEGGER/SEGGER Embedded Studio 8.24/lib/mbops_timeops_v7em_t_le_eabi_balanced.a(mbops.o)
                              C:/Program Files/SEGGER/SEGGER Embedded Studio 8.24/lib/libc_v7em_t_le_eabi_balanced.a(prinops.o) (__SEGGER_RTL_current_locale)
C:/Program Files/SEGGER/SEGGER Embedded Studio 8.24/lib/mbops_timeops_v7em_t_le_eabi_balanced.a(timeops.o)
                              C:/Program Files/SEGGER/SEGGER Embedded Studio 8.24/lib/mbops_timeops_v7em_t_le_eabi_balanced.a(mbops.o) (__SEGGER_RTL_string_list_encode)
C:/Program Files/SEGGER/SEGGER Embedded Studio 8.24/lib/libc_v7em_t_le_eabi_balanced.a(execops.o)
                              C:/Program Files/SEGGER/SEGGER Embedded Studio 8.24/lib/strops_unaligned_v7em_t_le_eabi_balanced.a(strops.o) (__SEGGER_RTL_constraint_violation)
C:/Program Files/SEGGER/SEGGER Embedded Studio 8.24/lib/libc_v7em_t_le_eabi_balanced.a(execops_arm.o)
                              C:/Program Files/SEGGER/SEGGER Embedded Studio 8.24/lib/libc_v7em_t_le_eabi_balanced.a(execops.o) (__aeabi_SIGABRT)
C:/Program Files/SEGGER/SEGGER Embedded Studio 8.24/lib/libc_v7em_t_le_eabi_balanced.a(intops.o)
                              C:/Program Files/SEGGER/SEGGER Embedded Studio 8.24/lib/mbops_timeops_v7em_t_le_eabi_balanced.a(timeops.o) (div)
C:/Program Files/SEGGER/SEGGER Embedded Studio 8.24/lib/libc_v7em_t_le_eabi_balanced.a(sortops.o)
                              C:/Program Files/SEGGER/SEGGER Embedded Studio 8.24/lib/mbops_timeops_v7em_t_le_eabi_balanced.a(mbops.o) (bsearch)
C:/Program Files/SEGGER/SEGGER Embedded Studio 8.24/lib/libc_v7em_t_le_eabi_balanced.a(convops.o)
                              C:/Program Files/SEGGER/SEGGER Embedded Studio 8.24/lib/libc_v7em_t_le_eabi_balanced.a(execops.o) (itoa)
C:/Program Files/SEGGER/SEGGER Embedded Studio 8.24/lib/libc_v7em_t_le_eabi_balanced.a(floatops.o)
                              C:/Program Files/SEGGER/SEGGER Embedded Studio 8.24/lib/libc_v7em_t_le_eabi_balanced.a(convops.o) (__SEGGER_RTL_float32_isinf)

Discarded input sections

[...]
Memory Configuration

Name             Origin             Length             Attributes
UNPLACED_SECTIONS 0x00000000         0x00000000         xw
RAM1             0x20000000         0x00006000         xw
FLASH1           0x00000000         0x00030000         xw
*default*        0x00000000         0xffffffff

Linker script and memory map

                0x20000000                        __RAM1_segment_start__ = 0x20000000
                0x20006000                        __RAM1_segment_end__ = 0x20006000
                0x00006000                        __RAM1_segment_size__ = 0x6000
                0x00000000                        __FLASH1_segment_start__ = 0x0
                0x00030000                        __FLASH1_segment_end__ = 0x30000
                0x00030000                        __FLASH1_segment_size__ = 0x30000
                0x00000800                        __HEAPSIZE__ = 0x800
                0x00000000                        __SEGGER_RTL_vfprintf = __SEGGER_RTL_vfprintf_long
                0x00000000                        __SEGGER_RTL_vfscanf = __SEGGER_RTL_vfscanf_long
                0x00000000                        __STACKSIZE_PROCESS__ = 0x0
                0x00000800                        __STACKSIZE__ = 0x800
                0x20000000                        __reserved_ram_load_start__ = 0x20000000

.reserved_ram   0x20000000        0x8
                0x20000000                        __reserved_ram_start__ = .
 *(.reserved_ram .reserved_ram.*)
                0x20000008                        . = MAX (((__reserved_ram_start__ + 0x20000008) - 0x20000000), .)
 *fill*         0x20000000        0x8 
                0x20000008                        __reserved_ram_end__ = (__reserved_ram_start__ + SIZEOF (.reserved_ram))
                0x00000008                        __reserved_ram_size__ = SIZEOF (.reserved_ram)
                0x20000008                        __reserved_ram_load_end__ = __reserved_ram_end__
                0x00000001                        . = ASSERT (((__reserved_ram_start__ == __reserved_ram_end__) || ((__reserved_ram_end__ - __RAM1_segment_start__) <= __RAM1_segment_size__)), error: .reserved_ram is too large to fit in RAM1 memory segment)
                0x00000001                        . = ASSERT ((__reserved_ram_size__ <= 0x8), error: .reserved_ram section is larger than specified size)
                0x20000008                        __vectors_ram_load_start__ = 0x20000008

.vectors_ram    0x20000008        0x0
                0x20000008                        __vectors_ram_start__ = .
                0x20000008                        __app_ram_start__ = __vectors_ram_start__
 *(.vectors_ram .vectors_ram.*)
                0x20000008                        __vectors_ram_end__ = (__vectors_ram_start__ + SIZEOF (.vectors_ram))
                0x00000000                        __vectors_ram_size__ = SIZEOF (.vectors_ram)
                0x20000008                        __vectors_ram_load_end__ = __vectors_ram_end__
                0x00000001                        . = ASSERT (((__vectors_ram_start__ == __vectors_ram_end__) || ((__vectors_ram_end__ - __RAM1_segment_start__) <= __RAM1_segment_size__)), error: .vectors_ram is too large to fit in RAM1 memory segment)
                0x00000001                        . = ASSERT ((__reserved_ram_end__ <= __vectors_ram_start__), error: section .reserved_ram overlaps absolute placed section .vectors_ram)
                0x20000008                        __nrf_sections_run_load_start__ = ALIGN (__vectors_ram_end__, 0x4)

.nrf_sections_run
                0x20000008        0x0
                0x20000008                        __nrf_sections_run_start__ = .
                0x20000008                        __start_nrf_sections_run = __nrf_sections_run_start__
 *(.nrf_sections_run .nrf_sections_run.*)
                0x20000008                        __nrf_sections_run_end__ = (__nrf_sections_run_start__ + SIZEOF (.nrf_sections_run))
                0x00000000                        __nrf_sections_run_size__ = SIZEOF (.nrf_sections_run)
                0x20000008                        __nrf_sections_run_load_end__ = __nrf_sections_run_end__
                0x00000001                        . = ASSERT (((__nrf_sections_run_start__ == __nrf_sections_run_end__) || ((__nrf_sections_run_end__ - __RAM1_segment_start__) <= __RAM1_segment_size__)), error: .nrf_sections_run is too large to fit in RAM1 memory segment)
                0x00000000                        __reserved_flash_load_start__ = 0x0

.reserved_flash
                0x00000000     0x1000
                0x00000000                        __reserved_flash_start__ = .
 *(.reserved_flash .reserved_flash.*)
                0x00001000                        . = MAX (((__reserved_flash_start__ + 0x1000) - 0x0), .)
 *fill*         0x00000000     0x1000 
                0x00001000                        __reserved_flash_end__ = (__reserved_flash_start__ + SIZEOF (.reserved_flash))
                0x00001000                        __reserved_flash_size__ = SIZEOF (.reserved_flash)
                0x00001000                        __reserved_flash_load_end__ = __reserved_flash_end__
                0x00000001                        . = ASSERT (((__reserved_flash_start__ == __reserved_flash_end__) || ((__reserved_flash_end__ - __FLASH1_segment_start__) <= __FLASH1_segment_size__)), error: .reserved_flash is too large to fit in FLASH1 memory segment)
                0x00000001                        . = ASSERT ((__reserved_flash_size__ <= 0x1000), error: .reserved_flash section is larger than specified size)
                0x00001000                        __vectors_load_start__ = 0x1000

.vectors        0x00001000      0x200
                0x00001000                        __vectors_start__ = .
 *(.vectors .vectors.*)
 .vectors       0x00001000      0x200 Output/Debug/Obj/esb_ptx_pca10040e_mbr/ses_startup_nrf52810.o
                0x00001000                _vectors
                0x00001200                        __vectors_end__ = (__vectors_start__ + SIZEOF (.vectors))
                0x00000200                        __vectors_size__ = SIZEOF (.vectors)
                0x00001200                        __vectors_load_end__ = __vectors_end__
                0x00000001                        . = ASSERT (((__vectors_start__ == __vectors_end__) || ((__vectors_end__ - __FLASH1_segment_start__) <= __FLASH1_segment_size__)), error: .vectors is too large to fit in FLASH1 memory segment)
                0x00000001                        . = ASSERT ((__reserved_flash_end__ <= __vectors_start__), error: section .reserved_flash overlaps absolute placed section .vectors)
                0x00001200                        __init_load_start__ = ALIGN (__vectors_end__, 0x4)

.init           0x00001200      0x1fc
                0x00001200                        __init_start__ = .
 *(.init .init.*)
 .init          0x00001200       0x48 Output/Debug/Obj/esb_ptx_pca10040e_mbr/ses_startup_nrf52810.o
                0x00001200                NMI_Handler
                0x00001202                HardFault_Handler
                0x00001204                MemoryManagement_Handler
                0x00001206                BusFault_Handler
                0x00001208                UsageFault_Handler
                0x0000120a                SVC_Handler
                0x0000120c                DebugMon_Handler
                0x0000120e                PendSV_Handler
                0x00001210                SysTick_Handler
                0x00001212                POWER_CLOCK_IRQHandler
                0x00001212                PDM_IRQHandler
                0x00001212                SWI4_IRQHandler
                0x00001212                TEMP_IRQHandler
                0x00001212                RTC0_IRQHandler
                0x00001212                GPIOTE_IRQHandler
                0x00001212                SWI5_IRQHandler
                0x00001212                TIMER0_IRQHandler
                0x00001212                Dummy_Handler
                0x00001212                TIMER1_IRQHandler
                0x00001212                ECB_IRQHandler
                0x00001212                SWI3_IRQHandler
                0x00001212                SPIM0_SPIS0_SPI0_IRQHandler
                0x00001212                SAADC_IRQHandler
                0x00001212                CCM_AAR_IRQHandler
                0x00001212                WDT_IRQHandler
                0x00001212                QDEC_IRQHandler
                0x00001212                SWI2_IRQHandler
                0x00001212                RNG_IRQHandler
                0x00001212                COMP_IRQHandler
                0x00001212                PWM0_IRQHandler
                0x00001212                RTC1_IRQHandler
                0x00001212                SWI1_EGU1_IRQHandler
                0x00001212                TWIM0_TWIS0_TWI0_IRQHandler
                0x00001212                TIMER2_IRQHandler
                0x00001214                nRFInitialize
 .init          0x00001248       0x48 Output/Debug/Obj/esb_ptx_pca10040e_mbr/ses_startup_nrf_common.o
                0x00001248                Reset_Handler
                0x0000124c                afterInitialize
                0x0000125e                InitializeUserMemorySections
 .init          0x00001290      0x16c Output/Debug/Obj/esb_ptx_pca10040e_mbr/thumb_crt0.o
                0x00001290                _start
                0x00001338                exit
                0x00001338                _Exit
                0x000013fc                        __init_end__ = (__init_start__ + SIZEOF (.init))
                0x000001fc                        __init_size__ = SIZEOF (.init)
                0x000013fc                        __init_load_end__ = __init_end__
                0x00000001                        . = ASSERT (((__init_start__ == __init_end__) || ((__init_end__ - __FLASH1_segment_start__) <= __FLASH1_segment_size__)), error: .init is too large to fit in FLASH1 memory segment)
                0x000013fc                        __init_rodata_load_start__ = ALIGN (__init_end__, 0x4)

.init_rodata    0x000013fc        0x0
                0x000013fc                        __init_rodata_start__ = .
 *(.init_rodata .init_rodata.*)
                0x000013fc                        __init_rodata_end__ = (__init_rodata_start__ + SIZEOF (.init_rodata))
                0x00000000                        __init_rodata_size__ = SIZEOF (.init_rodata)
                0x000013fc                        __init_rodata_load_end__ = __init_rodata_end__
                0x00000001                        . = ASSERT (((__init_rodata_start__ == __init_rodata_end__) || ((__init_rodata_end__ - __FLASH1_segment_start__) <= __FLASH1_segment_size__)), error: .init_rodata is too large to fit in FLASH1 memory segment)
                0x000013fc                        __text_load_start__ = ALIGN (__init_rodata_end__, 0x4)

.text           0x000013fc     0x49e0
                0x000013fc                        __text_start__ = .
 *(.text .text.* .gnu.linkonce.t.* .glue_7t .glue_7 .gcc_except_table .ARM.extab* .gnu.linkonce.armextab.*)
 .glue_7        0x000013fc        0x0 linker stubs
 .glue_7t       0x000013fc        0x0 linker stubs
 .text.nrfx_coredep_delay_us
                0x000013fc       0x30 Output/Debug/Obj/esb_ptx_pca10040e_mbr/main.o
 .text.nrf_gpio_pin_port_decode
                0x0000142c       0x30 Output/Debug/Obj/esb_ptx_pca10040e_mbr/main.o
 .text.nrf_gpio_cfg
                0x0000145c       0x62 Output/Debug/Obj/esb_ptx_pca10040e_mbr/main.o
 .text.nrf_gpio_cfg_output
                0x000014be       0x22 Output/Debug/Obj/esb_ptx_pca10040e_mbr/main.o
 .text.nrf_gpio_pin_toggle
                0x000014e0       0x44 Output/Debug/Obj/esb_ptx_pca10040e_mbr/main.o
 .text.nrf_gpio_pin_present_check
                0x00001524       0x38 Output/Debug/Obj/esb_ptx_pca10040e_mbr/main.o
 .text.timer_init
                0x0000155c       0x2c Output/Debug/Obj/esb_ptx_pca10040e_mbr/main.o
 .text.get_local_time_us
                0x00001588       0x14 Output/Debug/Obj/esb_ptx_pca10040e_mbr/main.o
 .text.get_master_time_us
                0x0000159c       0x18 Output/Debug/Obj/esb_ptx_pca10040e_mbr/main.o
 .text.nrf_esb_event_handler
                0x000015b4      0x128 Output/Debug/Obj/esb_ptx_pca10040e_mbr/main.o
                0x000015b4                nrf_esb_event_handler
 .text.clocks_start
                0x000016dc       0x26 Output/Debug/Obj/esb_ptx_pca10040e_mbr/main.o
 *fill*         0x00001702        0x2 
 .text.esb_init
                0x00001704       0xcc Output/Debug/Obj/esb_ptx_pca10040e_mbr/main.o
 .text.main     0x000017d0      0x1e0 Output/Debug/Obj/esb_ptx_pca10040e_mbr/main.o
                0x000017d0                main
 .text.__NVIC_SystemReset
                0x000019b0       0x28 Output/Debug/Obj/esb_ptx_pca10040e_mbr/system_nrf52810.o
 .text.nrf52_errata_12
                0x000019d8       0x88 Output/Debug/Obj/esb_ptx_pca10040e_mbr/system_nrf52810.o
 .text.nrf52_errata_16
                0x00001a60       0x68 Output/Debug/Obj/esb_ptx_pca10040e_mbr/system_nrf52810.o
 .text.nrf52_errata_31
                0x00001ac8       0xa8 Output/Debug/Obj/esb_ptx_pca10040e_mbr/system_nrf52810.o
 .text.nrf52_errata_32
                0x00001b70       0x68 Output/Debug/Obj/esb_ptx_pca10040e_mbr/system_nrf52810.o
 .text.nrf52_errata_36
                0x00001bd8       0xa8 Output/Debug/Obj/esb_ptx_pca10040e_mbr/system_nrf52810.o
 .text.nrf52_errata_37
                0x00001c80       0x68 Output/Debug/Obj/esb_ptx_pca10040e_mbr/system_nrf52810.o
 .text.nrf52_errata_57
                0x00001ce8       0x68 Output/Debug/Obj/esb_ptx_pca10040e_mbr/system_nrf52810.o
 .text.nrf52_errata_66
                0x00001d50       0xa8 Output/Debug/Obj/esb_ptx_pca10040e_mbr/system_nrf52810.o
 .text.nrf52_errata_108
                0x00001df8       0x88 Output/Debug/Obj/esb_ptx_pca10040e_mbr/system_nrf52810.o
 .text.nrf52_errata_136
                0x00001e80       0xa8 Output/Debug/Obj/esb_ptx_pca10040e_mbr/system_nrf52810.o
 .text.nrf52_errata_182
                0x00001f28       0x60 Output/Debug/Obj/esb_ptx_pca10040e_mbr/system_nrf52810.o
 .text.nrf52_errata_217
                0x00001f88       0x40 Output/Debug/Obj/esb_ptx_pca10040e_mbr/system_nrf52810.o
 .text.nrf52_errata_249
                0x00001fc8       0x60 Output/Debug/Obj/esb_ptx_pca10040e_mbr/system_nrf52810.o
 .text.nrf52_handle_approtect
                0x00002028       0x20 Output/Debug/Obj/esb_ptx_pca10040e_mbr/system_nrf52810.o
 .text.nvmc_wait
                0x00002048       0x18 Output/Debug/Obj/esb_ptx_pca10040e_mbr/system_nrf52810.o
                0x00002048                nvmc_wait
 .text.nvmc_config
                0x00002060       0x20 Output/Debug/Obj/esb_ptx_pca10040e_mbr/system_nrf52810.o
                0x00002060                nvmc_config
 .text.SystemCoreClockUpdate
                0x00002080       0x14 Output/Debug/Obj/esb_ptx_pca10040e_mbr/system_nrf52810.o
                0x00002080                SystemCoreClockUpdate
 .text.SystemInit
                0x00002094      0x2cc Output/Debug/Obj/esb_ptx_pca10040e_mbr/system_nrf52810.o
                0x00002094                SystemInit
 .text.UARTE0_UART0_IRQHandler
                0x00002360       0x24 Output/Debug/Obj/esb_ptx_pca10040e_mbr/nrfx_prs.o
                0x00002360                UARTE0_UART0_IRQHandler
 .text.app_error_save_and_stop
                0x00002384       0x98 Output/Debug/Obj/esb_ptx_pca10040e_mbr/app_error.o
                0x00002384                app_error_save_and_stop
 .text.app_error_handler
                0x0000241c       0x1c Output/Debug/Obj/esb_ptx_pca10040e_mbr/app_error_handler_gcc.o
                0x0000241c                app_error_handler
 .text.app_error_fault_handler
                0x00002438      0x104 Output/Debug/Obj/esb_ptx_pca10040e_mbr/app_error_weak.o
                0x00002438                app_error_fault_handler
 .text.app_util_disable_irq
                0x0000253c       0x18 Output/Debug/Obj/esb_ptx_pca10040e_mbr/app_util_platform.o
                0x0000253c                app_util_disable_irq
 .text.app_util_enable_irq
                0x00002554       0x20 Output/Debug/Obj/esb_ptx_pca10040e_mbr/app_util_platform.o
                0x00002554                app_util_enable_irq
 .text.app_util_critical_region_enter
                0x00002574       0x28 Output/Debug/Obj/esb_ptx_pca10040e_mbr/app_util_platform.o
                0x00002574                app_util_critical_region_enter
 .text.app_util_critical_region_exit
                0x0000259c       0x2c Output/Debug/Obj/esb_ptx_pca10040e_mbr/app_util_platform.o
                0x0000259c                app_util_critical_region_exit
 .text.privilege_level_get
                0x000025c8       0x3a Output/Debug/Obj/esb_ptx_pca10040e_mbr/app_util_platform.o
                0x000025c8                privilege_level_get
 .text.assert_nrf_callback
                0x00002602       0x2c Output/Debug/Obj/esb_ptx_pca10040e_mbr/nrf_assert.o
                0x00002602                assert_nrf_callback
 .text.nrf_atomic_u32_fetch_store
                0x0000262e       0x2c Output/Debug/Obj/esb_ptx_pca10040e_mbr/nrf_atomic.o
                0x0000262e                nrf_atomic_u32_fetch_store
 .text.nrf_atomic_u32_or
                0x0000265a       0x2e Output/Debug/Obj/esb_ptx_pca10040e_mbr/nrf_atomic.o
                0x0000265a                nrf_atomic_u32_or
 .text.nrf_atomic_u32_fetch_and
                0x00002688       0x2e Output/Debug/Obj/esb_ptx_pca10040e_mbr/nrf_atomic.o
                0x00002688                nrf_atomic_u32_fetch_and
 .text.nrf_atomic_u32_add
                0x000026b6       0x2e Output/Debug/Obj/esb_ptx_pca10040e_mbr/nrf_atomic.o
                0x000026b6                nrf_atomic_u32_add
 .text.nrf_atomic_u32_sub
                0x000026e4       0x2e Output/Debug/Obj/esb_ptx_pca10040e_mbr/nrf_atomic.o
                0x000026e4                nrf_atomic_u32_sub
 .text.nrf_atomic_flag_set
                0x00002712       0x18 Output/Debug/Obj/esb_ptx_pca10040e_mbr/nrf_atomic.o
                0x00002712                nrf_atomic_flag_set
 .text.nrf_atomic_flag_clear_fetch
                0x0000272a       0x18 Output/Debug/Obj/esb_ptx_pca10040e_mbr/nrf_atomic.o
                0x0000272a                nrf_atomic_flag_clear_fetch
 *fill*         0x00002742        0x2 
 .text.nrf_balloc_idx2block
                0x00002744       0x38 Output/Debug/Obj/esb_ptx_pca10040e_mbr/nrf_balloc.o
 .text.nrf_balloc_block2idx
                0x0000277c       0x34 Output/Debug/Obj/esb_ptx_pca10040e_mbr/nrf_balloc.o
 .text.nrf_balloc_init
                0x000027b0       0xb8 Output/Debug/Obj/esb_ptx_pca10040e_mbr/nrf_balloc.o
                0x000027b0                nrf_balloc_init
 .text.nrf_balloc_alloc
                0x00002868       0x84 Output/Debug/Obj/esb_ptx_pca10040e_mbr/nrf_balloc.o
                0x00002868                nrf_balloc_alloc
 .text.nrf_balloc_free
                0x000028ec       0x58 Output/Debug/Obj/esb_ptx_pca10040e_mbr/nrf_balloc.o
                0x000028ec                nrf_balloc_free
 .text.nrf_fprintf_buffer_flush
                0x00002944       0x44 Output/Debug/Obj/esb_ptx_pca10040e_mbr/nrf_fprintf.o
                0x00002944                nrf_fprintf_buffer_flush
 .text.nrf_fprintf
                0x00002988       0x74 Output/Debug/Obj/esb_ptx_pca10040e_mbr/nrf_fprintf.o
                0x00002988                nrf_fprintf
 .text.buffer_add
                0x000029fc       0x4c Output/Debug/Obj/esb_ptx_pca10040e_mbr/nrf_fprintf_format.o
 .text.string_print
                0x00002a48       0xc2 Output/Debug/Obj/esb_ptx_pca10040e_mbr/nrf_fprintf_format.o
 *fill*         0x00002b0a        0x2 
 .text.unsigned_print
                0x00002b0c      0x130 Output/Debug/Obj/esb_ptx_pca10040e_mbr/nrf_fprintf_format.o
 .text.int_print
                0x00002c3c      0x11c Output/Debug/Obj/esb_ptx_pca10040e_mbr/nrf_fprintf_format.o
 .text.nrf_fprintf_fmt
                0x00002d58      0x388 Output/Debug/Obj/esb_ptx_pca10040e_mbr/nrf_fprintf_format.o
                0x00002d58                nrf_fprintf_fmt
 .text.nrf_memobj_pool_init
                0x000030e0       0x16 Output/Debug/Obj/esb_ptx_pca10040e_mbr/nrf_memobj.o
                0x000030e0                nrf_memobj_pool_init
 .text.nrf_memobj_alloc
                0x000030f6       0xae Output/Debug/Obj/esb_ptx_pca10040e_mbr/nrf_memobj.o
                0x000030f6                nrf_memobj_alloc
 .text.nrf_memobj_free
                0x000031a4       0x74 Output/Debug/Obj/esb_ptx_pca10040e_mbr/nrf_memobj.o
                0x000031a4                nrf_memobj_free
 .text.nrf_memobj_get
                0x00003218       0x1e Output/Debug/Obj/esb_ptx_pca10040e_mbr/nrf_memobj.o
                0x00003218                nrf_memobj_get
 .text.nrf_memobj_put
                0x00003236       0x34 Output/Debug/Obj/esb_ptx_pca10040e_mbr/nrf_memobj.o
                0x00003236                nrf_memobj_put
 *fill*         0x0000326a        0x2 
 .text.memobj_op
                0x0000326c      0x124 Output/Debug/Obj/esb_ptx_pca10040e_mbr/nrf_memobj.o
 .text.nrf_memobj_write
                0x00003390       0x3c Output/Debug/Obj/esb_ptx_pca10040e_mbr/nrf_memobj.o
                0x00003390                nrf_memobj_write
 .text.nrf_memobj_read
                0x000033cc       0x40 Output/Debug/Obj/esb_ptx_pca10040e_mbr/nrf_memobj.o
                0x000033cc                nrf_memobj_read
 .text.nrf_ringbuf_init
                0x0000340c       0x3a Output/Debug/Obj/esb_ptx_pca10040e_mbr/nrf_ringbuf.o
                0x0000340c                nrf_ringbuf_init
 *fill*         0x00003446        0x2 
 .text.nrf_strerror_get
                0x00003448       0x28 Output/Debug/Obj/esb_ptx_pca10040e_mbr/nrf_strerror.o
                0x00003448                nrf_strerror_get
 .text.nrf_strerror_find
                0x00003470       0x68 Output/Debug/Obj/esb_ptx_pca10040e_mbr/nrf_strerror.o
                0x00003470                nrf_strerror_find
 .text.nrfx_coredep_delay_us
                0x000034d8       0x30 Output/Debug/Obj/esb_ptx_pca10040e_mbr/nrf_log_backend_rtt.o
 .text.nrf_delay_ms
                0x00003508       0x2a Output/Debug/Obj/esb_ptx_pca10040e_mbr/nrf_log_backend_rtt.o
 .text.nrf_log_backend_rtt_init
                0x00003532        0xa Output/Debug/Obj/esb_ptx_pca10040e_mbr/nrf_log_backend_rtt.o
                0x00003532                nrf_log_backend_rtt_init
 .text.serial_tx
                0x0000353c       0x84 Output/Debug/Obj/esb_ptx_pca10040e_mbr/nrf_log_backend_rtt.o
 .text.nrf_log_backend_rtt_put
                0x000035c0       0x28 Output/Debug/Obj/esb_ptx_pca10040e_mbr/nrf_log_backend_rtt.o
 .text.nrf_log_backend_rtt_flush
                0x000035e8        0xa Output/Debug/Obj/esb_ptx_pca10040e_mbr/nrf_log_backend_rtt.o
 .text.nrf_log_backend_rtt_panic_set
                0x000035f2        0xa Output/Debug/Obj/esb_ptx_pca10040e_mbr/nrf_log_backend_rtt.o
 .text.nrf_log_backend_serial_put
                0x000035fc      0x124 Output/Debug/Obj/esb_ptx_pca10040e_mbr/nrf_log_backend_serial.o
                0x000035fc                nrf_log_backend_serial_put
 .text.nrf_log_backend_enable
                0x00003720       0x12 Output/Debug/Obj/esb_ptx_pca10040e_mbr/nrf_log_default_backends.o
 *fill*         0x00003732        0x2 
 .text.nrf_log_default_backends_init
                0x00003734       0x3c Output/Debug/Obj/esb_ptx_pca10040e_mbr/nrf_log_default_backends.o
                0x00003734                nrf_log_default_backends_init
 .text.nrf_log_backend_put
                0x00003770       0x1c Output/Debug/Obj/esb_ptx_pca10040e_mbr/nrf_log_frontend.o
 .text.nrf_log_backend_panic_set
                0x0000378c       0x18 Output/Debug/Obj/esb_ptx_pca10040e_mbr/nrf_log_frontend.o
 .text.nrf_log_backend_flush
                0x000037a4       0x18 Output/Debug/Obj/esb_ptx_pca10040e_mbr/nrf_log_frontend.o
 .text.nrf_log_backend_id_set
                0x000037bc       0x1a Output/Debug/Obj/esb_ptx_pca10040e_mbr/nrf_log_frontend.o
 .text.nrf_log_backend_id_get
                0x000037d6       0x10 Output/Debug/Obj/esb_ptx_pca10040e_mbr/nrf_log_frontend.o
 .text.nrf_log_backend_enable
                0x000037e6       0x12 Output/Debug/Obj/esb_ptx_pca10040e_mbr/nrf_log_frontend.o
 .text.nrf_log_backend_is_enabled
                0x000037f8       0x10 Output/Debug/Obj/esb_ptx_pca10040e_mbr/nrf_log_frontend.o
 .text.nrf_log_init
                0x00003808       0x50 Output/Debug/Obj/esb_ptx_pca10040e_mbr/nrf_log_frontend.o
                0x00003808                nrf_log_init
 .text.nrf_log_module_cnt_get
                0x00003858       0x14 Output/Debug/Obj/esb_ptx_pca10040e_mbr/nrf_log_frontend.o
                0x00003858                nrf_log_module_cnt_get
 .text.module_idx_get
                0x0000386c       0x64 Output/Debug/Obj/esb_ptx_pca10040e_mbr/nrf_log_frontend.o
 .text.nrf_log_module_name_get
                0x000038d0       0x40 Output/Debug/Obj/esb_ptx_pca10040e_mbr/nrf_log_frontend.o
                0x000038d0                nrf_log_module_name_get
 .text.nrf_log_color_id_get
                0x00003910       0x70 Output/Debug/Obj/esb_ptx_pca10040e_mbr/nrf_log_frontend.o
                0x00003910                nrf_log_color_id_get
 .text.invalid_packets_omit
                0x00003980       0x6e Output/Debug/Obj/esb_ptx_pca10040e_mbr/nrf_log_frontend.o
 *fill*         0x000039ee        0x2 
 .text.log_skip
                0x000039f0      0x118 Output/Debug/Obj/esb_ptx_pca10040e_mbr/nrf_log_frontend.o
 .text.dropped_sat16_get
                0x00003b08       0x28 Output/Debug/Obj/esb_ptx_pca10040e_mbr/nrf_log_frontend.o
 .text.std_header_set
                0x00003b30       0xb4 Output/Debug/Obj/esb_ptx_pca10040e_mbr/nrf_log_frontend.o
 .text.log_pending_hook
                0x00003be4        0x4 Output/Debug/Obj/esb_ptx_pca10040e_mbr/nrf_log_frontend.o
                0x00003be4                log_pending_hook
 .text.buf_prealloc
                0x00003be8      0x128 Output/Debug/Obj/esb_ptx_pca10040e_mbr/nrf_log_frontend.o
 .text.std_n    0x00003d10       0x94 Output/Debug/Obj/esb_ptx_pca10040e_mbr/nrf_log_frontend.o
 .text.nrf_log_frontend_std_0
                0x00003da4       0x1c Output/Debug/Obj/esb_ptx_pca10040e_mbr/nrf_log_frontend.o
                0x00003da4                nrf_log_frontend_std_0
 .text.nrf_log_frontend_std_1
                0x00003dc0       0x22 Output/Debug/Obj/esb_ptx_pca10040e_mbr/nrf_log_frontend.o
                0x00003dc0                nrf_log_frontend_std_1
 .text.nrf_log_frontend_std_2
                0x00003de2       0x28 Output/Debug/Obj/esb_ptx_pca10040e_mbr/nrf_log_frontend.o
                0x00003de2                nrf_log_frontend_std_2
 .text.nrf_log_frontend_std_5
                0x00003e0a       0x34 Output/Debug/Obj/esb_ptx_pca10040e_mbr/nrf_log_frontend.o
                0x00003e0a                nrf_log_frontend_std_5
 *fill*         0x00003e3e        0x2 
 .text.buffer_is_empty
                0x00003e40       0x1c Output/Debug/Obj/esb_ptx_pca10040e_mbr/nrf_log_frontend.o
                0x00003e40                buffer_is_empty
 .text.nrf_log_frontend_dequeue
                0x00003e5c      0x3a0 Output/Debug/Obj/esb_ptx_pca10040e_mbr/nrf_log_frontend.o
                0x00003e5c                nrf_log_frontend_dequeue
 .text.backend_id_assign
                0x000041fc       0x68 Output/Debug/Obj/esb_ptx_pca10040e_mbr/nrf_log_frontend.o
 .text.nrf_log_backend_add
                0x00004264       0x70 Output/Debug/Obj/esb_ptx_pca10040e_mbr/nrf_log_frontend.o
                0x00004264                nrf_log_backend_add
 .text.nrf_log_panic
                0x000042d4       0x3c Output/Debug/Obj/esb_ptx_pca10040e_mbr/nrf_log_frontend.o
                0x000042d4                nrf_log_panic
 .text.timestamp_print
                0x00004310        0xc Output/Debug/Obj/esb_ptx_pca10040e_mbr/nrf_log_str_formatter.o
 .text.prefix_process
                0x0000431c       0xb0 Output/Debug/Obj/esb_ptx_pca10040e_mbr/nrf_log_str_formatter.o
 .text.postfix_process
                0x000043cc       0x60 Output/Debug/Obj/esb_ptx_pca10040e_mbr/nrf_log_str_formatter.o
 .text.nrf_log_std_entry_process
                0x0000442c      0x144 Output/Debug/Obj/esb_ptx_pca10040e_mbr/nrf_log_str_formatter.o
                0x0000442c                nrf_log_std_entry_process
 .text.nrf_log_hexdump_entry_process
                0x00004570       0xf0 Output/Debug/Obj/esb_ptx_pca10040e_mbr/nrf_log_str_formatter.o
                0x00004570                nrf_log_hexdump_entry_process
 .text.__NVIC_EnableIRQ
                0x00004660       0x34 Output/Debug/Obj/esb_ptx_pca10040e_mbr/nrf_esb.o
 .text.__NVIC_DisableIRQ
                0x00004694       0x44 Output/Debug/Obj/esb_ptx_pca10040e_mbr/nrf_esb.o
 .text.__NVIC_SetPendingIRQ
                0x000046d8       0x38 Output/Debug/Obj/esb_ptx_pca10040e_mbr/nrf_esb.o
 .text.__NVIC_ClearPendingIRQ
                0x00004710       0x38 Output/Debug/Obj/esb_ptx_pca10040e_mbr/nrf_esb.o
 .text.__NVIC_SetPriority
                0x00004748       0x50 Output/Debug/Obj/esb_ptx_pca10040e_mbr/nrf_esb.o
 .text.bytewise_bit_swap
                0x00004798       0x24 Output/Debug/Obj/esb_ptx_pca10040e_mbr/nrf_esb.o
 .text.addr_conv
                0x000047bc       0x1c Output/Debug/Obj/esb_ptx_pca10040e_mbr/nrf_esb.o
 .text.update_rf_payload_format_esb_dpl
                0x000047d8       0x34 Output/Debug/Obj/esb_ptx_pca10040e_mbr/nrf_esb.o
 .text.update_rf_payload_format_esb
                0x0000480c       0x3c Output/Debug/Obj/esb_ptx_pca10040e_mbr/nrf_esb.o
 .text.update_radio_addresses
                0x00004848       0x80 Output/Debug/Obj/esb_ptx_pca10040e_mbr/nrf_esb.o
 .text.update_radio_tx_power
                0x000048c8       0x18 Output/Debug/Obj/esb_ptx_pca10040e_mbr/nrf_esb.o
 .text.update_radio_bitrate
                0x000048e0       0x78 Output/Debug/Obj/esb_ptx_pca10040e_mbr/nrf_esb.o
 .text.update_radio_protocol
                0x00004958       0x38 Output/Debug/Obj/esb_ptx_pca10040e_mbr/nrf_esb.o
 .text.update_radio_crc
                0x00004990       0x70 Output/Debug/Obj/esb_ptx_pca10040e_mbr/nrf_esb.o
 .text.update_radio_parameters
                0x00004a00       0x7c Output/Debug/Obj/esb_ptx_pca10040e_mbr/nrf_esb.o
 .text.reset_fifos
                0x00004a7c       0x30 Output/Debug/Obj/esb_ptx_pca10040e_mbr/nrf_esb.o
 .text.initialize_fifos
                0x00004aac       0xf4 Output/Debug/Obj/esb_ptx_pca10040e_mbr/nrf_esb.o
 .text.nrf_esb_skip_tx
                0x00004ba0       0x60 Output/Debug/Obj/esb_ptx_pca10040e_mbr/nrf_esb.o
                0x00004ba0                nrf_esb_skip_tx
 .text.rx_fifo_push_rfbuf
                0x00004c00      0x120 Output/Debug/Obj/esb_ptx_pca10040e_mbr/nrf_esb.o
 .text.sys_timer_init
                0x00004d20       0x24 Output/Debug/Obj/esb_ptx_pca10040e_mbr/nrf_esb.o
 .text.ppi_init
                0x00004d44       0x68 Output/Debug/Obj/esb_ptx_pca10040e_mbr/nrf_esb.o
 .text.start_tx_transaction
                0x00004dac      0x1f8 Output/Debug/Obj/esb_ptx_pca10040e_mbr/nrf_esb.o
 .text.on_radio_disabled_tx_noack
                0x00004fa4       0x44 Output/Debug/Obj/esb_ptx_pca10040e_mbr/nrf_esb.o
 .text.on_radio_disabled_tx
                0x00004fe8       0xac Output/Debug/Obj/esb_ptx_pca10040e_mbr/nrf_esb.o
 .text.on_radio_disabled_tx_wait_for_ack
                0x00005094      0x190 Output/Debug/Obj/esb_ptx_pca10040e_mbr/nrf_esb.o
 .text.nrf_esb_get_clear_interrupts
                0x00005224       0x50 Output/Debug/Obj/esb_ptx_pca10040e_mbr/nrf_esb.o
 .text.RADIO_IRQHandler
                0x00005274       0x90 Output/Debug/Obj/esb_ptx_pca10040e_mbr/nrf_esb.o
                0x00005274                RADIO_IRQHandler
 .text.nrf_esb_init
                0x00005304       0xfc Output/Debug/Obj/esb_ptx_pca10040e_mbr/nrf_esb.o
                0x00005304                nrf_esb_init
 .text.nrf_esb_disable
                0x00005400       0x5c Output/Debug/Obj/esb_ptx_pca10040e_mbr/nrf_esb.o
                0x00005400                nrf_esb_disable
 .text.SWI0_EGU0_IRQHandler
                0x0000545c       0x80 Output/Debug/Obj/esb_ptx_pca10040e_mbr/nrf_esb.o
                0x0000545c                SWI0_EGU0_IRQHandler
 .text.find_free_payload_cont
                0x000054dc       0x4c Output/Debug/Obj/esb_ptx_pca10040e_mbr/nrf_esb.o
 .text.nrf_esb_write_payload
                0x00005528      0x1d0 Output/Debug/Obj/esb_ptx_pca10040e_mbr/nrf_esb.o
                0x00005528                nrf_esb_write_payload
 .text.nrf_esb_read_rx_payload
                0x000056f8       0xdc Output/Debug/Obj/esb_ptx_pca10040e_mbr/nrf_esb.o
                0x000056f8                nrf_esb_read_rx_payload
 .text.nrf_esb_flush_tx
                0x000057d4       0x40 Output/Debug/Obj/esb_ptx_pca10040e_mbr/nrf_esb.o
                0x000057d4                nrf_esb_flush_tx
 .text.nrf_esb_set_base_address_0
                0x00005814       0x40 Output/Debug/Obj/esb_ptx_pca10040e_mbr/nrf_esb.o
                0x00005814                nrf_esb_set_base_address_0
 .text.nrf_esb_set_base_address_1
                0x00005854       0x40 Output/Debug/Obj/esb_ptx_pca10040e_mbr/nrf_esb.o
                0x00005854                nrf_esb_set_base_address_1
 .text.nrf_esb_set_prefixes
                0x00005894       0x78 Output/Debug/Obj/esb_ptx_pca10040e_mbr/nrf_esb.o
                0x00005894                nrf_esb_set_prefixes
 .text.nrf_esb_set_tx_power
                0x0000590c       0x44 Output/Debug/Obj/esb_ptx_pca10040e_mbr/nrf_esb.o
                0x0000590c                nrf_esb_set_tx_power
 .text._DoInit  0x00005950       0x9c Output/Debug/Obj/esb_ptx_pca10040e_mbr/SEGGER_RTT.o
 .text._WriteBlocking
                0x000059ec       0xb2 Output/Debug/Obj/esb_ptx_pca10040e_mbr/SEGGER_RTT.o
 .text._WriteNoCheck
                0x00005a9e       0x7e Output/Debug/Obj/esb_ptx_pca10040e_mbr/SEGGER_RTT.o
 .text._GetAvailWriteSpace
                0x00005b1c       0x3c Output/Debug/Obj/esb_ptx_pca10040e_mbr/SEGGER_RTT.o
 .text.SEGGER_RTT_WriteNoLock
                0x00005b58       0xa0 Output/Debug/Obj/esb_ptx_pca10040e_mbr/SEGGER_RTT.o
                0x00005b58                SEGGER_RTT_WriteNoLock
 .text.SEGGER_RTT_Init
                0x00005bf8        0xa Output/Debug/Obj/esb_ptx_pca10040e_mbr/SEGGER_RTT.o
                0x00005bf8                SEGGER_RTT_Init
 .text.libc.__SEGGER_RTL_init_heap
                0x00005c02       0x16 C:/Program Files/SEGGER/SEGGER Embedded Studio 8.24/lib/heapops_basic_v7em_t_le_eabi_balanced.a(heapops_basic.o)
                0x00005c02                __SEGGER_RTL_init_heap
 .text.libc.strlen
                0x00005c18       0x2a C:/Program Files/SEGGER/SEGGER Embedded Studio 8.24/lib/strops_unaligned_v7em_t_le_eabi_balanced.a(strops.o)
                0x00005c18                strlen
 *fill*         0x00005c42        0x2 
 .text.libc.memcpy
                0x00005c44       0x5c C:/Program Files/SEGGER/SEGGER Embedded Studio 8.24/lib/strops_unaligned_v7em_t_le_eabi_balanced.a(strasmops_arm.o)
                0x00005c44                __aeabi_memcpy
                0x00005c44                memcpy
                0x00005c62                __aeabi_memcpy8
                0x00005c62                __aeabi_memcpy4
 .text.libc.__aeabi_memclr
                0x00005ca0       0x68 C:/Program Files/SEGGER/SEGGER Embedded Studio 8.24/lib/strops_unaligned_v7em_t_le_eabi_balanced.a(strasmops_arm.o)
                0x00005ca0                __aeabi_memclr8
                0x00005ca0                __aeabi_memclr
                0x00005ca0                __aeabi_memclr4
                0x00005ca2                __aeabi_memset4
                0x00005ca2                __aeabi_memset8
                0x00005ca2                __aeabi_memset
                0x00005ca8                memset
 .text.libc.__SEGGER_RTL_ascii_mbtowc
                0x00005d08       0x32 C:/Program Files/SEGGER/SEGGER Embedded Studio 8.24/lib/mbops_timeops_v7em_t_le_eabi_balanced.a(mbops.o)
                0x00005d08                __SEGGER_RTL_ascii_mbtowc
 .text.libc.__SEGGER_RTL_ascii_wctomb
                0x00005d3a        0xe C:/Program Files/SEGGER/SEGGER Embedded Studio 8.24/lib/mbops_timeops_v7em_t_le_eabi_balanced.a(mbops.o)
                0x00005d3a                __SEGGER_RTL_ascii_wctomb
 .text.libc.isprint
                0x00005d48       0x20 C:/Program Files/SEGGER/SEGGER Embedded Studio 8.24/lib/mbops_timeops_v7em_t_le_eabi_balanced.a(mbops.o)
                0x00005d48                isprint
 .text.libc.__SEGGER_RTL_ascii_isctype
                0x00005d68       0x20 C:/Program Files/SEGGER/SEGGER Embedded Studio 8.24/lib/mbops_timeops_v7em_t_le_eabi_balanced.a(mbops.o)
 .text.libc.__SEGGER_RTL_ascii_toupper
                0x00005d88        0xc C:/Program Files/SEGGER/SEGGER Embedded Studio 8.24/lib/mbops_timeops_v7em_t_le_eabi_balanced.a(mbops.o)
 .text.libc.__SEGGER_RTL_ascii_tolower
                0x00005d94        0xe C:/Program Files/SEGGER/SEGGER Embedded Studio 8.24/lib/mbops_timeops_v7em_t_le_eabi_balanced.a(mbops.o)
 .text.libc.__SEGGER_RTL_ascii_iswctype
                0x00005da2       0x20 C:/Program Files/SEGGER/SEGGER Embedded Studio 8.24/lib/mbops_timeops_v7em_t_le_eabi_balanced.a(mbops.o)
 .text.libc.__SEGGER_RTL_ascii_towupper
                0x00005dc2        0xc C:/Program Files/SEGGER/SEGGER Embedded Studio 8.24/lib/mbops_timeops_v7em_t_le_eabi_balanced.a(mbops.o)
 .text.libc.__SEGGER_RTL_ascii_towlower
                0x00005dce        0xe C:/Program Files/SEGGER/SEGGER Embedded Studio 8.24/lib/mbops_timeops_v7em_t_le_eabi_balanced.a(mbops.o)
                0x00005ddc                        __text_end__ = (__text_start__ + SIZEOF (.text))
                0x000049e0                        __text_size__ = SIZEOF (.text)
                0x00005ddc                        __text_load_end__ = __text_end__

.vfp11_veneer   0x00000000        0x0
 .vfp11_veneer  0x00000000        0x0 linker stubs

.v4_bx          0x00000000        0x0
 .v4_bx         0x00000000        0x0 linker stubs

.iplt           0x00000000        0x0
 .iplt          0x00000000        0x0 Output/Debug/Obj/esb_ptx_pca10040e_mbr/main.o
                0x00000001                        . = ASSERT (((__text_start__ == __text_end__) || ((__text_end__ - __FLASH1_segment_start__) <= __FLASH1_segment_size__)), error: .text is too large to fit in FLASH1 memory segment)
                0x00005ddc                        __log_const_data_load_start__ = ALIGN (__text_end__, 0x4)

.log_const_data
                0x00005ddc       0x20
                0x00005ddc                        __log_const_data_start__ = .
                0x00005ddc                        __start_log_const_data = __log_const_data_start__
 *(SORT_BY_NAME(.log_const_data*))
 .log_const_data_PRS
                0x00005ddc        0x8 Output/Debug/Obj/esb_ptx_pca10040e_mbr/nrfx_prs.o
                0x00005ddc                m_nrf_log_PRS_logs_data_const
 .log_const_data_UART
                0x00005de4        0x8 Output/Debug/Obj/esb_ptx_pca10040e_mbr/nrfx_uart.o
                0x00005de4                m_nrf_log_UART_logs_data_const
 .log_const_data_UARTE
                0x00005dec        0x8 Output/Debug/Obj/esb_ptx_pca10040e_mbr/nrfx_uarte.o
                0x00005dec                m_nrf_log_UARTE_logs_data_const
 .log_const_data_app
                0x00005df4        0x8 Output/Debug/Obj/esb_ptx_pca10040e_mbr/nrf_log_frontend.o
                0x00005df4                m_nrf_log_app_logs_data_const
                0x00005dfc                        __log_const_data_end__ = (__log_const_data_start__ + SIZEOF (.log_const_data))
                0x00000020                        __log_const_data_size__ = SIZEOF (.log_const_data)
                0x00005dfc                        __stop_log_const_data = __log_const_data_end__
                0x00005dfc                        __log_const_data_load_end__ = __log_const_data_end__
                0x00000001                        . = ASSERT (((__log_const_data_start__ == __log_const_data_end__) || ((__log_const_data_end__ - __FLASH1_segment_start__) <= __FLASH1_segment_size__)), error: .log_const_data is too large to fit in FLASH1 memory segment)
                0x00005dfc                        __log_backends_load_start__ = ALIGN (__log_const_data_end__, 0x4)

.log_backends   0x00005dfc       0x10
                0x00005dfc                        __log_backends_start__ = .
                0x00005dfc                        __start_log_backends = __log_backends_start__
 *(SORT_BY_NAME(.log_backends*))
 .log_backends  0x00005dfc       0x10 Output/Debug/Obj/esb_ptx_pca10040e_mbr/nrf_log_default_backends.o
                0x00005e0c                        __log_backends_end__ = (__log_backends_start__ + SIZEOF (.log_backends))
                0x00000010                        __log_backends_size__ = SIZEOF (.log_backends)
                0x00005e0c                        __stop_log_backends = __log_backends_end__
                0x00005e0c                        __log_backends_load_end__ = __log_backends_end__
                0x00000001                        . = ASSERT (((__log_backends_start__ == __log_backends_end__) || ((__log_backends_end__ - __FLASH1_segment_start__) <= __FLASH1_segment_size__)), error: .log_backends is too large to fit in FLASH1 memory segment)
                0x00005e0c                        __nrf_balloc_load_start__ = ALIGN (__log_backends_end__, 0x4)

.nrf_balloc     0x00005e0c       0x14
                0x00005e0c                        __nrf_balloc_start__ = .
                0x00005e0c                        __start_nrf_balloc = __nrf_balloc_start__
 *(.nrf_balloc*)
 .nrf_balloc    0x00005e0c       0x14 Output/Debug/Obj/esb_ptx_pca10040e_mbr/nrf_log_frontend.o
                0x00005e0c                log_mempool
                0x00005e20                        __nrf_balloc_end__ = (__nrf_balloc_start__ + SIZEOF (.nrf_balloc))
                0x00000014                        __nrf_balloc_size__ = SIZEOF (.nrf_balloc)
                0x00005e20                        __stop_nrf_balloc = __nrf_balloc_end__
                0x00005e20                        __nrf_balloc_load_end__ = __nrf_balloc_end__
                0x00000001                        . = ASSERT (((__nrf_balloc_start__ == __nrf_balloc_end__) || ((__nrf_balloc_end__ - __FLASH1_segment_start__) <= __FLASH1_segment_size__)), error: .nrf_balloc is too large to fit in FLASH1 memory segment)
                0x00005e20                        __nrf_sections_load_start__ = ALIGN (__nrf_balloc_end__, 0x4)

.nrf_sections   0x00005e20        0x0
                0x00005e20                        __nrf_sections_start__ = .
                0x00005e20                        __start_nrf_sections = __nrf_sections_start__
 *(.nrf_sections .nrf_sections.*)
                0x00005e20                        __nrf_sections_end__ = (__nrf_sections_start__ + SIZEOF (.nrf_sections))
                0x00000000                        __nrf_sections_size__ = SIZEOF (.nrf_sections)
                0x00005e20                        __nrf_sections_load_end__ = __nrf_sections_end__
                0x00000001                        . = ASSERT (((__nrf_sections_start__ == __nrf_sections_end__) || ((__nrf_sections_end__ - __FLASH1_segment_start__) <= __FLASH1_segment_size__)), error: .nrf_sections is too large to fit in FLASH1 memory segment)
                0x00005e20                        __log_dynamic_data_load_start__ = ALIGN (__nrf_sections_end__, 0x4)

.log_dynamic_data
                0x20000008        0x0 load address 0x00005e20
                0x20000008                        __log_dynamic_data_start__ = .
 *(SORT_BY_NAME(.log_dynamic_data*))
                0x20000008                        __log_dynamic_data_end__ = (__log_dynamic_data_start__ + SIZEOF (.log_dynamic_data))
                0x00000000                        __log_dynamic_data_size__ = SIZEOF (.log_dynamic_data)
                0x00005e20                        __log_dynamic_data_load_end__ = (__log_dynamic_data_load_start__ + SIZEOF (.log_dynamic_data))
                0x00000001                        . = ASSERT (((__log_dynamic_data_load_start__ == __log_dynamic_data_load_end__) || ((__log_dynamic_data_load_end__ - __FLASH1_segment_start__) <= __FLASH1_segment_size__)), error: .log_dynamic_data is too large to fit in FLASH1 memory segment)

.log_dynamic_data_run
                0x20000008        0x0
                0x20000008                        __log_dynamic_data_run_start__ = .
                0x20000008                        __start_log_dynamic_data = __log_dynamic_data_run_start__
                0x20000008                        __log_dynamic_data_run_end__ = (__log_dynamic_data_run_start__ + SIZEOF (.log_dynamic_data))
                0x00000000                        __log_dynamic_data_run_size__ = (__log_dynamic_data_run_end__ - __log_dynamic_data_run_start__)
                0x20000008                        __stop_log_dynamic_data = __log_dynamic_data_run_end__
                0x20000008                        __log_dynamic_data_run_load_end__ = __log_dynamic_data_run_end__
                0x00000001                        . = ASSERT (((__log_dynamic_data_run_start__ == __log_dynamic_data_run_end__) || ((__log_dynamic_data_run_end__ - __RAM1_segment_start__) <= __RAM1_segment_size__)), error: .log_dynamic_data_run is too large to fit in RAM1 memory segment)
                0x00005e20                        __log_filter_data_load_start__ = ALIGN ((__log_dynamic_data_load_start__ + SIZEOF (.log_dynamic_data)), 0x4)

.log_filter_data
                0x20000008        0x0 load address 0x00005e20
                0x20000008                        __log_filter_data_start__ = .
 *(SORT_BY_NAME(.log_filter_data*))
                0x20000008                        __log_filter_data_end__ = (__log_filter_data_start__ + SIZEOF (.log_filter_data))
                0x00000000                        __log_filter_data_size__ = SIZEOF (.log_filter_data)
                0x00005e20                        __log_filter_data_load_end__ = (__log_filter_data_load_start__ + SIZEOF (.log_filter_data))
                0x00000001                        . = ASSERT (((__log_filter_data_load_start__ == __log_filter_data_load_end__) || ((__log_filter_data_load_end__ - __FLASH1_segment_start__) <= __FLASH1_segment_size__)), error: .log_filter_data is too large to fit in FLASH1 memory segment)

.log_filter_data_run
                0x20000008        0x0
                0x20000008                        __log_filter_data_run_start__ = .
                0x20000008                        __start_log_filter_data = __log_filter_data_run_start__
                0x20000008                        __log_filter_data_run_end__ = (__log_filter_data_run_start__ + SIZEOF (.log_filter_data))
                0x00000000                        __log_filter_data_run_size__ = (__log_filter_data_run_end__ - __log_filter_data_run_start__)
                0x20000008                        __stop_log_filter_data = __log_filter_data_run_end__
                0x20000008                        __log_filter_data_run_load_end__ = __log_filter_data_run_end__
                0x00000001                        . = ASSERT (((__log_filter_data_run_start__ == __log_filter_data_run_end__) || ((__log_filter_data_run_end__ - __RAM1_segment_start__) <= __RAM1_segment_size__)), error: .log_filter_data_run is too large to fit in RAM1 memory segment)
                0x20000008                        __nrf_sections_run_end_load_start__ = ALIGN (__log_filter_data_run_end__, 0x4)

.nrf_sections_run_end
                0x20000008        0x0
                0x20000008                        __nrf_sections_run_end_start__ = .
                0x20000008                        __end_nrf_sections_run = __nrf_sections_run_end_start__
 *(.nrf_sections_run_end .nrf_sections_run_end.*)
                0x20000008                        __nrf_sections_run_end_end__ = (__nrf_sections_run_end_start__ + SIZEOF (.nrf_sections_run_end))
                0x00000000                        __nrf_sections_run_end_size__ = SIZEOF (.nrf_sections_run_end)
                0x20000008                        __nrf_sections_run_end_load_end__ = __nrf_sections_run_end_end__
                0x00000001                        . = ASSERT (((__nrf_sections_run_end_start__ == __nrf_sections_run_end_end__) || ((__nrf_sections_run_end_end__ - __RAM1_segment_start__) <= __RAM1_segment_size__)), error: .nrf_sections_run_end is too large to fit in RAM1 memory segment)
                0x00005e20                        __dtors_load_start__ = ALIGN ((__log_filter_data_load_start__ + SIZEOF (.log_filter_data)), 0x4)

.dtors          0x00005e20        0x0
                0x00005e20                        __dtors_start__ = .
 *(SORT_BY_NAME(.dtors.*))
 *(.dtors)
 *(.fini_array)
 *(SORT_BY_NAME(.fini_array.*))
                0x00005e20                        __dtors_end__ = (__dtors_start__ + SIZEOF (.dtors))
                0x00000000                        __dtors_size__ = SIZEOF (.dtors)
                0x00005e20                        __dtors_load_end__ = __dtors_end__
                0x00000001                        . = ASSERT (((__dtors_start__ == __dtors_end__) || ((__dtors_end__ - __FLASH1_segment_start__) <= __FLASH1_segment_size__)), error: .dtors is too large to fit in FLASH1 memory segment)
                0x00005e20                        __ctors_load_start__ = ALIGN (__dtors_end__, 0x4)

.ctors          0x00005e20        0x0
                0x00005e20                        __ctors_start__ = .
 *(SORT_BY_NAME(.ctors.*))
 *(.ctors)
 *(.init_array)
 *(SORT_BY_NAME(.init_array.*))
                0x00005e20                        __ctors_end__ = (__ctors_start__ + SIZEOF (.ctors))
                0x00000000                        __ctors_size__ = SIZEOF (.ctors)
                0x00005e20                        __ctors_load_end__ = __ctors_end__
                0x00000001                        . = ASSERT (((__ctors_start__ == __ctors_end__) || ((__ctors_end__ - __FLASH1_segment_start__) <= __FLASH1_segment_size__)), error: .ctors is too large to fit in FLASH1 memory segment)
                0x00005e20                        __rodata_load_start__ = ALIGN (__ctors_end__, 0x4)

.rodata         0x00005e20      0xd81
                0x00005e20                        __rodata_start__ = .
 *(.rodata .rodata.* .gnu.linkonce.r.* .data.rel.ro .data.rel.ro.*)
 .rodata        0x00005e20       0xf1 Output/Debug/Obj/esb_ptx_pca10040e_mbr/main.o
 *fill*         0x00005f11        0xf 
 .rodata.delay_machine_code.0
                0x00005f20        0x6 Output/Debug/Obj/esb_ptx_pca10040e_mbr/main.o
 *fill*         0x00005f26        0x2 
 .rodata        0x00005f28       0x4f Output/Debug/Obj/esb_ptx_pca10040e_mbr/nrfx_prs.o
 *fill*         0x00005f77        0x1 
 .rodata        0x00005f78       0xb0 Output/Debug/Obj/esb_ptx_pca10040e_mbr/nrfx_uart.o
 .rodata        0x00006028       0xb1 Output/Debug/Obj/esb_ptx_pca10040e_mbr/nrfx_uarte.o
 *fill*         0x000060d9        0x3 
 .rodata        0x000060dc       0x70 Output/Debug/Obj/esb_ptx_pca10040e_mbr/app_error_weak.o
 .rodata        0x0000614c       0x51 Output/Debug/Obj/esb_ptx_pca10040e_mbr/app_util_platform.o
 *fill*         0x0000619d        0x3 
 .rodata        0x000061a0       0x4c Output/Debug/Obj/esb_ptx_pca10040e_mbr/nrf_balloc.o
 .rodata        0x000061ec       0x42 Output/Debug/Obj/esb_ptx_pca10040e_mbr/nrf_fprintf.o
 *fill*         0x0000622e        0x2 
 .rodata        0x00006230       0x49 Output/Debug/Obj/esb_ptx_pca10040e_mbr/nrf_fprintf_format.o
 *fill*         0x00006279        0x3 
 .rodata._aV2C.0
                0x0000627c       0x10 Output/Debug/Obj/esb_ptx_pca10040e_mbr/nrf_fprintf_format.o
 .rodata        0x0000628c       0x4c Output/Debug/Obj/esb_ptx_pca10040e_mbr/nrf_memobj.o
 .rodata.m_unknown_str
                0x000062d8       0x13 Output/Debug/Obj/esb_ptx_pca10040e_mbr/nrf_strerror.o
 *fill*         0x000062eb        0x1 
 .rodata        0x000062ec      0x3bd Output/Debug/Obj/esb_ptx_pca10040e_mbr/nrf_strerror.o
 *fill*         0x000066a9        0x3 
 .rodata.nrf_strerror_array
                0x000066ac      0x118 Output/Debug/Obj/esb_ptx_pca10040e_mbr/nrf_strerror.o
 .rodata.nrf_log_backend_rtt_api
                0x000067c4        0xc Output/Debug/Obj/esb_ptx_pca10040e_mbr/nrf_log_backend_rtt.o
                0x000067c4                nrf_log_backend_rtt_api
 .rodata.delay_machine_code.0
                0x000067d0        0x6 Output/Debug/Obj/esb_ptx_pca10040e_mbr/nrf_log_backend_rtt.o
 *fill*         0x000067d6        0x2 
 .rodata        0x000067d8       0x6b Output/Debug/Obj/esb_ptx_pca10040e_mbr/nrf_log_default_backends.o
 *fill*         0x00006843        0x1 
 .rodata.m_log_push_ringbuf
                0x00006844        0xc Output/Debug/Obj/esb_ptx_pca10040e_mbr/nrf_log_frontend.o
 .rodata        0x00006850       0x69 Output/Debug/Obj/esb_ptx_pca10040e_mbr/nrf_log_frontend.o
 *fill*         0x000068b9        0x3 
 .rodata        0x000068bc       0xaa Output/Debug/Obj/esb_ptx_pca10040e_mbr/nrf_log_str_formatter.o
 *fill*         0x00006966        0x2 
 .rodata        0x00006968       0x17 Output/Debug/Obj/esb_ptx_pca10040e_mbr/SEGGER_RTT.o
 *fill*         0x0000697f        0x1 
 .rodata.libc.__SEGGER_RTL_c_locale
                0x00006980        0xc C:/Program Files/SEGGER/SEGGER Embedded Studio 8.24/lib/mbops_timeops_v7em_t_le_eabi_balanced.a(mbops.o)
                0x00006980                __SEGGER_RTL_c_locale
 .rodata.libc.__SEGGER_RTL_c_locale_day_names
                0x0000698c       0x3a C:/Program Files/SEGGER/SEGGER Embedded Studio 8.24/lib/mbops_timeops_v7em_t_le_eabi_balanced.a(mbops.o)
                0x0000698c                __SEGGER_RTL_c_locale_day_names
 .rodata.libc.__SEGGER_RTL_c_locale_month_names
                0x000069c6       0x57 C:/Program Files/SEGGER/SEGGER Embedded Studio 8.24/lib/mbops_timeops_v7em_t_le_eabi_balanced.a(mbops.o)
                0x000069c6                __SEGGER_RTL_c_locale_month_names
 .rodata.libc.__SEGGER_RTL_c_locale_am_pm_indicator
                0x00006a1d        0x7 C:/Program Files/SEGGER/SEGGER Embedded Studio 8.24/lib/mbops_timeops_v7em_t_le_eabi_balanced.a(mbops.o)
                0x00006a1d                __SEGGER_RTL_c_locale_am_pm_indicator
 .rodata.libc.__SEGGER_RTL_c_locale_date_format
                0x00006a24        0x9 C:/Program Files/SEGGER/SEGGER Embedded Studio 8.24/lib/mbops_timeops_v7em_t_le_eabi_balanced.a(mbops.o)
                0x00006a24                __SEGGER_RTL_c_locale_date_format
 .rodata.libc.__SEGGER_RTL_c_locale_time_format
                0x00006a2d        0x9 C:/Program Files/SEGGER/SEGGER Embedded Studio 8.24/lib/mbops_timeops_v7em_t_le_eabi_balanced.a(mbops.o)
                0x00006a2d                __SEGGER_RTL_c_locale_time_format
 .rodata.libc.__SEGGER_RTL_c_locale_date_time_format
                0x00006a36        0xf C:/Program Files/SEGGER/SEGGER Embedded Studio 8.24/lib/mbops_timeops_v7em_t_le_eabi_balanced.a(mbops.o)
                0x00006a36                __SEGGER_RTL_c_locale_date_time_format
 .rodata.libc..L.str
                0x00006a45        0x2 C:/Program Files/SEGGER/SEGGER Embedded Studio 8.24/lib/mbops_timeops_v7em_t_le_eabi_balanced.a(mbops.o)
 *fill*         0x00006a47        0x1 
 .rodata.libc.__SEGGER_RTL_codeset_ascii
                0x00006a48       0x20 C:/Program Files/SEGGER/SEGGER Embedded Studio 8.24/lib/mbops_timeops_v7em_t_le_eabi_balanced.a(mbops.o)
                0x00006a48                __SEGGER_RTL_codeset_ascii
 .rodata.libc.__SEGGER_RTL_c_locale_abbrev_day_names
                0x00006a68       0x1d C:/Program Files/SEGGER/SEGGER Embedded Studio 8.24/lib/mbops_timeops_v7em_t_le_eabi_balanced.a(mbops.o)
                0x00006a68                __SEGGER_RTL_c_locale_abbrev_day_names
 .rodata.libc.__SEGGER_RTL_c_locale_abbrev_month_names
                0x00006a85       0x31 C:/Program Files/SEGGER/SEGGER Embedded Studio 8.24/lib/mbops_timeops_v7em_t_le_eabi_balanced.a(mbops.o)
                0x00006a85                __SEGGER_RTL_c_locale_abbrev_month_names
 .rodata.libc.__SEGGER_RTL_data_utf8_period
                0x00006ab6        0x2 C:/Program Files/SEGGER/SEGGER Embedded Studio 8.24/lib/mbops_timeops_v7em_t_le_eabi_balanced.a(mbops.o)
                0x00006ab6                __SEGGER_RTL_data_utf8_period
 .rodata.libc.__SEGGER_RTL_data_empty_string
                0x00006ab8        0x1 C:/Program Files/SEGGER/SEGGER Embedded Studio 8.24/lib/mbops_timeops_v7em_t_le_eabi_balanced.a(mbops.o)
                0x00006ab8                __SEGGER_RTL_data_empty_string
 *fill*         0x00006ab9        0x3 
 .rodata.libc.__SEGGER_RTL_c_locale_data
                0x00006abc       0x58 C:/Program Files/SEGGER/SEGGER Embedded Studio 8.24/lib/mbops_timeops_v7em_t_le_eabi_balanced.a(mbops.o)
                0x00006abc                __SEGGER_RTL_c_locale_data
 .rodata.libc.__SEGGER_RTL_ascii_ctype_map
                0x00006b14       0x80 C:/Program Files/SEGGER/SEGGER Embedded Studio 8.24/lib/mbops_timeops_v7em_t_le_eabi_balanced.a(mbops.o)
 .rodata.libc.__SEGGER_RTL_ascii_ctype_mask
                0x00006b94        0xd C:/Program Files/SEGGER/SEGGER Embedded Studio 8.24/lib/mbops_timeops_v7em_t_le_eabi_balanced.a(mbops.o)
                0x00006ba1                        __rodata_end__ = (__rodata_start__ + SIZEOF (.rodata))
                0x00000d81                        __rodata_size__ = SIZEOF (.rodata)
                0x00006ba1                        __rodata_load_end__ = __rodata_end__

.rel.dyn        0x00006ba4        0x0
 .rel.iplt      0x00006ba4        0x0 Output/Debug/Obj/esb_ptx_pca10040e_mbr/main.o
                0x00000001                        . = ASSERT (((__rodata_start__ == __rodata_end__) || ((__rodata_end__ - __FLASH1_segment_start__) <= __FLASH1_segment_size__)), error: .rodata is too large to fit in FLASH1 memory segment)
                0x00006ba4                        __ARM.exidx_load_start__ = ALIGN (__rodata_end__, 0x4)

.ARM.exidx      0x00006ba4        0x0
                0x00006ba4                        __ARM.exidx_start__ = .
                0x00006ba4                        __exidx_start = __ARM.exidx_start__
 *(.ARM.exidx .ARM.exidx.*)
                0x00006ba4                        __ARM.exidx_end__ = (__ARM.exidx_start__ + SIZEOF (.ARM.exidx))
                0x00000000                        __ARM.exidx_size__ = SIZEOF (.ARM.exidx)
                0x00006ba4                        __exidx_end = __ARM.exidx_end__
                0x00006ba4                        __ARM.exidx_load_end__ = __ARM.exidx_end__
                0x00000001                        . = ASSERT (((__ARM.exidx_start__ == __ARM.exidx_end__) || ((__ARM.exidx_end__ - __FLASH1_segment_start__) <= __FLASH1_segment_size__)), error: .ARM.exidx is too large to fit in FLASH1 memory segment)
                0x00006ba4                        __fast_load_start__ = ALIGN (__ARM.exidx_end__, 0x4)

.fast           0x20000008        0x0 load address 0x00006ba4
                0x20000008                        __fast_start__ = .
 *(.fast .fast.*)
                0x20000008                        __fast_end__ = (__fast_start__ + SIZEOF (.fast))
                0x00000000                        __fast_size__ = SIZEOF (.fast)
                0x00006ba4                        __fast_load_end__ = (__fast_load_start__ + SIZEOF (.fast))
                0x00000001                        . = ASSERT (((__fast_load_start__ == __fast_load_end__) || ((__fast_load_end__ - __FLASH1_segment_start__) <= __FLASH1_segment_size__)), error: .fast is too large to fit in FLASH1 memory segment)

.fast_run       0x20000008        0x0
                0x20000008                        __fast_run_start__ = .
                0x20000008                        __fast_run_end__ = (__fast_run_start__ + SIZEOF (.fast))
                0x00000000                        __fast_run_size__ = (__fast_run_end__ - __fast_run_start__)
                0x20000008                        __fast_run_load_end__ = __fast_run_end__
                0x00000001                        . = ASSERT (((__fast_run_start__ == __fast_run_end__) || ((__fast_run_end__ - __RAM1_segment_start__) <= __RAM1_segment_size__)), error: .fast_run is too large to fit in RAM1 memory segment)
                0x00006ba4                        __data_load_start__ = ALIGN ((__fast_load_start__ + SIZEOF (.fast)), 0x4)

.data           0x20000008       0x74 load address 0x00006ba4
                0x20000008                        __data_start__ = .
 *(.data .data.* .gnu.linkonce.d.*)
 .data.SystemCoreClock
                0x20000008        0x4 Output/Debug/Obj/esb_ptx_pca10040e_mbr/system_nrf52810.o
                0x20000008                SystemCoreClock
 .data.log_backend_cb_rtt_log_backend
                0x2000000c        0x8 Output/Debug/Obj/esb_ptx_pca10040e_mbr/nrf_log_default_backends.o
 .data.m_buffer_mask
                0x20000014        0x4 Output/Debug/Obj/esb_ptx_pca10040e_mbr/nrf_log_frontend.o
 .data.severity_names
                0x20000018       0x14 Output/Debug/Obj/esb_ptx_pca10040e_mbr/nrf_log_str_formatter.o
 .data.m_colors
                0x2000002c       0x24 Output/Debug/Obj/esb_ptx_pca10040e_mbr/nrf_log_str_formatter.o
 .data.m_esb_addr
                0x20000050       0x14 Output/Debug/Obj/esb_ptx_pca10040e_mbr/nrf_esb.o
 .data.m_radio_shorts_common
                0x20000064        0x4 Output/Debug/Obj/esb_ptx_pca10040e_mbr/nrf_esb.o
 .data.libc.__SEGGER_RTL_global_locale
                0x20000068       0x14 C:/Program Files/SEGGER/SEGGER Embedded Studio 8.24/lib/mbops_timeops_v7em_t_le_eabi_balanced.a(mbops.o)
                0x20000068                __SEGGER_RTL_global_locale
                0x20000068                __RAL_global_locale
                0x2000007c                        __data_end__ = (__data_start__ + SIZEOF (.data))
                0x00000074                        __data_size__ = SIZEOF (.data)
                0x00006c18                        __data_load_end__ = (__data_load_start__ + SIZEOF (.data))

.igot.plt       0x00000000        0x0
 .igot.plt      0x00000000        0x0 Output/Debug/Obj/esb_ptx_pca10040e_mbr/main.o
                0x00000001                        . = ASSERT (((__data_load_start__ == __data_load_end__) || ((__data_load_end__ - __FLASH1_segment_start__) <= __FLASH1_segment_size__)), error: .data is too large to fit in FLASH1 memory segment)

.data_run       0x20000008        0x0
                0x20000008                        __data_run_start__ = .
                0x2000007c                        __data_run_end__ = (__data_run_start__ + SIZEOF (.data))
                0x00000074                        __data_run_size__ = (__data_run_end__ - __data_run_start__)
                0x2000007c                        __data_run_load_end__ = __data_run_end__
                0x00000001                        . = ASSERT (((__data_run_start__ == __data_run_end__) || ((__data_run_end__ - __RAM1_segment_start__) <= __RAM1_segment_size__)), error: .data_run is too large to fit in RAM1 memory segment)
                0x00006c18                        __tdata_load_start__ = ALIGN ((__data_load_start__ + SIZEOF (.data)), 0x4)

.tdata          0x2000007c        0x0 load address 0x00006c18
                0x2000007c                        __tdata_start__ = .
 *(.tdata .tdata.*)
                0x2000007c                        __tdata_end__ = (__tdata_start__ + SIZEOF (.tdata))
                0x00000000                        __tdata_size__ = SIZEOF (.tdata)
                0x00006c18                        __tdata_load_end__ = (__tdata_load_start__ + SIZEOF (.tdata))
                0x00006c18                        __FLASH1_segment_used_end__ = (ALIGN ((__data_load_start__ + SIZEOF (.data)), 0x4) + SIZEOF (.tdata))
                0x00006c18                        __FLASH1_segment_used_size__ = (__FLASH1_segment_used_end__ - __FLASH1_segment_start__)
                0x00000001                        . = ASSERT (((__tdata_load_start__ == __tdata_load_end__) || ((__tdata_load_end__ - __FLASH1_segment_start__) <= __FLASH1_segment_size__)), error: .tdata is too large to fit in FLASH1 memory segment)

.tdata_run      0x2000007c        0x0
                0x2000007c                        __tdata_run_start__ = .
                0x2000007c                        __tdata_run_end__ = (__tdata_run_start__ + SIZEOF (.tdata))
                0x00000000                        __tdata_run_size__ = (__tdata_run_end__ - __tdata_run_start__)
                0x2000007c                        __tdata_run_load_end__ = __tdata_run_end__
                0x00000001                        . = ASSERT (((__tdata_run_start__ == __tdata_run_end__) || ((__tdata_run_end__ - __RAM1_segment_start__) <= __RAM1_segment_size__)), error: .tdata_run is too large to fit in RAM1 memory segment)
                0x2000007c                        __bss_load_start__ = ALIGN (__tdata_run_end__, 0x4)

.bss            0x2000007c      0xcbc
                0x2000007c                        __bss_start__ = .
 *(.bss .bss.* .gnu.linkonce.b.*)
 .bss.g_current_state
                0x2000007c        0x1 Output/Debug/Obj/esb_ptx_pca10040e_mbr/main.o
 *fill*         0x2000007d        0x3 
 .bss.g_master_time_offset_us
                0x20000080        0x4 Output/Debug/Obj/esb_ptx_pca10040e_mbr/main.o
 .bss.g_measured_latency_us
                0x20000084        0x2 Output/Debug/Obj/esb_ptx_pca10040e_mbr/main.o
 .bss.g_ack_received
                0x20000086        0x1 Output/Debug/Obj/esb_ptx_pca10040e_mbr/main.o
 *fill*         0x20000087        0x1 
 .bss.tx_payload
                0x20000088       0x25 Output/Debug/Obj/esb_ptx_pca10040e_mbr/main.o
 *fill*         0x200000ad        0x3 
 .bss.rx_ack_payload
                0x200000b0       0x25 Output/Debug/Obj/esb_ptx_pca10040e_mbr/main.o
 *fill*         0x200000d5        0x3 
 .bss.m_prs_box_2
                0x200000d8        0x8 Output/Debug/Obj/esb_ptx_pca10040e_mbr/nrfx_prs.o
 .bss.m_error_data.0
                0x200000e0       0x20 Output/Debug/Obj/esb_ptx_pca10040e_mbr/app_error.o
 .bss.m_in_critical_region
                0x20000100        0x4 Output/Debug/Obj/esb_ptx_pca10040e_mbr/app_util_platform.o
 .bss.m_host_present
                0x20000104        0x1 Output/Debug/Obj/esb_ptx_pca10040e_mbr/nrf_log_backend_rtt.o
 *fill*         0x20000105        0x3 
 .bss.m_string_buff
                0x20000108       0x40 Output/Debug/Obj/esb_ptx_pca10040e_mbr/nrf_log_backend_rtt.o
 .bss.log_mempool_nrf_balloc_pool_stack
                0x20000148        0x8 Output/Debug/Obj/esb_ptx_pca10040e_mbr/nrf_log_frontend.o
 .bss.log_mempool_nrf_balloc_pool_mem
                0x20000150       0xc0 Output/Debug/Obj/esb_ptx_pca10040e_mbr/nrf_log_frontend.o
 .bss.log_mempool_nrf_balloc_cb
                0x20000210        0x8 Output/Debug/Obj/esb_ptx_pca10040e_mbr/nrf_log_frontend.o
 .bss.m_log_push_ringbuf_buf
                0x20000218       0x80 Output/Debug/Obj/esb_ptx_pca10040e_mbr/nrf_log_frontend.o
 .bss.m_log_push_ringbuf_cb
                0x20000298       0x18 Output/Debug/Obj/esb_ptx_pca10040e_mbr/nrf_log_frontend.o
 .bss.m_log_data
                0x200002b0      0x420 Output/Debug/Obj/esb_ptx_pca10040e_mbr/nrf_log_frontend.o
 .bss.m_esb_initialized
                0x200006d0        0x1 Output/Debug/Obj/esb_ptx_pca10040e_mbr/nrf_esb.o
 .bss.m_nrf_esb_mainstate
                0x200006d1        0x1 Output/Debug/Obj/esb_ptx_pca10040e_mbr/nrf_esb.o
 *fill*         0x200006d2        0x2 
 .bss.mp_current_payload
                0x200006d4        0x4 Output/Debug/Obj/esb_ptx_pca10040e_mbr/nrf_esb.o
 .bss.m_event_handler
                0x200006d8        0x4 Output/Debug/Obj/esb_ptx_pca10040e_mbr/nrf_esb.o
 .bss.m_config_local
                0x200006dc       0x18 Output/Debug/Obj/esb_ptx_pca10040e_mbr/nrf_esb.o
 .bss.m_tx_fifo_payload
                0x200006f4      0x128 Output/Debug/Obj/esb_ptx_pca10040e_mbr/nrf_esb.o
 .bss.m_tx_fifo
                0x2000081c       0x2c Output/Debug/Obj/esb_ptx_pca10040e_mbr/nrf_esb.o
 .bss.m_rx_fifo_payload
                0x20000848      0x128 Output/Debug/Obj/esb_ptx_pca10040e_mbr/nrf_esb.o
 .bss.m_rx_fifo
                0x20000970       0x2c Output/Debug/Obj/esb_ptx_pca10040e_mbr/nrf_esb.o
 .bss.m_tx_payload_buffer
                0x2000099c       0x22 Output/Debug/Obj/esb_ptx_pca10040e_mbr/nrf_esb.o
 *fill*         0x200009be        0x2 
 .bss.m_rx_payload_buffer
                0x200009c0       0x22 Output/Debug/Obj/esb_ptx_pca10040e_mbr/nrf_esb.o
 *fill*         0x200009e2        0x2 
 .bss.m_ack_pl_container
                0x200009e4       0x60 Output/Debug/Obj/esb_ptx_pca10040e_mbr/nrf_esb.o
                0x200009e4                m_ack_pl_container
 .bss.m_ack_pl_container_entry_point_pr_pipe
                0x20000a44       0x20 Output/Debug/Obj/esb_ptx_pca10040e_mbr/nrf_esb.o
                0x20000a44                m_ack_pl_container_entry_point_pr_pipe
 .bss.m_interrupt_flags
                0x20000a64        0x4 Output/Debug/Obj/esb_ptx_pca10040e_mbr/nrf_esb.o
 .bss.m_pids    0x20000a68        0x8 Output/Debug/Obj/esb_ptx_pca10040e_mbr/nrf_esb.o
 .bss.m_rx_pipe_info
                0x20000a70       0x20 Output/Debug/Obj/esb_ptx_pca10040e_mbr/nrf_esb.o
 .bss.m_retransmits_remaining
                0x20000a90        0x4 Output/Debug/Obj/esb_ptx_pca10040e_mbr/nrf_esb.o
 .bss.m_last_tx_attempts
                0x20000a94        0x4 Output/Debug/Obj/esb_ptx_pca10040e_mbr/nrf_esb.o
 .bss.m_wait_for_ack_timeout_us
                0x20000a98        0x4 Output/Debug/Obj/esb_ptx_pca10040e_mbr/nrf_esb.o
 .bss.on_radio_disabled
                0x20000a9c        0x4 Output/Debug/Obj/esb_ptx_pca10040e_mbr/nrf_esb.o
 .bss.on_radio_end
                0x20000aa0        0x4 Output/Debug/Obj/esb_ptx_pca10040e_mbr/nrf_esb.o
 .bss.update_rf_payload_format
                0x20000aa4        0x4 Output/Debug/Obj/esb_ptx_pca10040e_mbr/nrf_esb.o
 .bss._SEGGER_RTT
                0x20000aa8       0x78 Output/Debug/Obj/esb_ptx_pca10040e_mbr/SEGGER_RTT.o
                0x20000aa8                _SEGGER_RTT
 .bss._acUpBuffer
                0x20000b20      0x200 Output/Debug/Obj/esb_ptx_pca10040e_mbr/SEGGER_RTT.o
 .bss._acDownBuffer
                0x20000d20       0x10 Output/Debug/Obj/esb_ptx_pca10040e_mbr/SEGGER_RTT.o
 .bss.libc.__SEGGER_RTL_heap_globals.0
                0x20000d30        0x4 C:/Program Files/SEGGER/SEGGER Embedded Studio 8.24/lib/heapops_basic_v7em_t_le_eabi_balanced.a(heapops_basic.o)
 .bss.libc.__SEGGER_RTL_locale_ptr
                0x20000d34        0x4 C:/Program Files/SEGGER/SEGGER Embedded Studio 8.24/lib/mbops_timeops_v7em_t_le_eabi_balanced.a(mbops.o)
                0x20000d34                __SEGGER_RTL_locale_ptr
 *(COMMON)
                0x20000d38                        __bss_end__ = (__bss_start__ + SIZEOF (.bss))
                0x00000cbc                        __bss_size__ = SIZEOF (.bss)
                0x20000d38                        __bss_load_end__ = __bss_end__
                0x00000001                        . = ASSERT (((__bss_start__ == __bss_end__) || ((__bss_end__ - __RAM1_segment_start__) <= __RAM1_segment_size__)), error: .bss is too large to fit in RAM1 memory segment)
                0x20000d38                        __tbss_load_start__ = ALIGN (__bss_end__, 0x4)

.tbss           0x20000d38        0x0
                0x20000d38                        __tbss_start__ = .
 *(.tbss .tbss.*)
                0x20000d38                        __tbss_end__ = (__tbss_start__ + SIZEOF (.tbss))
                0x00000000                        __tbss_size__ = SIZEOF (.tbss)
                0x20000d38                        __tbss_load_end__ = __tbss_end__
                0x00000001                        . = ASSERT (((__tbss_start__ == __tbss_end__) || ((__tbss_end__ - __RAM1_segment_start__) <= __RAM1_segment_size__)), error: .tbss is too large to fit in RAM1 memory segment)
                0x20000d38                        __non_init_load_start__ = ALIGN (__tbss_end__, 0x4)

.non_init       0x20000d38        0x0
                0x20000d38                        __non_init_start__ = .
 *(.non_init .non_init.*)
                0x20000d38                        __non_init_end__ = (__non_init_start__ + SIZEOF (.non_init))
                0x00000000                        __non_init_size__ = SIZEOF (.non_init)
                0x20000d38                        __non_init_load_end__ = __non_init_end__
                0x00000001                        . = ASSERT (((__non_init_start__ == __non_init_end__) || ((__non_init_end__ - __RAM1_segment_start__) <= __RAM1_segment_size__)), error: .non_init is too large to fit in RAM1 memory segment)
                0x20000d38                        __heap_load_start__ = ALIGN (__non_init_end__, 0x4)

.heap           0x20000d38      0x800
                0x20000d38                        __heap_start__ = .
 *(.heap .heap.*)
                0x20001538                        . = ALIGN (MAX ((__heap_start__ + __HEAPSIZE__), .), 0x4)
 *fill*         0x20000d38      0x800 
                0x20001538                        __heap_end__ = (__heap_start__ + SIZEOF (.heap))
                0x00000800                        __heap_size__ = SIZEOF (.heap)
                0x20001538                        __heap_load_end__ = __heap_end__
                0x00000001                        . = ASSERT (((__heap_start__ == __heap_end__) || ((__heap_end__ - __RAM1_segment_start__) <= __RAM1_segment_size__)), error: .heap is too large to fit in RAM1 memory segment)
                0x00000001                        . = ASSERT ((__HEAPSIZE__ == ALIGN (__HEAPSIZE__, 0x4)), error: .heap section size does not match alignment)
                0x00000001                        . = ASSERT ((__heap_size__ <= __HEAPSIZE__), error: .heap section is larger than specified size)
                0x20005800                        __stack_load_start__ = (__RAM1_segment_start__ + (__RAM1_segment_size__ - 0x800))

.stack          0x20005800      0x800
                0x20005800                        __stack_start__ = .
                0x20005800                        __StackLimit = __stack_start__
 *(.stack .stack.*)
                0x20006000                        . = ALIGN (MAX ((__stack_start__ + __STACKSIZE__), .), 0x8)
 *fill*         0x20005800      0x800 
                0x20006000                        __stack_end__ = (__stack_start__ + SIZEOF (.stack))
                0x00000800                        __stack_size__ = SIZEOF (.stack)
                0x20006000                        __StackTop = __stack_end__
                0x20006000                        __stack_load_end__ = __stack_end__
                0x00000001                        . = ASSERT (((__stack_start__ == __stack_end__) || ((__stack_end__ - __RAM1_segment_start__) <= __RAM1_segment_size__)), error: .stack is too large to fit in RAM1 memory segment)
                0x00000001                        . = ASSERT ((__heap_end__ <= __stack_start__), error: section .heap overlaps absolute placed section .stack)
                0x00000001                        . = ASSERT ((__STACKSIZE__ == ALIGN (__STACKSIZE__, 0x8)), error: .stack section size does not match alignment)
                0x00000001                        . = ASSERT ((__stack_size__ <= __STACKSIZE__), error: .stack section is larger than specified size)
                0x20006000                        __stack_process_load_start__ = ALIGN (__stack_end__, 0x8)

.stack_process  0x20006000        0x0
                0x20006000                        __stack_process_start__ = .
 *(.stack_process .stack_process.*)
                0x20006000                        . = ALIGN (MAX ((__stack_process_start__ + __STACKSIZE_PROCESS__), .), 0x8)
                0x20006000                        __stack_process_end__ = (__stack_process_start__ + SIZEOF (.stack_process))
                0x00000000                        __stack_process_size__ = SIZEOF (.stack_process)
                0x20006000                        __stack_process_load_end__ = __stack_process_end__
                0x20006000                        __RAM1_segment_used_end__ = (ALIGN (__stack_end__, 0x8) + SIZEOF (.stack_process))
                0x00006000                        __RAM1_segment_used_size__ = (__RAM1_segment_used_end__ - __RAM1_segment_start__)
                0x00000001                        . = ASSERT (((__stack_process_start__ == __stack_process_end__) || ((__stack_process_end__ - __RAM1_segment_start__) <= __RAM1_segment_size__)), error: .stack_process is too large to fit in RAM1 memory segment)
                0x00000001                        . = ASSERT ((__STACKSIZE_PROCESS__ == ALIGN (__STACKSIZE_PROCESS__, 0x8)), error: .stack_process section size does not match alignment)
                0x00000001                        . = ASSERT ((__stack_process_size__ <= __STACKSIZE_PROCESS__), error: .stack_process section is larger than specified size)
                0x00000800                        __STACKSIZE__ = 0x800
                0x00000000                        __STACKSIZE_PROCESS__ = 0x0
                0x00000800                        __HEAPSIZE__ = 0x800
                0x00000000                        __SEGGER_RTL_vfprintf = __SEGGER_RTL_vfprintf_long
                0x00000000                        __SEGGER_RTL_vfscanf = __SEGGER_RTL_vfscanf_long
START GROUP
LOAD Output/Debug/Obj/esb_ptx_pca10040e_mbr/main.o
LOAD Output/Debug/Obj/esb_ptx_pca10040e_mbr/boards.o
LOAD Output/Debug/Obj/esb_ptx_pca10040e_mbr/ses_startup_nrf52810.o
LOAD Output/Debug/Obj/esb_ptx_pca10040e_mbr/ses_startup_nrf_common.o
LOAD Output/Debug/Obj/esb_ptx_pca10040e_mbr/system_nrf52810.o
LOAD Output/Debug/Obj/esb_ptx_pca10040e_mbr/nrf_drv_uart.o
LOAD Output/Debug/Obj/esb_ptx_pca10040e_mbr/nrfx_atomic.o
LOAD Output/Debug/Obj/esb_ptx_pca10040e_mbr/nrfx_prs.o
LOAD Output/Debug/Obj/esb_ptx_pca10040e_mbr/nrfx_uart.o
LOAD Output/Debug/Obj/esb_ptx_pca10040e_mbr/nrfx_uarte.o
LOAD Output/Debug/Obj/esb_ptx_pca10040e_mbr/app_error.o
LOAD Output/Debug/Obj/esb_ptx_pca10040e_mbr/app_error_handler_gcc.o
LOAD Output/Debug/Obj/esb_ptx_pca10040e_mbr/app_error_weak.o
LOAD Output/Debug/Obj/esb_ptx_pca10040e_mbr/app_util_platform.o
LOAD Output/Debug/Obj/esb_ptx_pca10040e_mbr/nrf_assert.o
LOAD Output/Debug/Obj/esb_ptx_pca10040e_mbr/nrf_atomic.o
LOAD Output/Debug/Obj/esb_ptx_pca10040e_mbr/nrf_balloc.o
LOAD Output/Debug/Obj/esb_ptx_pca10040e_mbr/nrf_fprintf.o
LOAD Output/Debug/Obj/esb_ptx_pca10040e_mbr/nrf_fprintf_format.o
LOAD Output/Debug/Obj/esb_ptx_pca10040e_mbr/nrf_memobj.o
LOAD Output/Debug/Obj/esb_ptx_pca10040e_mbr/nrf_ringbuf.o
LOAD Output/Debug/Obj/esb_ptx_pca10040e_mbr/nrf_strerror.o
LOAD Output/Debug/Obj/esb_ptx_pca10040e_mbr/nrf_log_backend_rtt.o
LOAD Output/Debug/Obj/esb_ptx_pca10040e_mbr/nrf_log_backend_serial.o
LOAD Output/Debug/Obj/esb_ptx_pca10040e_mbr/nrf_log_backend_uart.o
LOAD Output/Debug/Obj/esb_ptx_pca10040e_mbr/nrf_log_default_backends.o
LOAD Output/Debug/Obj/esb_ptx_pca10040e_mbr/nrf_log_frontend.o
LOAD Output/Debug/Obj/esb_ptx_pca10040e_mbr/nrf_log_str_formatter.o
LOAD Output/Debug/Obj/esb_ptx_pca10040e_mbr/nrf_esb.o
LOAD Output/Debug/Obj/esb_ptx_pca10040e_mbr/SEGGER_RTT.o
LOAD Output/Debug/Obj/esb_ptx_pca10040e_mbr/SEGGER_RTT_printf.o
LOAD Output/Debug/Obj/esb_ptx_pca10040e_mbr/thumb_crt0.o
LOAD C:/Program Files/SEGGER/SEGGER Embedded Studio 8.24/lib/libc_v7em_t_le_eabi_balanced.a
LOAD C:/Program Files/SEGGER/SEGGER Embedded Studio 8.24/lib/heapops_basic_v7em_t_le_eabi_balanced.a
LOAD C:/Program Files/SEGGER/SEGGER Embedded Studio 8.24/lib/heapops_disable_interrupts_locking_v7em_t_le_eabi_balanced.a
LOAD C:/Program Files/SEGGER/SEGGER Embedded Studio 8.24/lib/strops_unaligned_v7em_t_le_eabi_balanced.a
LOAD C:/Program Files/SEGGER/SEGGER Embedded Studio 8.24/lib/mbops_timeops_v7em_t_le_eabi_balanced.a
END GROUP
OUTPUT(C:/Nrf_sdk/nRF5_SDK_17.1.0_ddde560/examples/Angulator firmware/ESB_TX/pca10040e/mbr/ses/Output/Debug/Exe/esb_ptx_pca10040e_mbr.elf elf32-littlearm)
LOAD linker stubs

.debug_info     0x00000000    0x14663
 .debug_info    0x00000000     0x1381 Output/Debug/Obj/esb_ptx_pca10040e_mbr/main.o
 .debug_info    0x00001381       0x23 Output/Debug/Obj/esb_ptx_pca10040e_mbr/ses_startup_nrf52810.o
 .debug_info    0x000013a4       0x23 Output/Debug/Obj/esb_ptx_pca10040e_mbr/ses_startup_nrf_common.o
 .debug_info    0x000013c7     0x42af Output/Debug/Obj/esb_ptx_pca10040e_mbr/system_nrf52810.o
 .debug_info    0x00005676      0x94c Output/Debug/Obj/esb_ptx_pca10040e_mbr/nrfx_prs.o
 .debug_info    0x00005fc2     0x2022 Output/Debug/Obj/esb_ptx_pca10040e_mbr/nrfx_uart.o
 .debug_info    0x00007fe4     0x2149 Output/Debug/Obj/esb_ptx_pca10040e_mbr/nrfx_uarte.o
 .debug_info    0x0000a12d      0x289 Output/Debug/Obj/esb_ptx_pca10040e_mbr/app_error.o
 .debug_info    0x0000a3b6      0x2c2 Output/Debug/Obj/esb_ptx_pca10040e_mbr/app_error_handler_gcc.o
 .debug_info    0x0000a678      0x567 Output/Debug/Obj/esb_ptx_pca10040e_mbr/app_error_weak.o
 .debug_info    0x0000abdf      0x713 Output/Debug/Obj/esb_ptx_pca10040e_mbr/app_util_platform.o
 .debug_info    0x0000b2f2      0x135 Output/Debug/Obj/esb_ptx_pca10040e_mbr/nrf_assert.o
 .debug_info    0x0000b427      0xa34 Output/Debug/Obj/esb_ptx_pca10040e_mbr/nrf_atomic.o
 .debug_info    0x0000be5b      0x4dc Output/Debug/Obj/esb_ptx_pca10040e_mbr/nrf_balloc.o
 .debug_info    0x0000c337      0x403 Output/Debug/Obj/esb_ptx_pca10040e_mbr/nrf_fprintf.o
 .debug_info    0x0000c73a      0x684 Output/Debug/Obj/esb_ptx_pca10040e_mbr/nrf_fprintf_format.o
 .debug_info    0x0000cdbe      0x924 Output/Debug/Obj/esb_ptx_pca10040e_mbr/nrf_memobj.o
 .debug_info    0x0000d6e2      0x6d2 Output/Debug/Obj/esb_ptx_pca10040e_mbr/nrf_ringbuf.o
 .debug_info    0x0000ddb4      0x38a Output/Debug/Obj/esb_ptx_pca10040e_mbr/nrf_strerror.o
 .debug_info    0x0000e13e      0x63c Output/Debug/Obj/esb_ptx_pca10040e_mbr/nrf_log_backend_rtt.o
 .debug_info    0x0000e77a      0x8a7 Output/Debug/Obj/esb_ptx_pca10040e_mbr/nrf_log_backend_serial.o
 .debug_info    0x0000f021      0x4a4 Output/Debug/Obj/esb_ptx_pca10040e_mbr/nrf_log_default_backends.o
 .debug_info    0x0000f4c5     0x1c14 Output/Debug/Obj/esb_ptx_pca10040e_mbr/nrf_log_frontend.o
 .debug_info    0x000110d9      0x6cd Output/Debug/Obj/esb_ptx_pca10040e_mbr/nrf_log_str_formatter.o
 .debug_info    0x000117a6     0x2058 Output/Debug/Obj/esb_ptx_pca10040e_mbr/nrf_esb.o
 .debug_info    0x000137fe      0xe43 Output/Debug/Obj/esb_ptx_pca10040e_mbr/SEGGER_RTT.o
 .debug_info    0x00014641       0x22 Output/Debug/Obj/esb_ptx_pca10040e_mbr/thumb_crt0.o

.debug_abbrev   0x00000000     0x3a6f
 .debug_abbrev  0x00000000      0x3f6 Output/Debug/Obj/esb_ptx_pca10040e_mbr/main.o
 .debug_abbrev  0x000003f6       0x14 Output/Debug/Obj/esb_ptx_pca10040e_mbr/ses_startup_nrf52810.o
 .debug_abbrev  0x0000040a       0x14 Output/Debug/Obj/esb_ptx_pca10040e_mbr/ses_startup_nrf_common.o
 .debug_abbrev  0x0000041e      0x29c Output/Debug/Obj/esb_ptx_pca10040e_mbr/system_nrf52810.o
 .debug_abbrev  0x000006ba      0x276 Output/Debug/Obj/esb_ptx_pca10040e_mbr/nrfx_prs.o
 .debug_abbrev  0x00000930      0x3f4 Output/Debug/Obj/esb_ptx_pca10040e_mbr/nrfx_uart.o
 .debug_abbrev  0x00000d24      0x3bc Output/Debug/Obj/esb_ptx_pca10040e_mbr/nrfx_uarte.o
 .debug_abbrev  0x000010e0      0x13f Output/Debug/Obj/esb_ptx_pca10040e_mbr/app_error.o
 .debug_abbrev  0x0000121f      0x141 Output/Debug/Obj/esb_ptx_pca10040e_mbr/app_error_handler_gcc.o
 .debug_abbrev  0x00001360      0x244 Output/Debug/Obj/esb_ptx_pca10040e_mbr/app_error_weak.o
 .debug_abbrev  0x000015a4      0x275 Output/Debug/Obj/esb_ptx_pca10040e_mbr/app_util_platform.o
 .debug_abbrev  0x00001819       0xd6 Output/Debug/Obj/esb_ptx_pca10040e_mbr/nrf_assert.o
 .debug_abbrev  0x000018ef      0x19f Output/Debug/Obj/esb_ptx_pca10040e_mbr/nrf_atomic.o
 .debug_abbrev  0x00001a8e      0x1f4 Output/Debug/Obj/esb_ptx_pca10040e_mbr/nrf_balloc.o
 .debug_abbrev  0x00001c82      0x199 Output/Debug/Obj/esb_ptx_pca10040e_mbr/nrf_fprintf.o
 .debug_abbrev  0x00001e1b      0x25a Output/Debug/Obj/esb_ptx_pca10040e_mbr/nrf_fprintf_format.o
 .debug_abbrev  0x00002075      0x22e Output/Debug/Obj/esb_ptx_pca10040e_mbr/nrf_memobj.o
 .debug_abbrev  0x000022a3      0x1ba Output/Debug/Obj/esb_ptx_pca10040e_mbr/nrf_ringbuf.o
 .debug_abbrev  0x0000245d      0x171 Output/Debug/Obj/esb_ptx_pca10040e_mbr/nrf_strerror.o
 .debug_abbrev  0x000025ce      0x245 Output/Debug/Obj/esb_ptx_pca10040e_mbr/nrf_log_backend_rtt.o
 .debug_abbrev  0x00002813      0x22c Output/Debug/Obj/esb_ptx_pca10040e_mbr/nrf_log_backend_serial.o
 .debug_abbrev  0x00002a3f      0x1dd Output/Debug/Obj/esb_ptx_pca10040e_mbr/nrf_log_default_backends.o
 .debug_abbrev  0x00002c1c      0x4fb Output/Debug/Obj/esb_ptx_pca10040e_mbr/nrf_log_frontend.o
 .debug_abbrev  0x00003117      0x23f Output/Debug/Obj/esb_ptx_pca10040e_mbr/nrf_log_str_formatter.o
 .debug_abbrev  0x00003356      0x4c2 Output/Debug/Obj/esb_ptx_pca10040e_mbr/nrf_esb.o
 .debug_abbrev  0x00003818      0x245 Output/Debug/Obj/esb_ptx_pca10040e_mbr/SEGGER_RTT.o
 .debug_abbrev  0x00003a5d       0x12 Output/Debug/Obj/esb_ptx_pca10040e_mbr/thumb_crt0.o

.debug_pubnames
                0x00000000     0x702a
 .debug_pubnames
                0x00000000      0x8d4 Output/Debug/Obj/esb_ptx_pca10040e_mbr/main.o
 .debug_pubnames
                0x000008d4     0x1ecb Output/Debug/Obj/esb_ptx_pca10040e_mbr/system_nrf52810.o
 .debug_pubnames
                0x0000279f      0x1c2 Output/Debug/Obj/esb_ptx_pca10040e_mbr/nrfx_prs.o
 .debug_pubnames
                0x00002961      0xb4f Output/Debug/Obj/esb_ptx_pca10040e_mbr/nrfx_uart.o
 .debug_pubnames
                0x000034b0      0xd00 Output/Debug/Obj/esb_ptx_pca10040e_mbr/nrfx_uarte.o
 .debug_pubnames
                0x000041b0       0x88 Output/Debug/Obj/esb_ptx_pca10040e_mbr/app_error.o
 .debug_pubnames
                0x00004238       0x6a Output/Debug/Obj/esb_ptx_pca10040e_mbr/app_error_handler_gcc.o
 .debug_pubnames
                0x000042a2      0x1d7 Output/Debug/Obj/esb_ptx_pca10040e_mbr/app_error_weak.o
 .debug_pubnames
                0x00004479      0x23b Output/Debug/Obj/esb_ptx_pca10040e_mbr/app_util_platform.o
 .debug_pubnames
                0x000046b4       0x46 Output/Debug/Obj/esb_ptx_pca10040e_mbr/nrf_assert.o
 .debug_pubnames
                0x000046fa      0x259 Output/Debug/Obj/esb_ptx_pca10040e_mbr/nrf_atomic.o
 .debug_pubnames
                0x00004953      0x1a9 Output/Debug/Obj/esb_ptx_pca10040e_mbr/nrf_balloc.o
 .debug_pubnames
                0x00004afc       0x91 Output/Debug/Obj/esb_ptx_pca10040e_mbr/nrf_fprintf.o
 .debug_pubnames
                0x00004b8d       0xcd Output/Debug/Obj/esb_ptx_pca10040e_mbr/nrf_fprintf_format.o
 .debug_pubnames
                0x00004c5a      0x165 Output/Debug/Obj/esb_ptx_pca10040e_mbr/nrf_memobj.o
 .debug_pubnames
                0x00004dbf      0x14b Output/Debug/Obj/esb_ptx_pca10040e_mbr/nrf_ringbuf.o
 .debug_pubnames
                0x00004f0a       0x8c Output/Debug/Obj/esb_ptx_pca10040e_mbr/nrf_strerror.o
 .debug_pubnames
                0x00004f96      0x19e Output/Debug/Obj/esb_ptx_pca10040e_mbr/nrf_log_backend_rtt.o
 .debug_pubnames
                0x00005134       0xd1 Output/Debug/Obj/esb_ptx_pca10040e_mbr/nrf_log_backend_serial.o
 .debug_pubnames
                0x00005205      0x19e Output/Debug/Obj/esb_ptx_pca10040e_mbr/nrf_log_default_backends.o
 .debug_pubnames
                0x000053a3      0x7d4 Output/Debug/Obj/esb_ptx_pca10040e_mbr/nrf_log_frontend.o
 .debug_pubnames
                0x00005b77      0x251 Output/Debug/Obj/esb_ptx_pca10040e_mbr/nrf_log_str_formatter.o
 .debug_pubnames
                0x00005dc8      0xe44 Output/Debug/Obj/esb_ptx_pca10040e_mbr/nrf_esb.o
 .debug_pubnames
                0x00006c0c      0x41e Output/Debug/Obj/esb_ptx_pca10040e_mbr/SEGGER_RTT.o

.debug_pubtypes
                0x00000000     0x3ce7
 .debug_pubtypes
                0x00000000      0x403 Output/Debug/Obj/esb_ptx_pca10040e_mbr/main.o
 .debug_pubtypes
                0x00000403      0x1d8 Output/Debug/Obj/esb_ptx_pca10040e_mbr/system_nrf52810.o
 .debug_pubtypes
                0x000005db      0x2a2 Output/Debug/Obj/esb_ptx_pca10040e_mbr/nrfx_prs.o
 .debug_pubtypes
                0x0000087d      0x478 Output/Debug/Obj/esb_ptx_pca10040e_mbr/nrfx_uart.o
 .debug_pubtypes
                0x00000cf5      0x4ad Output/Debug/Obj/esb_ptx_pca10040e_mbr/nrfx_uarte.o
 .debug_pubtypes
                0x000011a2      0x120 Output/Debug/Obj/esb_ptx_pca10040e_mbr/app_error.o
 .debug_pubtypes
                0x000012c2      0x1d3 Output/Debug/Obj/esb_ptx_pca10040e_mbr/app_error_handler_gcc.o
 .debug_pubtypes
                0x00001495      0x24a Output/Debug/Obj/esb_ptx_pca10040e_mbr/app_error_weak.o
 .debug_pubtypes
                0x000016df      0x126 Output/Debug/Obj/esb_ptx_pca10040e_mbr/app_util_platform.o
 .debug_pubtypes
                0x00001805      0x103 Output/Debug/Obj/esb_ptx_pca10040e_mbr/nrf_assert.o
 .debug_pubtypes
                0x00001908      0x1ed Output/Debug/Obj/esb_ptx_pca10040e_mbr/nrf_atomic.o
 .debug_pubtypes
                0x00001af5      0x210 Output/Debug/Obj/esb_ptx_pca10040e_mbr/nrf_balloc.o
 .debug_pubtypes
                0x00001d05      0x241 Output/Debug/Obj/esb_ptx_pca10040e_mbr/nrf_fprintf.o
 .debug_pubtypes
                0x00001f46      0x24d Output/Debug/Obj/esb_ptx_pca10040e_mbr/nrf_fprintf_format.o
 .debug_pubtypes
                0x00002193      0x2d9 Output/Debug/Obj/esb_ptx_pca10040e_mbr/nrf_memobj.o
 .debug_pubtypes
                0x0000246c      0x232 Output/Debug/Obj/esb_ptx_pca10040e_mbr/nrf_ringbuf.o
 .debug_pubtypes
                0x0000269e      0x1df Output/Debug/Obj/esb_ptx_pca10040e_mbr/nrf_strerror.o
 .debug_pubtypes
                0x0000287d      0x281 Output/Debug/Obj/esb_ptx_pca10040e_mbr/nrf_log_backend_rtt.o
 .debug_pubtypes
                0x00002afe      0x36d Output/Debug/Obj/esb_ptx_pca10040e_mbr/nrf_log_backend_serial.o
 .debug_pubtypes
                0x00002e6b      0x282 Output/Debug/Obj/esb_ptx_pca10040e_mbr/nrf_log_default_backends.o
 .debug_pubtypes
                0x000030ed      0x43a Output/Debug/Obj/esb_ptx_pca10040e_mbr/nrf_log_frontend.o
 .debug_pubtypes
                0x00003527      0x267 Output/Debug/Obj/esb_ptx_pca10040e_mbr/nrf_log_str_formatter.o
 .debug_pubtypes
                0x0000378e      0x431 Output/Debug/Obj/esb_ptx_pca10040e_mbr/nrf_esb.o
 .debug_pubtypes
                0x00003bbf      0x128 Output/Debug/Obj/esb_ptx_pca10040e_mbr/SEGGER_RTT.o

.debug_aranges  0x00000000     0x1a00
 .debug_aranges
                0x00000000       0x88 Output/Debug/Obj/esb_ptx_pca10040e_mbr/main.o
 .debug_aranges
                0x00000088       0x20 Output/Debug/Obj/esb_ptx_pca10040e_mbr/ses_startup_nrf52810.o
 .debug_aranges
                0x000000a8       0x20 Output/Debug/Obj/esb_ptx_pca10040e_mbr/ses_startup_nrf_common.o
 .debug_aranges
                0x000000c8      0xc30 Output/Debug/Obj/esb_ptx_pca10040e_mbr/system_nrf52810.o
 .debug_aranges
                0x00000cf8       0x40 Output/Debug/Obj/esb_ptx_pca10040e_mbr/nrfx_prs.o
 .debug_aranges
                0x00000d38      0x1f8 Output/Debug/Obj/esb_ptx_pca10040e_mbr/nrfx_uart.o
 .debug_aranges
                0x00000f30      0x1e8 Output/Debug/Obj/esb_ptx_pca10040e_mbr/nrfx_uarte.o
 .debug_aranges
                0x00001118       0x28 Output/Debug/Obj/esb_ptx_pca10040e_mbr/app_error.o
 .debug_aranges
                0x00001140       0x28 Output/Debug/Obj/esb_ptx_pca10040e_mbr/app_error_handler_gcc.o
 .debug_aranges
                0x00001168       0x28 Output/Debug/Obj/esb_ptx_pca10040e_mbr/app_error_weak.o
 .debug_aranges
                0x00001190       0x50 Output/Debug/Obj/esb_ptx_pca10040e_mbr/app_util_platform.o
 .debug_aranges
                0x000011e0       0x20 Output/Debug/Obj/esb_ptx_pca10040e_mbr/nrf_assert.o
 .debug_aranges
                0x00001200       0xc0 Output/Debug/Obj/esb_ptx_pca10040e_mbr/nrf_atomic.o
 .debug_aranges
                0x000012c0       0x48 Output/Debug/Obj/esb_ptx_pca10040e_mbr/nrf_balloc.o
 .debug_aranges
                0x00001308       0x30 Output/Debug/Obj/esb_ptx_pca10040e_mbr/nrf_fprintf.o
 .debug_aranges
                0x00001338       0x48 Output/Debug/Obj/esb_ptx_pca10040e_mbr/nrf_fprintf_format.o
 .debug_aranges
                0x00001380       0x60 Output/Debug/Obj/esb_ptx_pca10040e_mbr/nrf_memobj.o
 .debug_aranges
                0x000013e0       0x58 Output/Debug/Obj/esb_ptx_pca10040e_mbr/nrf_ringbuf.o
 .debug_aranges
                0x00001438       0x30 Output/Debug/Obj/esb_ptx_pca10040e_mbr/nrf_strerror.o
 .debug_aranges
                0x00001468       0x58 Output/Debug/Obj/esb_ptx_pca10040e_mbr/nrf_log_backend_rtt.o
 .debug_aranges
                0x000014c0       0x28 Output/Debug/Obj/esb_ptx_pca10040e_mbr/nrf_log_backend_serial.o
 .debug_aranges
                0x000014e8       0x30 Output/Debug/Obj/esb_ptx_pca10040e_mbr/nrf_log_default_backends.o
 .debug_aranges
                0x00001518      0x150 Output/Debug/Obj/esb_ptx_pca10040e_mbr/nrf_log_frontend.o
 .debug_aranges
                0x00001668       0x50 Output/Debug/Obj/esb_ptx_pca10040e_mbr/nrf_log_str_formatter.o
 .debug_aranges
                0x000016b8      0x1e8 Output/Debug/Obj/esb_ptx_pca10040e_mbr/nrf_esb.o
 .debug_aranges
                0x000018a0      0x108 Output/Debug/Obj/esb_ptx_pca10040e_mbr/SEGGER_RTT.o
 .debug_aranges
                0x000019a8       0x58 Output/Debug/Obj/esb_ptx_pca10040e_mbr/thumb_crt0.o

.debug_ranges   0x00000000     0x1850
 .debug_ranges  0x00000000       0x78 Output/Debug/Obj/esb_ptx_pca10040e_mbr/main.o
 .debug_ranges  0x00000078      0xc20 Output/Debug/Obj/esb_ptx_pca10040e_mbr/system_nrf52810.o
 .debug_ranges  0x00000c98       0x30 Output/Debug/Obj/esb_ptx_pca10040e_mbr/nrfx_prs.o
 .debug_ranges  0x00000cc8      0x1e8 Output/Debug/Obj/esb_ptx_pca10040e_mbr/nrfx_uart.o