Archive member included to satisfy reference by file (symbol)

C:/Program Files/SEGGER/SEGGER Embedded Studio 8.24/lib/libc_v7em_fpv4_sp_d16_hard_t_le_eabi_balanced.a(__SEGGER_RTL_vfprintf_long.o)
                              (__SEGGER_RTL_vfprintf_long)
C:/Program Files/SEGGER/SEGGER Embedded Studio 8.24/lib/libc_v7em_fpv4_sp_d16_hard_t_le_eabi_balanced.a(__SEGGER_RTL_vfscanf_long.o)
                              (__SEGGER_RTL_vfscanf_long)
C:/Program Files/SEGGER/SEGGER Embedded Studio 8.24/lib/libc_v7em_fpv4_sp_d16_hard_t_le_eabi_balanced.a(utilops.o)
                              C:/Program Files/SEGGER/SEGGER Embedded Studio 8.24/lib/libc_v7em_fpv4_sp_d16_hard_t_le_eabi_balanced.a(__SEGGER_RTL_vfscanf_long.o) (__SEGGER_RTL_digit)
C:/Program Files/SEGGER/SEGGER Embedded Studio 8.24/lib/libc_v7em_fpv4_sp_d16_hard_t_le_eabi_balanced.a(floatasmops_arm.o)
                              C:/Program Files/SEGGER/SEGGER Embedded Studio 8.24/lib/libc_v7em_fpv4_sp_d16_hard_t_le_eabi_balanced.a(utilops.o) (__aeabi_dmul)
C:/Program Files/SEGGER/SEGGER Embedded Studio 8.24/lib/libc_v7em_fpv4_sp_d16_hard_t_le_eabi_balanced.a(intasmops_arm.o)
                              C:/Program Files/SEGGER/SEGGER Embedded Studio 8.24/lib/libc_v7em_fpv4_sp_d16_hard_t_le_eabi_balanced.a(__SEGGER_RTL_vfprintf_long.o) (__aeabi_uldivmod)
C:/Program Files/SEGGER/SEGGER Embedded Studio 8.24/lib/libc_v7em_fpv4_sp_d16_hard_t_le_eabi_balanced.a(prinops.o)
                              C:/Program Files/SEGGER/SEGGER Embedded Studio 8.24/lib/libc_v7em_fpv4_sp_d16_hard_t_le_eabi_balanced.a(__SEGGER_RTL_vfprintf_long.o) (__SEGGER_RTL_putc)
C:/Program Files/SEGGER/SEGGER Embedded Studio 8.24/lib/libc_v7em_fpv4_sp_d16_hard_t_le_eabi_balanced.a(fileops.o)
                              C:/Program Files/SEGGER/SEGGER Embedded Studio 8.24/lib/libc_v7em_fpv4_sp_d16_hard_t_le_eabi_balanced.a(prinops.o) (fwrite)
C:/Program Files/SEGGER/SEGGER Embedded Studio 8.24/lib/libc_v7em_fpv4_sp_d16_hard_t_le_eabi_balanced.a(errno.o)
                              C:/Program Files/SEGGER/SEGGER Embedded Studio 8.24/lib/libc_v7em_fpv4_sp_d16_hard_t_le_eabi_balanced.a(fileops.o) (__aeabi_errno_addr)
C:/Program Files/SEGGER/SEGGER Embedded Studio 8.24/lib/heapops_basic_v7em_fpv4_sp_d16_hard_t_le_eabi_balanced.a(heapops_basic.o)
                              Output/Debug/Obj/esb_prx_pca10040/thumb_crt0.o (__SEGGER_RTL_init_heap)
C:/Program Files/SEGGER/SEGGER Embedded Studio 8.24/lib/heapops_disable_interrupts_locking_v7em_fpv4_sp_d16_hard_t_le_eabi_balanced.a(heapops.o)
                              C:/Program Files/SEGGER/SEGGER Embedded Studio 8.24/lib/libc_v7em_fpv4_sp_d16_hard_t_le_eabi_balanced.a(prinops.o) (free)
C:/Program Files/SEGGER/SEGGER Embedded Studio 8.24/lib/strops_unaligned_v7em_fpv4_sp_d16_hard_t_le_eabi_balanced.a(strops.o)
                              Output/Debug/Obj/esb_prx_pca10040/nrf_fprintf_format.o (strlen)
C:/Program Files/SEGGER/SEGGER Embedded Studio 8.24/lib/strops_unaligned_v7em_fpv4_sp_d16_hard_t_le_eabi_balanced.a(strasmops_arm.o)
                              C:/Program Files/SEGGER/SEGGER Embedded Studio 8.24/lib/strops_unaligned_v7em_fpv4_sp_d16_hard_t_le_eabi_balanced.a(strops.o) (strcmp)
C:/Program Files/SEGGER/SEGGER Embedded Studio 8.24/lib/mbops_timeops_v7em_fpv4_sp_d16_hard_t_le_eabi_balanced.a(mbops.o)
                              C:/Program Files/SEGGER/SEGGER Embedded Studio 8.24/lib/libc_v7em_fpv4_sp_d16_hard_t_le_eabi_balanced.a(prinops.o) (__SEGGER_RTL_current_locale)
C:/Program Files/SEGGER/SEGGER Embedded Studio 8.24/lib/mbops_timeops_v7em_fpv4_sp_d16_hard_t_le_eabi_balanced.a(timeops.o)
                              C:/Program Files/SEGGER/SEGGER Embedded Studio 8.24/lib/mbops_timeops_v7em_fpv4_sp_d16_hard_t_le_eabi_balanced.a(mbops.o) (__SEGGER_RTL_string_list_encode)
C:/Program Files/SEGGER/SEGGER Embedded Studio 8.24/lib/libc_v7em_fpv4_sp_d16_hard_t_le_eabi_balanced.a(execops.o)
                              C:/Program Files/SEGGER/SEGGER Embedded Studio 8.24/lib/strops_unaligned_v7em_fpv4_sp_d16_hard_t_le_eabi_balanced.a(strops.o) (__SEGGER_RTL_constraint_violation)
C:/Program Files/SEGGER/SEGGER Embedded Studio 8.24/lib/libc_v7em_fpv4_sp_d16_hard_t_le_eabi_balanced.a(execops_arm.o)
                              C:/Program Files/SEGGER/SEGGER Embedded Studio 8.24/lib/libc_v7em_fpv4_sp_d16_hard_t_le_eabi_balanced.a(execops.o) (__aeabi_SIGABRT)
C:/Program Files/SEGGER/SEGGER Embedded Studio 8.24/lib/libc_v7em_fpv4_sp_d16_hard_t_le_eabi_balanced.a(intops.o)
                              C:/Program Files/SEGGER/SEGGER Embedded Studio 8.24/lib/mbops_timeops_v7em_fpv4_sp_d16_hard_t_le_eabi_balanced.a(timeops.o) (div)
C:/Program Files/SEGGER/SEGGER Embedded Studio 8.24/lib/libc_v7em_fpv4_sp_d16_hard_t_le_eabi_balanced.a(sortops.o)
                              C:/Program Files/SEGGER/SEGGER Embedded Studio 8.24/lib/mbops_timeops_v7em_fpv4_sp_d16_hard_t_le_eabi_balanced.a(mbops.o) (bsearch)
[...]
Memory Configuration

Name             Origin             Length             Attributes
UNPLACED_SECTIONS 0x00000000         0x00000000         xw
RAM1             0x20000000         0x00010000         xw
FLASH1           0x00000000         0x00080000         xw
*default*        0x00000000         0xffffffff

Linker script and memory map

                0x20000000                        __RAM1_segment_start__ = 0x20000000
                0x20010000                        __RAM1_segment_end__ = 0x20010000
                0x00010000                        __RAM1_segment_size__ = 0x10000
                0x00000000                        __FLASH1_segment_start__ = 0x0
                0x00080000                        __FLASH1_segment_end__ = 0x80000
                0x00080000                        __FLASH1_segment_size__ = 0x80000
                0x00002000                        __HEAPSIZE__ = 0x2000
                0x00000000                        __SEGGER_RTL_vfprintf = __SEGGER_RTL_vfprintf_long
                0x00000000                        __SEGGER_RTL_vfscanf = __SEGGER_RTL_vfscanf_long
                0x00000000                        __STACKSIZE_PROCESS__ = 0x0
                0x00002000                        __STACKSIZE__ = 0x2000
                0x20000000                        __vectors_ram_load_start__ = 0x20000000

.vectors_ram    0x20000000        0x0
                0x20000000                        __vectors_ram_start__ = .
                0x20000000                        __app_ram_start__ = __vectors_ram_start__
 *(.vectors_ram .vectors_ram.*)
                0x20000000                        __vectors_ram_end__ = (__vectors_ram_start__ + SIZEOF (.vectors_ram))
                0x00000000                        __vectors_ram_size__ = SIZEOF (.vectors_ram)
                0x20000000                        __vectors_ram_load_end__ = __vectors_ram_end__
                0x00000001                        . = ASSERT (((__vectors_ram_start__ == __vectors_ram_end__) || ((__vectors_ram_end__ - __RAM1_segment_start__) <= __RAM1_segment_size__)), error: .vectors_ram is too large to fit in RAM1 memory segment)
                0x20000000                        __nrf_sections_run_load_start__ = ALIGN (__vectors_ram_end__, 0x4)

.nrf_sections_run
                0x20000000        0x0
                0x20000000                        __nrf_sections_run_start__ = .
                0x20000000                        __start_nrf_sections_run = __nrf_sections_run_start__
 *(.nrf_sections_run .nrf_sections_run.*)
                0x20000000                        __nrf_sections_run_end__ = (__nrf_sections_run_start__ + SIZEOF (.nrf_sections_run))
                0x00000000                        __nrf_sections_run_size__ = SIZEOF (.nrf_sections_run)
                0x20000000                        __nrf_sections_run_load_end__ = __nrf_sections_run_end__
                0x00000001                        . = ASSERT (((__nrf_sections_run_start__ == __nrf_sections_run_end__) || ((__nrf_sections_run_end__ - __RAM1_segment_start__) <= __RAM1_segment_size__)), error: .nrf_sections_run is too large to fit in RAM1 memory segment)
                0x00000000                        __vectors_load_start__ = 0x0

.vectors        0x00000000      0x200
                0x00000000                        __vectors_start__ = .
 *(.vectors .vectors.*)
 .vectors       0x00000000      0x200 Output/Debug/Obj/esb_prx_pca10040/ses_startup_nrf52.o
                0x00000000                _vectors
                0x00000200                        __vectors_end__ = (__vectors_start__ + SIZEOF (.vectors))
                0x00000200                        __vectors_size__ = SIZEOF (.vectors)
                0x00000200                        __vectors_load_end__ = __vectors_end__
                0x00000001                        . = ASSERT (((__vectors_start__ == __vectors_end__) || ((__vectors_end__ - __FLASH1_segment_start__) <= __FLASH1_segment_size__)), error: .vectors is too large to fit in FLASH1 memory segment)
                0x00000200                        __init_load_start__ = ALIGN (__vectors_end__, 0x4)

.init           0x00000200      0x1e0
                0x00000200                        __init_start__ = .
 *(.init .init.*)
 .init          0x00000200       0x18 Output/Debug/Obj/esb_prx_pca10040/ses_startup_nrf52.o
                0x00000200                NMI_Handler
                0x00000202                HardFault_Handler
                0x00000204                MemoryManagement_Handler
                0x00000206                BusFault_Handler
                0x00000208                UsageFault_Handler
                0x0000020a                SVC_Handler
                0x0000020c                DebugMon_Handler
                0x0000020e                PendSV_Handler
                0x00000210                SysTick_Handler
                0x00000212                PWM1_IRQHandler
                0x00000212                SWI2_EGU2_IRQHandler
                0x00000212                POWER_CLOCK_IRQHandler
                0x00000212                GPIOTE_IRQHandler
                0x00000212                TEMP_IRQHandler
                0x00000212                QDEC_IRQHandler
                0x00000212                RTC0_IRQHandler
                0x00000212                SPIM0_SPIS0_TWIM0_TWIS0_SPI0_TWI0_IRQHandler
                0x00000212                PDM_IRQHandler
                0x00000212                TIMER4_IRQHandler
                0x00000212                I2S_IRQHandler
                0x00000212                SWI4_EGU4_IRQHandler
                0x00000212                TIMER0_IRQHandler
                0x00000212                Dummy_Handler
                0x00000212                TIMER1_IRQHandler
                0x00000212                PWM2_IRQHandler
                0x00000212                ECB_IRQHandler
                0x00000212                SPIM1_SPIS1_TWIM1_TWIS1_SPI1_TWI1_IRQHandler
                0x00000212                SAADC_IRQHandler
                0x00000212                CCM_AAR_IRQHandler
                0x00000212                WDT_IRQHandler
                0x00000212                FPU_IRQHandler
                0x00000212                SWI5_EGU5_IRQHandler
                0x00000212                RNG_IRQHandler
                0x00000212                RTC2_IRQHandler
                0x00000212                PWM0_IRQHandler
                0x00000212                SWI3_EGU3_IRQHandler
                0x00000212                RTC1_IRQHandler
                0x00000212                SWI1_EGU1_IRQHandler
                0x00000212                SPIM2_SPIS2_SPI2_IRQHandler
                0x00000212                NFCT_IRQHandler
                0x00000212                TIMER2_IRQHandler
                0x00000212                MWU_IRQHandler
                0x00000212                COMP_LPCOMP_IRQHandler
                0x00000214                nRFInitialize
 .init          0x00000218       0x5c Output/Debug/Obj/esb_prx_pca10040/ses_startup_nrf_common.o
                0x00000218                Reset_Handler
                0x0000021c                afterInitialize
                0x00000240                InitializeUserMemorySections
 .init          0x00000274      0x16c Output/Debug/Obj/esb_prx_pca10040/thumb_crt0.o
                0x00000274                _start
                0x0000031c                exit
                0x0000031c                _Exit
                0x000003e0                        __init_end__ = (__init_start__ + SIZEOF (.init))
                0x000001e0                        __init_size__ = SIZEOF (.init)
                0x000003e0                        __init_load_end__ = __init_end__
                0x00000001                        . = ASSERT (((__init_start__ == __init_end__) || ((__init_end__ - __FLASH1_segment_start__) <= __FLASH1_segment_size__)), error: .init is too large to fit in FLASH1 memory segment)
                0x000003e0                        __init_rodata_load_start__ = ALIGN (__init_end__, 0x4)

.init_rodata    0x000003e0        0x0
                0x000003e0                        __init_rodata_start__ = .
 *(.init_rodata .init_rodata.*)
                0x000003e0                        __init_rodata_end__ = (__init_rodata_start__ + SIZEOF (.init_rodata))
                0x00000000                        __init_rodata_size__ = SIZEOF (.init_rodata)
                0x000003e0                        __init_rodata_load_end__ = __init_rodata_end__
                0x00000001                        . = ASSERT (((__init_rodata_start__ == __init_rodata_end__) || ((__init_rodata_end__ - __FLASH1_segment_start__) <= __FLASH1_segment_size__)), error: .init_rodata is too large to fit in FLASH1 memory segment)
                0x000003e0                        __text_load_start__ = ALIGN (__init_rodata_end__, 0x4)

.text           0x000003e0     0x6b08
                0x000003e0                        __text_start__ = .
 *(.text .text.* .gnu.linkonce.t.* .glue_7t .glue_7 .gcc_except_table .ARM.extab* .gnu.linkonce.armextab.*)
 .glue_7        0x000003e0        0x0 linker stubs
 .glue_7t       0x000003e0        0x0 linker stubs
 .text.timer_init
                0x000003e0       0x2c Output/Debug/Obj/esb_prx_pca10040/main.o
                0x000003e0                timer_init
 .text.get_master_time_us
                0x0000040c       0x14 Output/Debug/Obj/esb_prx_pca10040/main.o
 .text.print_tdma_frame_status
                0x00000420       0xcc Output/Debug/Obj/esb_prx_pca10040/main.o
 .text.swap_buffers
                0x000004ec       0x44 Output/Debug/Obj/esb_prx_pca10040/main.o
 .text.nrf_esb_event_handler
                0x00000530       0xe0 Output/Debug/Obj/esb_prx_pca10040/main.o
                0x00000530                nrf_esb_event_handler
 .text.clocks_start
                0x00000610       0x26 Output/Debug/Obj/esb_prx_pca10040/main.o
                0x00000610                clocks_start
 .text.gpio_init
                0x00000636        0xc Output/Debug/Obj/esb_prx_pca10040/main.o
                0x00000636                gpio_init
 *fill*         0x00000642        0x2 
 .text.esb_init
                0x00000644       0xc0 Output/Debug/Obj/esb_prx_pca10040/main.o
                0x00000644                esb_init
 .text.main     0x00000704      0x150 Output/Debug/Obj/esb_prx_pca10040/main.o
                0x00000704                main
 .text.nrf_gpio_pin_port_decode
                0x00000854       0x30 Output/Debug/Obj/esb_prx_pca10040/boards.o
 .text.nrf_gpio_cfg
                0x00000884       0x62 Output/Debug/Obj/esb_prx_pca10040/boards.o
 .text.nrf_gpio_cfg_output
                0x000008e6       0x22 Output/Debug/Obj/esb_prx_pca10040/boards.o
 .text.nrf_gpio_cfg_input
                0x00000908       0x2a Output/Debug/Obj/esb_prx_pca10040/boards.o
 .text.nrf_gpio_pin_set
                0x00000932       0x28 Output/Debug/Obj/esb_prx_pca10040/boards.o
 .text.nrf_gpio_pin_clear
                0x0000095a       0x28 Output/Debug/Obj/esb_prx_pca10040/boards.o
 .text.nrf_gpio_pin_write
                0x00000982       0x24 Output/Debug/Obj/esb_prx_pca10040/boards.o
 .text.nrf_gpio_port_out_set
                0x000009a6       0x14 Output/Debug/Obj/esb_prx_pca10040/boards.o
 .text.nrf_gpio_port_out_clear
                0x000009ba       0x14 Output/Debug/Obj/esb_prx_pca10040/boards.o
 .text.nrf_gpio_pin_present_check
                0x000009ce       0x38 Output/Debug/Obj/esb_prx_pca10040/boards.o
 *fill*         0x00000a06        0x2 
 .text.bsp_board_led_off
                0x00000a08       0x34 Output/Debug/Obj/esb_prx_pca10040/boards.o
                0x00000a08                bsp_board_led_off
 .text.bsp_board_leds_off
                0x00000a3c       0x26 Output/Debug/Obj/esb_prx_pca10040/boards.o
                0x00000a3c                bsp_board_leds_off
 *fill*         0x00000a62        0x2 
 .text.bsp_board_leds_init
                0x00000a64       0x34 Output/Debug/Obj/esb_prx_pca10040/boards.o
 .text.bsp_board_buttons_init
                0x00000a98       0x34 Output/Debug/Obj/esb_prx_pca10040/boards.o
 .text.bsp_board_init
                0x00000acc       0x2a Output/Debug/Obj/esb_prx_pca10040/boards.o
                0x00000acc                bsp_board_init
 *fill*         0x00000af6        0x2 
 .text.__NVIC_SystemReset
                0x00000af8       0x28 Output/Debug/Obj/esb_prx_pca10040/system_nrf52.o
 .text.nrf52_errata_12
                0x00000b20       0x88 Output/Debug/Obj/esb_prx_pca10040/system_nrf52.o
 .text.nrf52_errata_16
                0x00000ba8       0x68 Output/Debug/Obj/esb_prx_pca10040/system_nrf52.o
 .text.nrf52_errata_31
                0x00000c10       0x88 Output/Debug/Obj/esb_prx_pca10040/system_nrf52.o
 .text.nrf52_errata_32
                0x00000c98       0x68 Output/Debug/Obj/esb_prx_pca10040/system_nrf52.o
 .text.nrf52_errata_36
                0x00000d00       0x88 Output/Debug/Obj/esb_prx_pca10040/system_nrf52.o
 .text.nrf52_errata_37
                0x00000d88       0x68 Output/Debug/Obj/esb_prx_pca10040/system_nrf52.o
 .text.nrf52_errata_57
                0x00000df0       0x68 Output/Debug/Obj/esb_prx_pca10040/system_nrf52.o
 .text.nrf52_errata_66
                0x00000e58       0x88 Output/Debug/Obj/esb_prx_pca10040/system_nrf52.o
 .text.nrf52_errata_108
                0x00000ee0       0x88 Output/Debug/Obj/esb_prx_pca10040/system_nrf52.o
 .text.nrf52_errata_136
                0x00000f68       0x88 Output/Debug/Obj/esb_prx_pca10040/system_nrf52.o
 .text.nrf52_errata_182
                0x00000ff0       0x60 Output/Debug/Obj/esb_prx_pca10040/system_nrf52.o
 .text.nrf52_errata_249
                0x00001050       0x60 Output/Debug/Obj/esb_prx_pca10040/system_nrf52.o
 .text.nrf52_handle_approtect
                0x000010b0       0x20 Output/Debug/Obj/esb_prx_pca10040/system_nrf52.o
 .text.nvmc_wait
                0x000010d0       0x18 Output/Debug/Obj/esb_prx_pca10040/system_nrf52.o
                0x000010d0                nvmc_wait
 .text.nvmc_config
                0x000010e8       0x20 Output/Debug/Obj/esb_prx_pca10040/system_nrf52.o
                0x000010e8                nvmc_config
 .text.SystemCoreClockUpdate
                0x00001108       0x14 Output/Debug/Obj/esb_prx_pca10040/system_nrf52.o
                0x00001108                SystemCoreClockUpdate
 .text.SystemInit
                0x0000111c      0x2ac Output/Debug/Obj/esb_prx_pca10040/system_nrf52.o
                0x0000111c                SystemInit
 .text.uarte_evt_handler
                0x000013c8       0x50 Output/Debug/Obj/esb_prx_pca10040/nrf_drv_uart.o
 .text.uart_evt_handler
                0x00001418       0x50 Output/Debug/Obj/esb_prx_pca10040/nrf_drv_uart.o
 .text.nrf_drv_uart_init
                0x00001468       0xc0 Output/Debug/Obj/esb_prx_pca10040/nrf_drv_uart.o
                0x00001468                nrf_drv_uart_init
 .text.UARTE0_UART0_IRQHandler
                0x00001528       0x24 Output/Debug/Obj/esb_prx_pca10040/nrfx_prs.o
                0x00001528                UARTE0_UART0_IRQHandler
 .text.prs_box_get
                0x0000154c       0x20 Output/Debug/Obj/esb_prx_pca10040/nrfx_prs.o
 .text.nrfx_prs_acquire
                0x0000156c       0x74 Output/Debug/Obj/esb_prx_pca10040/nrfx_prs.o
                0x0000156c                nrfx_prs_acquire
 .text.nrfx_prs_release
                0x000015e0       0x3c Output/Debug/Obj/esb_prx_pca10040/nrfx_prs.o
                0x000015e0                nrfx_prs_release
 .text.__NVIC_EnableIRQ
                0x0000161c       0x34 Output/Debug/Obj/esb_prx_pca10040/nrfx_uart.o
 .text.__NVIC_DisableIRQ
                0x00001650       0x44 Output/Debug/Obj/esb_prx_pca10040/nrfx_uart.o
 .text.__NVIC_SetPriority
                0x00001694       0x50 Output/Debug/Obj/esb_prx_pca10040/nrfx_uart.o
 .text.nrfx_get_irq_number
                0x000016e4       0x10 Output/Debug/Obj/esb_prx_pca10040/nrfx_uart.o
 .text._NRFX_IRQ_PRIORITY_SET
                0x000016f4       0x40 Output/Debug/Obj/esb_prx_pca10040/nrfx_uart.o
 .text._NRFX_IRQ_ENABLE
                0x00001734       0x1c Output/Debug/Obj/esb_prx_pca10040/nrfx_uart.o
 .text._NRFX_IRQ_DISABLE
                0x00001750       0x1c Output/Debug/Obj/esb_prx_pca10040/nrfx_uart.o
 .text.nrf_uart_event_clear
                0x0000176c       0x2a Output/Debug/Obj/esb_prx_pca10040/nrfx_uart.o
 .text.nrf_uart_event_check
                0x00001796       0x24 Output/Debug/Obj/esb_prx_pca10040/nrfx_uart.o
 .text.nrf_uart_int_enable
                0x000017ba       0x14 Output/Debug/Obj/esb_prx_pca10040/nrfx_uart.o
 .text.nrf_uart_int_enable_check
                0x000017ce       0x20 Output/Debug/Obj/esb_prx_pca10040/nrfx_uart.o
 .text.nrf_uart_int_disable
                0x000017ee       0x14 Output/Debug/Obj/esb_prx_pca10040/nrfx_uart.o
 .text.nrf_uart_errorsrc_get_and_clear
                0x00001802       0x1c Output/Debug/Obj/esb_prx_pca10040/nrfx_uart.o
 .text.nrf_uart_enable
                0x0000181e       0x12 Output/Debug/Obj/esb_prx_pca10040/nrfx_uart.o
 .text.nrf_uart_disable
                0x00001830       0x12 Output/Debug/Obj/esb_prx_pca10040/nrfx_uart.o
 .text.nrf_uart_txrx_pins_set
                0x00001842       0x1e Output/Debug/Obj/esb_prx_pca10040/nrfx_uart.o
 .text.nrf_uart_txrx_pins_disconnect
                0x00001860       0x1c Output/Debug/Obj/esb_prx_pca10040/nrfx_uart.o
 .text.nrf_uart_tx_pin_get
                0x0000187c       0x10 Output/Debug/Obj/esb_prx_pca10040/nrfx_uart.o
 .text.nrf_uart_rx_pin_get
                0x0000188c       0x10 Output/Debug/Obj/esb_prx_pca10040/nrfx_uart.o
 .text.nrf_uart_rts_pin_get
                0x0000189c       0x10 Output/Debug/Obj/esb_prx_pca10040/nrfx_uart.o
 .text.nrf_uart_cts_pin_get
                0x000018ac       0x10 Output/Debug/Obj/esb_prx_pca10040/nrfx_uart.o
 .text.nrf_uart_hwfc_pins_set
                0x000018bc       0x1e Output/Debug/Obj/esb_prx_pca10040/nrfx_uart.o
 .text.nrf_uart_hwfc_pins_disconnect
                0x000018da       0x1c Output/Debug/Obj/esb_prx_pca10040/nrfx_uart.o
 .text.nrf_uart_rxd_get
                0x000018f6       0x12 Output/Debug/Obj/esb_prx_pca10040/nrfx_uart.o
 .text.nrf_uart_txd_set
                0x00001908       0x1a Output/Debug/Obj/esb_prx_pca10040/nrfx_uart.o
 .text.nrf_uart_task_trigger
                0x00001922       0x1c Output/Debug/Obj/esb_prx_pca10040/nrfx_uart.o
 .text.nrf_uart_configure
                0x0000193e       0x2a Output/Debug/Obj/esb_prx_pca10040/nrfx_uart.o
 .text.nrf_uart_baudrate_set
                0x00001968       0x14 Output/Debug/Obj/esb_prx_pca10040/nrfx_uart.o
 .text.nrf_gpio_pin_port_decode
                0x0000197c       0x30 Output/Debug/Obj/esb_prx_pca10040/nrfx_uart.o
 .text.nrf_gpio_cfg
                0x000019ac       0x62 Output/Debug/Obj/esb_prx_pca10040/nrfx_uart.o
 .text.nrf_gpio_cfg_output
                0x00001a0e       0x22 Output/Debug/Obj/esb_prx_pca10040/nrfx_uart.o
 .text.nrf_gpio_cfg_input
                0x00001a30       0x2a Output/Debug/Obj/esb_prx_pca10040/nrfx_uart.o
 .text.nrf_gpio_cfg_default
                0x00001a5a       0x22 Output/Debug/Obj/esb_prx_pca10040/nrfx_uart.o
 .text.nrf_gpio_pin_set
                0x00001a7c       0x28 Output/Debug/Obj/esb_prx_pca10040/nrfx_uart.o
 .text.nrf_gpio_port_out_set
                0x00001aa4       0x14 Output/Debug/Obj/esb_prx_pca10040/nrfx_uart.o
 .text.nrf_gpio_pin_present_check
                0x00001ab8       0x38 Output/Debug/Obj/esb_prx_pca10040/nrfx_uart.o
 .text.apply_config
                0x00001af0       0xc6 Output/Debug/Obj/esb_prx_pca10040/nrfx_uart.o
 *fill*         0x00001bb6        0x2 
 .text.interrupts_enable
                0x00001bb8       0x6c Output/Debug/Obj/esb_prx_pca10040/nrfx_uart.o
 .text.interrupts_disable
                0x00001c24       0x30 Output/Debug/Obj/esb_prx_pca10040/nrfx_uart.o
 .text.pins_to_default
                0x00001c54       0x8a Output/Debug/Obj/esb_prx_pca10040/nrfx_uart.o
 *fill*         0x00001cde        0x2 
 .text.nrfx_uart_init
                0x00001ce0       0xd4 Output/Debug/Obj/esb_prx_pca10040/nrfx_uart.o
                0x00001ce0                nrfx_uart_init
 .text.nrfx_uart_uninit
                0x00001db4       0x5c Output/Debug/Obj/esb_prx_pca10040/nrfx_uart.o
                0x00001db4                nrfx_uart_uninit
 .text.tx_byte  0x00001e10       0x40 Output/Debug/Obj/esb_prx_pca10040/nrfx_uart.o
 .text.tx_blocking
                0x00001e50       0x52 Output/Debug/Obj/esb_prx_pca10040/nrfx_uart.o
 *fill*         0x00001ea2        0x2 
 .text.nrfx_uart_tx
                0x00001ea4      0x110 Output/Debug/Obj/esb_prx_pca10040/nrfx_uart.o
                0x00001ea4                nrfx_uart_tx
 .text.nrfx_uart_tx_in_progress
                0x00001fb4       0x2c Output/Debug/Obj/esb_prx_pca10040/nrfx_uart.o
                0x00001fb4                nrfx_uart_tx_in_progress
 .text.rx_byte  0x00001fe0       0x4e Output/Debug/Obj/esb_prx_pca10040/nrfx_uart.o
 .text.rx_done_event
                0x0000202e       0x2e Output/Debug/Obj/esb_prx_pca10040/nrfx_uart.o
 .text.tx_done_event
                0x0000205c       0x34 Output/Debug/Obj/esb_prx_pca10040/nrfx_uart.o
 .text.uart_irq_handler
                0x00002090      0x1de Output/Debug/Obj/esb_prx_pca10040/nrfx_uart.o
 *fill*         0x0000226e        0x2 
 .text.nrfx_uart_0_irq_handler
                0x00002270       0x18 Output/Debug/Obj/esb_prx_pca10040/nrfx_uart.o
                0x00002270                nrfx_uart_0_irq_handler
 .text.__NVIC_EnableIRQ
                0x00002288       0x34 Output/Debug/Obj/esb_prx_pca10040/nrfx_uarte.o
 .text.__NVIC_DisableIRQ
                0x000022bc       0x44 Output/Debug/Obj/esb_prx_pca10040/nrfx_uarte.o
 .text.__NVIC_SetPriority
                0x00002300       0x50 Output/Debug/Obj/esb_prx_pca10040/nrfx_uarte.o
 .text.nrfx_is_in_ram
                0x00002350       0x1c Output/Debug/Obj/esb_prx_pca10040/nrfx_uarte.o
 .text.nrfx_get_irq_number
                0x0000236c       0x10 Output/Debug/Obj/esb_prx_pca10040/nrfx_uarte.o
 .text._NRFX_IRQ_PRIORITY_SET
                0x0000237c       0x40 Output/Debug/Obj/esb_prx_pca10040/nrfx_uarte.o
 .text._NRFX_IRQ_ENABLE
                0x000023bc       0x1c Output/Debug/Obj/esb_prx_pca10040/nrfx_uarte.o
 .text._NRFX_IRQ_DISABLE
                0x000023d8       0x1c Output/Debug/Obj/esb_prx_pca10040/nrfx_uarte.o
 .text.nrf_uarte_event_clear
                0x000023f4       0x2a Output/Debug/Obj/esb_prx_pca10040/nrfx_uarte.o
 .text.nrf_uarte_event_check
                0x0000241e       0x24 Output/Debug/Obj/esb_prx_pca10040/nrfx_uarte.o
 .text.nrf_uarte_shorts_disable
                0x00002442       0x1e Output/Debug/Obj/esb_prx_pca10040/nrfx_uarte.o
 .text.nrf_uarte_int_enable
                0x00002460       0x14 Output/Debug/Obj/esb_prx_pca10040/nrfx_uarte.o
 .text.nrf_uarte_int_disable
                0x00002474       0x14 Output/Debug/Obj/esb_prx_pca10040/nrfx_uarte.o
 .text.nrf_uarte_errorsrc_get_and_clear
                0x00002488       0x1c Output/Debug/Obj/esb_prx_pca10040/nrfx_uarte.o
 .text.nrf_uarte_enable
                0x000024a4       0x12 Output/Debug/Obj/esb_prx_pca10040/nrfx_uarte.o
 .text.nrf_uarte_disable
                0x000024b6       0x12 Output/Debug/Obj/esb_prx_pca10040/nrfx_uarte.o
 .text.nrf_uarte_txrx_pins_set
                0x000024c8       0x1e Output/Debug/Obj/esb_prx_pca10040/nrfx_uarte.o
 .text.nrf_uarte_txrx_pins_disconnect
                0x000024e6       0x1c Output/Debug/Obj/esb_prx_pca10040/nrfx_uarte.o
 .text.nrf_uarte_tx_pin_get
                0x00002502       0x10 Output/Debug/Obj/esb_prx_pca10040/nrfx_uarte.o
 .text.nrf_uarte_rx_pin_get
                0x00002512       0x10 Output/Debug/Obj/esb_prx_pca10040/nrfx_uarte.o
 .text.nrf_uarte_rts_pin_get
                0x00002522       0x10 Output/Debug/Obj/esb_prx_pca10040/nrfx_uarte.o
 .text.nrf_uarte_cts_pin_get
                0x00002532       0x10 Output/Debug/Obj/esb_prx_pca10040/nrfx_uarte.o
 .text.nrf_uarte_hwfc_pins_set
                0x00002542       0x1e Output/Debug/Obj/esb_prx_pca10040/nrfx_uarte.o
 .text.nrf_uarte_hwfc_pins_disconnect
                0x00002560       0x1c Output/Debug/Obj/esb_prx_pca10040/nrfx_uarte.o
 .text.nrf_uarte_task_trigger
                0x0000257c       0x1c Output/Debug/Obj/esb_prx_pca10040/nrfx_uarte.o
 .text.nrf_uarte_configure
                0x00002598       0x2a Output/Debug/Obj/esb_prx_pca10040/nrfx_uarte.o
 .text.nrf_uarte_baudrate_set
                0x000025c2       0x14 Output/Debug/Obj/esb_prx_pca10040/nrfx_uarte.o
 .text.nrf_uarte_tx_buffer_set
                0x000025d6       0x1e Output/Debug/Obj/esb_prx_pca10040/nrfx_uarte.o
 .text.nrf_uarte_tx_amount_get
                0x000025f4       0x10 Output/Debug/Obj/esb_prx_pca10040/nrfx_uarte.o
 .text.nrf_uarte_rx_amount_get
                0x00002604       0x10 Output/Debug/Obj/esb_prx_pca10040/nrfx_uarte.o
 .text.nrf_gpio_pin_port_decode
                0x00002614       0x30 Output/Debug/Obj/esb_prx_pca10040/nrfx_uarte.o
 .text.nrf_gpio_cfg
                0x00002644       0x62 Output/Debug/Obj/esb_prx_pca10040/nrfx_uarte.o
 .text.nrf_gpio_cfg_output
                0x000026a6       0x22 Output/Debug/Obj/esb_prx_pca10040/nrfx_uarte.o
 .text.nrf_gpio_cfg_input
                0x000026c8       0x2a Output/Debug/Obj/esb_prx_pca10040/nrfx_uarte.o
 .text.nrf_gpio_cfg_default
                0x000026f2       0x22 Output/Debug/Obj/esb_prx_pca10040/nrfx_uarte.o
 .text.nrf_gpio_pin_set
                0x00002714       0x28 Output/Debug/Obj/esb_prx_pca10040/nrfx_uarte.o
 .text.nrf_gpio_port_out_set
                0x0000273c       0x14 Output/Debug/Obj/esb_prx_pca10040/nrfx_uarte.o
 .text.nrf_gpio_pin_present_check
                0x00002750       0x38 Output/Debug/Obj/esb_prx_pca10040/nrfx_uarte.o
 .text.apply_config
                0x00002788       0xc6 Output/Debug/Obj/esb_prx_pca10040/nrfx_uarte.o
 *fill*         0x0000284e        0x2 
 .text.interrupts_enable
                0x00002850       0x98 Output/Debug/Obj/esb_prx_pca10040/nrfx_uarte.o
 .text.interrupts_disable
                0x000028e8       0x30 Output/Debug/Obj/esb_prx_pca10040/nrfx_uarte.o
 .text.pins_to_default
                0x00002918       0x8a Output/Debug/Obj/esb_prx_pca10040/nrfx_uarte.o
 *fill*         0x000029a2        0x2 
 .text.nrfx_uarte_init
                0x000029a4       0xcc Output/Debug/Obj/esb_prx_pca10040/nrfx_uarte.o
                0x000029a4                nrfx_uarte_init
 .text.nrfx_uarte_uninit
                0x00002a70       0xc4 Output/Debug/Obj/esb_prx_pca10040/nrfx_uarte.o
                0x00002a70                nrfx_uarte_uninit
 .text.nrfx_uarte_tx
                0x00002b34      0x17c Output/Debug/Obj/esb_prx_pca10040/nrfx_uarte.o
                0x00002b34                nrfx_uarte_tx
 .text.nrfx_uarte_tx_in_progress
                0x00002cb0       0x30 Output/Debug/Obj/esb_prx_pca10040/nrfx_uarte.o
                0x00002cb0                nrfx_uarte_tx_in_progress
 .text.rx_done_event
                0x00002ce0       0x2e Output/Debug/Obj/esb_prx_pca10040/nrfx_uarte.o
 .text.tx_done_event
                0x00002d0e       0x34 Output/Debug/Obj/esb_prx_pca10040/nrfx_uarte.o
 .text.uarte_irq_handler
                0x00002d42      0x18c Output/Debug/Obj/esb_prx_pca10040/nrfx_uarte.o
 *fill*         0x00002ece        0x2 
 .text.nrfx_uarte_0_irq_handler
                0x00002ed0       0x18 Output/Debug/Obj/esb_prx_pca10040/nrfx_uarte.o
                0x00002ed0                nrfx_uarte_0_irq_handler
 .text.app_error_save_and_stop
                0x00002ee8       0x98 Output/Debug/Obj/esb_prx_pca10040/app_error.o
                0x00002ee8                app_error_save_and_stop
 .text.app_error_handler
                0x00002f80       0x1c Output/Debug/Obj/esb_prx_pca10040/app_error_handler_gcc.o
                0x00002f80                app_error_handler
 .text.app_error_fault_handler
                0x00002f9c      0x104 Output/Debug/Obj/esb_prx_pca10040/app_error_weak.o
                0x00002f9c                app_error_fault_handler
 .text.app_util_disable_irq
                0x000030a0       0x18 Output/Debug/Obj/esb_prx_pca10040/app_util_platform.o
                0x000030a0                app_util_disable_irq
 .text.app_util_enable_irq
                0x000030b8       0x20 Output/Debug/Obj/esb_prx_pca10040/app_util_platform.o
                0x000030b8                app_util_enable_irq
 .text.app_util_critical_region_enter
                0x000030d8       0x28 Output/Debug/Obj/esb_prx_pca10040/app_util_platform.o
                0x000030d8                app_util_critical_region_enter
 .text.app_util_critical_region_exit
                0x00003100       0x2c Output/Debug/Obj/esb_prx_pca10040/app_util_platform.o
                0x00003100                app_util_critical_region_exit
 .text.privilege_level_get
                0x0000312c       0x3a Output/Debug/Obj/esb_prx_pca10040/app_util_platform.o
                0x0000312c                privilege_level_get
 .text.assert_nrf_callback
                0x00003166       0x2c Output/Debug/Obj/esb_prx_pca10040/nrf_assert.o
                0x00003166                assert_nrf_callback
 .text.nrf_atomic_u32_fetch_store
                0x00003192       0x2e Output/Debug/Obj/esb_prx_pca10040/nrf_atomic.o
                0x00003192                nrf_atomic_u32_fetch_store
 .text.nrf_atomic_u32_or
                0x000031c0       0x30 Output/Debug/Obj/esb_prx_pca10040/nrf_atomic.o
                0x000031c0                nrf_atomic_u32_or
 .text.nrf_atomic_u32_fetch_and
                0x000031f0       0x30 Output/Debug/Obj/esb_prx_pca10040/nrf_atomic.o
                0x000031f0                nrf_atomic_u32_fetch_and
 .text.nrf_atomic_u32_add
                0x00003220       0x30 Output/Debug/Obj/esb_prx_pca10040/nrf_atomic.o
                0x00003220                nrf_atomic_u32_add
 .text.nrf_atomic_u32_sub
                0x00003250       0x30 Output/Debug/Obj/esb_prx_pca10040/nrf_atomic.o
                0x00003250                nrf_atomic_u32_sub
 .text.nrf_atomic_flag_set
                0x00003280       0x18 Output/Debug/Obj/esb_prx_pca10040/nrf_atomic.o
                0x00003280                nrf_atomic_flag_set
 .text.nrf_atomic_flag_clear_fetch
                0x00003298       0x18 Output/Debug/Obj/esb_prx_pca10040/nrf_atomic.o
                0x00003298                nrf_atomic_flag_clear_fetch
 .text.nrf_balloc_idx2block
                0x000032b0       0x38 Output/Debug/Obj/esb_prx_pca10040/nrf_balloc.o
 .text.nrf_balloc_block2idx
                0x000032e8       0x34 Output/Debug/Obj/esb_prx_pca10040/nrf_balloc.o
 .text.nrf_balloc_init
                0x0000331c       0xb8 Output/Debug/Obj/esb_prx_pca10040/nrf_balloc.o
                0x0000331c                nrf_balloc_init
 .text.nrf_balloc_alloc
                0x000033d4       0x84 Output/Debug/Obj/esb_prx_pca10040/nrf_balloc.o
                0x000033d4                nrf_balloc_alloc
 .text.nrf_balloc_free
                0x00003458       0x58 Output/Debug/Obj/esb_prx_pca10040/nrf_balloc.o
                0x00003458                nrf_balloc_free
 .text.nrf_fprintf_buffer_flush
                0x000034b0       0x44 Output/Debug/Obj/esb_prx_pca10040/nrf_fprintf.o
                0x000034b0                nrf_fprintf_buffer_flush
 .text.nrf_fprintf
                0x000034f4       0x74 Output/Debug/Obj/esb_prx_pca10040/nrf_fprintf.o
                0x000034f4                nrf_fprintf
 .text.buffer_add
                0x00003568       0x4c Output/Debug/Obj/esb_prx_pca10040/nrf_fprintf_format.o
 .text.string_print
                0x000035b4       0xc2 Output/Debug/Obj/esb_prx_pca10040/nrf_fprintf_format.o
 *fill*         0x00003676        0x2 
 .text.unsigned_print
                0x00003678      0x130 Output/Debug/Obj/esb_prx_pca10040/nrf_fprintf_format.o
 .text.int_print
                0x000037a8      0x11c Output/Debug/Obj/esb_prx_pca10040/nrf_fprintf_format.o
 .text.nrf_fprintf_fmt
                0x000038c4      0x388 Output/Debug/Obj/esb_prx_pca10040/nrf_fprintf_format.o
                0x000038c4                nrf_fprintf_fmt
 .text.nrf_memobj_pool_init
                0x00003c4c       0x16 Output/Debug/Obj/esb_prx_pca10040/nrf_memobj.o
                0x00003c4c                nrf_memobj_pool_init
 .text.nrf_memobj_alloc
                0x00003c62       0xae Output/Debug/Obj/esb_prx_pca10040/nrf_memobj.o
                0x00003c62                nrf_memobj_alloc
 .text.nrf_memobj_free
                0x00003d10       0x74 Output/Debug/Obj/esb_prx_pca10040/nrf_memobj.o
                0x00003d10                nrf_memobj_free
 .text.nrf_memobj_get
                0x00003d84       0x1e Output/Debug/Obj/esb_prx_pca10040/nrf_memobj.o
                0x00003d84                nrf_memobj_get
 .text.nrf_memobj_put
                0x00003da2       0x34 Output/Debug/Obj/esb_prx_pca10040/nrf_memobj.o
                0x00003da2                nrf_memobj_put
 *fill*         0x00003dd6        0x2 
 .text.memobj_op
                0x00003dd8      0x124 Output/Debug/Obj/esb_prx_pca10040/nrf_memobj.o
 .text.nrf_memobj_write
                0x00003efc       0x3c Output/Debug/Obj/esb_prx_pca10040/nrf_memobj.o
                0x00003efc                nrf_memobj_write
 .text.nrf_memobj_read
                0x00003f38       0x40 Output/Debug/Obj/esb_prx_pca10040/nrf_memobj.o
                0x00003f38                nrf_memobj_read
 .text.nrf_ringbuf_init
                0x00003f78       0x3a Output/Debug/Obj/esb_prx_pca10040/nrf_ringbuf.o
                0x00003f78                nrf_ringbuf_init
 *fill*         0x00003fb2        0x2 
 .text.nrf_strerror_get
                0x00003fb4       0x28 Output/Debug/Obj/esb_prx_pca10040/nrf_strerror.o
                0x00003fb4                nrf_strerror_get
 .text.nrf_strerror_find
                0x00003fdc       0x68 Output/Debug/Obj/esb_prx_pca10040/nrf_strerror.o
                0x00003fdc                nrf_strerror_find
 .text.nrf_log_backend_serial_put
                0x00004044      0x124 Output/Debug/Obj/esb_prx_pca10040/nrf_log_backend_serial.o
                0x00004044                nrf_log_backend_serial_put
 .text.nrf_drv_uart_uninit
                0x00004168       0x44 Output/Debug/Obj/esb_prx_pca10040/nrf_log_backend_uart.o
 .text.nrf_drv_uart_tx
                0x000041ac       0x64 Output/Debug/Obj/esb_prx_pca10040/nrf_log_backend_uart.o
 .text.uart_evt_handler
                0x00004210       0x18 Output/Debug/Obj/esb_prx_pca10040/nrf_log_backend_uart.o
 .text.uart_init
                0x00004228       0x88 Output/Debug/Obj/esb_prx_pca10040/nrf_log_backend_uart.o
 .text.nrf_log_backend_uart_init
                0x000042b0       0x1c Output/Debug/Obj/esb_prx_pca10040/nrf_log_backend_uart.o
                0x000042b0                nrf_log_backend_uart_init
 .text.serial_tx
                0x000042cc       0x6c Output/Debug/Obj/esb_prx_pca10040/nrf_log_backend_uart.o
 .text.nrf_log_backend_uart_put
                0x00004338       0x28 Output/Debug/Obj/esb_prx_pca10040/nrf_log_backend_uart.o
 .text.nrf_log_backend_uart_flush
                0x00004360        0xa Output/Debug/Obj/esb_prx_pca10040/nrf_log_backend_uart.o
 *fill*         0x0000436a        0x2 
 .text.nrf_log_backend_uart_panic_set
                0x0000436c       0x20 Output/Debug/Obj/esb_prx_pca10040/nrf_log_backend_uart.o
 .text.nrf_log_backend_enable
                0x0000438c       0x12 Output/Debug/Obj/esb_prx_pca10040/nrf_log_default_backends.o
 *fill*         0x0000439e        0x2 
 .text.nrf_log_default_backends_init
                0x000043a0       0x3c Output/Debug/Obj/esb_prx_pca10040/nrf_log_default_backends.o
                0x000043a0                nrf_log_default_backends_init
 .text.nrf_log_backend_put
                0x000043dc       0x1c Output/Debug/Obj/esb_prx_pca10040/nrf_log_frontend.o
 .text.nrf_log_backend_panic_set
                0x000043f8       0x18 Output/Debug/Obj/esb_prx_pca10040/nrf_log_frontend.o
 .text.nrf_log_backend_flush
                0x00004410       0x18 Output/Debug/Obj/esb_prx_pca10040/nrf_log_frontend.o
 .text.nrf_log_backend_id_set
                0x00004428       0x1a Output/Debug/Obj/esb_prx_pca10040/nrf_log_frontend.o
 .text.nrf_log_backend_id_get
                0x00004442       0x10 Output/Debug/Obj/esb_prx_pca10040/nrf_log_frontend.o
 .text.nrf_log_backend_enable
                0x00004452       0x12 Output/Debug/Obj/esb_prx_pca10040/nrf_log_frontend.o
 .text.nrf_log_backend_is_enabled
                0x00004464       0x10 Output/Debug/Obj/esb_prx_pca10040/nrf_log_frontend.o
 .text.nrf_log_init
                0x00004474       0x50 Output/Debug/Obj/esb_prx_pca10040/nrf_log_frontend.o
                0x00004474                nrf_log_init
 .text.nrf_log_module_cnt_get
                0x000044c4       0x14 Output/Debug/Obj/esb_prx_pca10040/nrf_log_frontend.o
                0x000044c4                nrf_log_module_cnt_get
 .text.module_idx_get
                0x000044d8       0x64 Output/Debug/Obj/esb_prx_pca10040/nrf_log_frontend.o
 .text.nrf_log_module_name_get
                0x0000453c       0x40 Output/Debug/Obj/esb_prx_pca10040/nrf_log_frontend.o
                0x0000453c                nrf_log_module_name_get
 .text.nrf_log_color_id_get
                0x0000457c       0x70 Output/Debug/Obj/esb_prx_pca10040/nrf_log_frontend.o
                0x0000457c                nrf_log_color_id_get
 .text.invalid_packets_omit
                0x000045ec       0x6e Output/Debug/Obj/esb_prx_pca10040/nrf_log_frontend.o
 *fill*         0x0000465a        0x2 
 .text.log_skip
                0x0000465c      0x118 Output/Debug/Obj/esb_prx_pca10040/nrf_log_frontend.o
 .text.dropped_sat16_get
                0x00004774       0x28 Output/Debug/Obj/esb_prx_pca10040/nrf_log_frontend.o
 .text.std_header_set
                0x0000479c       0xb4 Output/Debug/Obj/esb_prx_pca10040/nrf_log_frontend.o
 .text.log_pending_hook
                0x00004850        0x4 Output/Debug/Obj/esb_prx_pca10040/nrf_log_frontend.o
                0x00004850                log_pending_hook
 .text.buf_prealloc
                0x00004854      0x128 Output/Debug/Obj/esb_prx_pca10040/nrf_log_frontend.o
 .text.std_n    0x0000497c       0x94 Output/Debug/Obj/esb_prx_pca10040/nrf_log_frontend.o
 .text.nrf_log_frontend_std_0
                0x00004a10       0x1c Output/Debug/Obj/esb_prx_pca10040/nrf_log_frontend.o
                0x00004a10                nrf_log_frontend_std_0
 .text.nrf_log_frontend_std_1
                0x00004a2c       0x22 Output/Debug/Obj/esb_prx_pca10040/nrf_log_frontend.o
                0x00004a2c                nrf_log_frontend_std_1
 .text.nrf_log_frontend_std_2
                0x00004a4e       0x28 Output/Debug/Obj/esb_prx_pca10040/nrf_log_frontend.o
                0x00004a4e                nrf_log_frontend_std_2
 .text.nrf_log_frontend_std_3
                0x00004a76       0x2c Output/Debug/Obj/esb_prx_pca10040/nrf_log_frontend.o
                0x00004a76                nrf_log_frontend_std_3
 .text.nrf_log_frontend_std_5
                0x00004aa2       0x34 Output/Debug/Obj/esb_prx_pca10040/nrf_log_frontend.o
                0x00004aa2                nrf_log_frontend_std_5
 *fill*         0x00004ad6        0x2 
 .text.buffer_is_empty
                0x00004ad8       0x1c Output/Debug/Obj/esb_prx_pca10040/nrf_log_frontend.o
                0x00004ad8                buffer_is_empty
 .text.nrf_log_frontend_dequeue
                0x00004af4      0x3a0 Output/Debug/Obj/esb_prx_pca10040/nrf_log_frontend.o
                0x00004af4                nrf_log_frontend_dequeue
 .text.backend_id_assign
                0x00004e94       0x68 Output/Debug/Obj/esb_prx_pca10040/nrf_log_frontend.o
 .text.nrf_log_backend_add
                0x00004efc       0x70 Output/Debug/Obj/esb_prx_pca10040/nrf_log_frontend.o
                0x00004efc                nrf_log_backend_add
 .text.nrf_log_panic
                0x00004f6c       0x3c Output/Debug/Obj/esb_prx_pca10040/nrf_log_frontend.o
                0x00004f6c                nrf_log_panic
 .text.timestamp_print
                0x00004fa8        0xc Output/Debug/Obj/esb_prx_pca10040/nrf_log_str_formatter.o
 .text.prefix_process
                0x00004fb4       0xb0 Output/Debug/Obj/esb_prx_pca10040/nrf_log_str_formatter.o
 .text.postfix_process
                0x00005064       0x60 Output/Debug/Obj/esb_prx_pca10040/nrf_log_str_formatter.o
 .text.nrf_log_std_entry_process
                0x000050c4      0x144 Output/Debug/Obj/esb_prx_pca10040/nrf_log_str_formatter.o
                0x000050c4                nrf_log_std_entry_process
 .text.nrf_log_hexdump_entry_process
                0x00005208       0xf0 Output/Debug/Obj/esb_prx_pca10040/nrf_log_str_formatter.o
                0x00005208                nrf_log_hexdump_entry_process
 .text.__NVIC_EnableIRQ
                0x000052f8       0x34 Output/Debug/Obj/esb_prx_pca10040/nrf_esb.o
 .text.__NVIC_DisableIRQ
                0x0000532c       0x44 Output/Debug/Obj/esb_prx_pca10040/nrf_esb.o
 .text.__NVIC_SetPendingIRQ
                0x00005370       0x38 Output/Debug/Obj/esb_prx_pca10040/nrf_esb.o
 .text.__NVIC_ClearPendingIRQ
                0x000053a8       0x38 Output/Debug/Obj/esb_prx_pca10040/nrf_esb.o
 .text.__NVIC_SetPriority
                0x000053e0       0x50 Output/Debug/Obj/esb_prx_pca10040/nrf_esb.o
 .text.bytewise_bit_swap
                0x00005430       0x24 Output/Debug/Obj/esb_prx_pca10040/nrf_esb.o
 .text.addr_conv
                0x00005454       0x1c Output/Debug/Obj/esb_prx_pca10040/nrf_esb.o
 .text.apply_address_workarounds
                0x00005470      0x13c Output/Debug/Obj/esb_prx_pca10040/nrf_esb.o
 .text.update_rf_payload_format_esb_dpl
                0x000055ac       0x34 Output/Debug/Obj/esb_prx_pca10040/nrf_esb.o
 .text.update_rf_payload_format_esb
                0x000055e0       0x3c Output/Debug/Obj/esb_prx_pca10040/nrf_esb.o
 .text.update_radio_addresses
                0x0000561c       0x80 Output/Debug/Obj/esb_prx_pca10040/nrf_esb.o
 .text.update_radio_tx_power
                0x0000569c       0x18 Output/Debug/Obj/esb_prx_pca10040/nrf_esb.o
 .text.update_radio_bitrate
                0x000056b4       0x80 Output/Debug/Obj/esb_prx_pca10040/nrf_esb.o
 .text.update_radio_protocol
                0x00005734       0x38 Output/Debug/Obj/esb_prx_pca10040/nrf_esb.o
 .text.update_radio_crc
                0x0000576c       0x70 Output/Debug/Obj/esb_prx_pca10040/nrf_esb.o
 .text.update_radio_parameters
                0x000057dc       0x7c Output/Debug/Obj/esb_prx_pca10040/nrf_esb.o
 .text.reset_fifos
                0x00005858       0x30 Output/Debug/Obj/esb_prx_pca10040/nrf_esb.o
 .text.initialize_fifos
                0x00005888       0xf4 Output/Debug/Obj/esb_prx_pca10040/nrf_esb.o
 .text.nrf_esb_skip_tx
                0x0000597c       0x60 Output/Debug/Obj/esb_prx_pca10040/nrf_esb.o
                0x0000597c                nrf_esb_skip_tx
 .text.rx_fifo_push_rfbuf
                0x000059dc      0x120 Output/Debug/Obj/esb_prx_pca10040/nrf_esb.o
 .text.sys_timer_init
                0x00005afc       0x24 Output/Debug/Obj/esb_prx_pca10040/nrf_esb.o
 .text.ppi_init
                0x00005b20       0x68 Output/Debug/Obj/esb_prx_pca10040/nrf_esb.o
 .text.start_tx_transaction
                0x00005b88      0x1f8 Output/Debug/Obj/esb_prx_pca10040/nrf_esb.o
 .text.on_radio_disabled_tx_noack
                0x00005d80       0x44 Output/Debug/Obj/esb_prx_pca10040/nrf_esb.o
 .text.on_radio_disabled_tx
                0x00005dc4       0xac Output/Debug/Obj/esb_prx_pca10040/nrf_esb.o
 .text.on_radio_disabled_tx_wait_for_ack
                0x00005e70      0x190 Output/Debug/Obj/esb_prx_pca10040/nrf_esb.o
 .text.clear_events_restart_rx
                0x00006000       0x70 Output/Debug/Obj/esb_prx_pca10040/nrf_esb.o
 .text.on_radio_disabled_rx
                0x00006070      0x29c Output/Debug/Obj/esb_prx_pca10040/nrf_esb.o
 .text.on_radio_disabled_rx_ack
                0x0000630c       0x54 Output/Debug/Obj/esb_prx_pca10040/nrf_esb.o
 .text.nrf_esb_get_clear_interrupts
                0x00006360       0x50 Output/Debug/Obj/esb_prx_pca10040/nrf_esb.o
 .text.RADIO_IRQHandler
                0x000063b0       0x90 Output/Debug/Obj/esb_prx_pca10040/nrf_esb.o
                0x000063b0                RADIO_IRQHandler
 .text.nrf_esb_init
                0x00006440      0x120 Output/Debug/Obj/esb_prx_pca10040/nrf_esb.o
                0x00006440                nrf_esb_init
 .text.nrf_esb_disable
                0x00006560       0x5c Output/Debug/Obj/esb_prx_pca10040/nrf_esb.o
                0x00006560                nrf_esb_disable
 .text.SWI0_EGU0_IRQHandler
                0x000065bc       0x80 Output/Debug/Obj/esb_prx_pca10040/nrf_esb.o
                0x000065bc                SWI0_EGU0_IRQHandler
 .text.find_free_payload_cont
                0x0000663c       0x4c Output/Debug/Obj/esb_prx_pca10040/nrf_esb.o
 .text.nrf_esb_write_payload
                0x00006688      0x1d0 Output/Debug/Obj/esb_prx_pca10040/nrf_esb.o
                0x00006688                nrf_esb_write_payload
 .text.nrf_esb_read_rx_payload
                0x00006858       0xdc Output/Debug/Obj/esb_prx_pca10040/nrf_esb.o
                0x00006858                nrf_esb_read_rx_payload
 .text.nrf_esb_start_rx
                0x00006934       0xac Output/Debug/Obj/esb_prx_pca10040/nrf_esb.o
                0x00006934                nrf_esb_start_rx
 .text.nrf_esb_flush_tx
                0x000069e0       0x40 Output/Debug/Obj/esb_prx_pca10040/nrf_esb.o
                0x000069e0                nrf_esb_flush_tx
 .text.nrf_esb_set_base_address_0
                0x00006a20       0x90 Output/Debug/Obj/esb_prx_pca10040/nrf_esb.o
                0x00006a20                nrf_esb_set_base_address_0
 .text.nrf_esb_set_base_address_1
                0x00006ab0       0xe0 Output/Debug/Obj/esb_prx_pca10040/nrf_esb.o
                0x00006ab0                nrf_esb_set_base_address_1
 .text.nrf_esb_set_prefixes
                0x00006b90      0x108 Output/Debug/Obj/esb_prx_pca10040/nrf_esb.o
                0x00006b90                nrf_esb_set_prefixes
 .text.nrf_esb_set_tx_power
                0x00006c98       0x44 Output/Debug/Obj/esb_prx_pca10040/nrf_esb.o
                0x00006c98                nrf_esb_set_tx_power
 .text.TIMER3_IRQHandler
                0x00006cdc       0x34 Output/Debug/Obj/esb_prx_pca10040/nrf_esb.o
                0x00006cdc                TIMER3_IRQHandler
 .text.libc.__SEGGER_RTL_init_heap
                0x00006d10       0x16 C:/Program Files/SEGGER/SEGGER Embedded Studio 8.24/lib/heapops_basic_v7em_fpv4_sp_d16_hard_t_le_eabi_balanced.a(heapops_basic.o)
                0x00006d10                __SEGGER_RTL_init_heap
 .text.libc.strlen
                0x00006d26       0x2a C:/Program Files/SEGGER/SEGGER Embedded Studio 8.24/lib/strops_unaligned_v7em_fpv4_sp_d16_hard_t_le_eabi_balanced.a(strops.o)
                0x00006d26                strlen
 .text.libc.memcpy
                0x00006d50       0x5c C:/Program Files/SEGGER/SEGGER Embedded Studio 8.24/lib/strops_unaligned_v7em_fpv4_sp_d16_hard_t_le_eabi_balanced.a(strasmops_arm.o)
                0x00006d50                __aeabi_memcpy
                0x00006d50                memcpy
                0x00006d6e                __aeabi_memcpy8
                0x00006d6e                __aeabi_memcpy4
 .text.libc.__aeabi_memclr
                0x00006dac       0x68 C:/Program Files/SEGGER/SEGGER Embedded Studio 8.24/lib/strops_unaligned_v7em_fpv4_sp_d16_hard_t_le_eabi_balanced.a(strasmops_arm.o)
                0x00006dac                __aeabi_memclr8
                0x00006dac                __aeabi_memclr
                0x00006dac                __aeabi_memclr4
                0x00006dae                __aeabi_memset4
                0x00006dae                __aeabi_memset8
                0x00006dae                __aeabi_memset
                0x00006db4                memset
 .text.libc.__SEGGER_RTL_ascii_mbtowc
                0x00006e14       0x32 C:/Program Files/SEGGER/SEGGER Embedded Studio 8.24/lib/mbops_timeops_v7em_fpv4_sp_d16_hard_t_le_eabi_balanced.a(mbops.o)
                0x00006e14                __SEGGER_RTL_ascii_mbtowc
 .text.libc.__SEGGER_RTL_ascii_wctomb
                0x00006e46        0xe C:/Program Files/SEGGER/SEGGER Embedded Studio 8.24/lib/mbops_timeops_v7em_fpv4_sp_d16_hard_t_le_eabi_balanced.a(mbops.o)
                0x00006e46                __SEGGER_RTL_ascii_wctomb
 .text.libc.isprint
                0x00006e54       0x20 C:/Program Files/SEGGER/SEGGER Embedded Studio 8.24/lib/mbops_timeops_v7em_fpv4_sp_d16_hard_t_le_eabi_balanced.a(mbops.o)
                0x00006e54                isprint
 .text.libc.__SEGGER_RTL_ascii_isctype
                0x00006e74       0x20 C:/Program Files/SEGGER/SEGGER Embedded Studio 8.24/lib/mbops_timeops_v7em_fpv4_sp_d16_hard_t_le_eabi_balanced.a(mbops.o)
 .text.libc.__SEGGER_RTL_ascii_toupper
                0x00006e94        0xc C:/Program Files/SEGGER/SEGGER Embedded Studio 8.24/lib/mbops_timeops_v7em_fpv4_sp_d16_hard_t_le_eabi_balanced.a(mbops.o)
 .text.libc.__SEGGER_RTL_ascii_tolower
                0x00006ea0        0xe C:/Program Files/SEGGER/SEGGER Embedded Studio 8.24/lib/mbops_timeops_v7em_fpv4_sp_d16_hard_t_le_eabi_balanced.a(mbops.o)
 .text.libc.__SEGGER_RTL_ascii_iswctype
                0x00006eae       0x20 C:/Program Files/SEGGER/SEGGER Embedded Studio 8.24/lib/mbops_timeops_v7em_fpv4_sp_d16_hard_t_le_eabi_balanced.a(mbops.o)
 .text.libc.__SEGGER_RTL_ascii_towupper
                0x00006ece        0xc C:/Program Files/SEGGER/SEGGER Embedded Studio 8.24/lib/mbops_timeops_v7em_fpv4_sp_d16_hard_t_le_eabi_balanced.a(mbops.o)
 .text.libc.__SEGGER_RTL_ascii_towlower
                0x00006eda        0xe C:/Program Files/SEGGER/SEGGER Embedded Studio 8.24/lib/mbops_timeops_v7em_fpv4_sp_d16_hard_t_le_eabi_balanced.a(mbops.o)
                0x00006ee8                        __text_end__ = (__text_start__ + SIZEOF (.text))
                0x00006b08                        __text_size__ = SIZEOF (.text)
                0x00006ee8                        __text_load_end__ = __text_end__

.vfp11_veneer   0x00000000        0x0
 .vfp11_veneer  0x00000000        0x0 linker stubs

.v4_bx          0x00000000        0x0
 .v4_bx         0x00000000        0x0 linker stubs

.iplt           0x00000000        0x0
 .iplt          0x00000000        0x0 Output/Debug/Obj/esb_prx_pca10040/main.o
                0x00000001                        . = ASSERT (((__text_start__ == __text_end__) || ((__text_end__ - __FLASH1_segment_start__) <= __FLASH1_segment_size__)), error: .text is too large to fit in FLASH1 memory segment)
                0x00006ee8                        __log_const_data_load_start__ = ALIGN (__text_end__, 0x4)

.log_const_data
                0x00006ee8       0x20
                0x00006ee8                        __log_const_data_start__ = .
                0x00006ee8                        __start_log_const_data = __log_const_data_start__
 *(SORT_BY_NAME(.log_const_data*))
 .log_const_data_PRS
                0x00006ee8        0x8 Output/Debug/Obj/esb_prx_pca10040/nrfx_prs.o
                0x00006ee8                m_nrf_log_PRS_logs_data_const
 .log_const_data_UART
                0x00006ef0        0x8 Output/Debug/Obj/esb_prx_pca10040/nrfx_uart.o
                0x00006ef0                m_nrf_log_UART_logs_data_const
 .log_const_data_UARTE
                0x00006ef8        0x8 Output/Debug/Obj/esb_prx_pca10040/nrfx_uarte.o
                0x00006ef8                m_nrf_log_UARTE_logs_data_const
 .log_const_data_app
                0x00006f00        0x8 Output/Debug/Obj/esb_prx_pca10040/nrf_log_frontend.o
                0x00006f00                m_nrf_log_app_logs_data_const
                0x00006f08                        __log_const_data_end__ = (__log_const_data_start__ + SIZEOF (.log_const_data))
                0x00000020                        __log_const_data_size__ = SIZEOF (.log_const_data)
                0x00006f08                        __stop_log_const_data = __log_const_data_end__
                0x00006f08                        __log_const_data_load_end__ = __log_const_data_end__
                0x00000001                        . = ASSERT (((__log_const_data_start__ == __log_const_data_end__) || ((__log_const_data_end__ - __FLASH1_segment_start__) <= __FLASH1_segment_size__)), error: .log_const_data is too large to fit in FLASH1 memory segment)
                0x00006f08                        __log_backends_load_start__ = ALIGN (__log_const_data_end__, 0x4)

.log_backends   0x00006f08       0x10
                0x00006f08                        __log_backends_start__ = .
                0x00006f08                        __start_log_backends = __log_backends_start__
 *(SORT_BY_NAME(.log_backends*))
 .log_backends  0x00006f08       0x10 Output/Debug/Obj/esb_prx_pca10040/nrf_log_default_backends.o
                0x00006f18                        __log_backends_end__ = (__log_backends_start__ + SIZEOF (.log_backends))
                0x00000010                        __log_backends_size__ = SIZEOF (.log_backends)
                0x00006f18                        __stop_log_backends = __log_backends_end__
                0x00006f18                        __log_backends_load_end__ = __log_backends_end__
                0x00000001                        . = ASSERT (((__log_backends_start__ == __log_backends_end__) || ((__log_backends_end__ - __FLASH1_segment_start__) <= __FLASH1_segment_size__)), error: .log_backends is too large to fit in FLASH1 memory segment)
                0x00006f18                        __nrf_balloc_load_start__ = ALIGN (__log_backends_end__, 0x4)

.nrf_balloc     0x00006f18       0x14
                0x00006f18                        __nrf_balloc_start__ = .
                0x00006f18                        __start_nrf_balloc = __nrf_balloc_start__
 *(.nrf_balloc*)
 .nrf_balloc    0x00006f18       0x14 Output/Debug/Obj/esb_prx_pca10040/nrf_log_frontend.o
                0x00006f18                log_mempool
                0x00006f2c                        __nrf_balloc_end__ = (__nrf_balloc_start__ + SIZEOF (.nrf_balloc))
                0x00000014                        __nrf_balloc_size__ = SIZEOF (.nrf_balloc)
                0x00006f2c                        __stop_nrf_balloc = __nrf_balloc_end__
                0x00006f2c                        __nrf_balloc_load_end__ = __nrf_balloc_end__
                0x00000001                        . = ASSERT (((__nrf_balloc_start__ == __nrf_balloc_end__) || ((__nrf_balloc_end__ - __FLASH1_segment_start__) <= __FLASH1_segment_size__)), error: .nrf_balloc is too large to fit in FLASH1 memory segment)
                0x00006f2c                        __nrf_sections_load_start__ = ALIGN (__nrf_balloc_end__, 0x4)

.nrf_sections   0x00006f2c        0x0
                0x00006f2c                        __nrf_sections_start__ = .
                0x00006f2c                        __start_nrf_sections = __nrf_sections_start__
 *(.nrf_sections .nrf_sections.*)
                0x00006f2c                        __nrf_sections_end__ = (__nrf_sections_start__ + SIZEOF (.nrf_sections))
                0x00000000                        __nrf_sections_size__ = SIZEOF (.nrf_sections)
                0x00006f2c                        __nrf_sections_load_end__ = __nrf_sections_end__
                0x00000001                        . = ASSERT (((__nrf_sections_start__ == __nrf_sections_end__) || ((__nrf_sections_end__ - __FLASH1_segment_start__) <= __FLASH1_segment_size__)), error: .nrf_sections is too large to fit in FLASH1 memory segment)
                0x00006f2c                        __log_dynamic_data_load_start__ = ALIGN (__nrf_sections_end__, 0x4)

.log_dynamic_data
                0x20000000        0x0 load address 0x00006f2c
                0x20000000                        __log_dynamic_data_start__ = .
 *(SORT_BY_NAME(.log_dynamic_data*))
                0x20000000                        __log_dynamic_data_end__ = (__log_dynamic_data_start__ + SIZEOF (.log_dynamic_data))
                0x00000000                        __log_dynamic_data_size__ = SIZEOF (.log_dynamic_data)
                0x00006f2c                        __log_dynamic_data_load_end__ = (__log_dynamic_data_load_start__ + SIZEOF (.log_dynamic_data))
                0x00000001                        . = ASSERT (((__log_dynamic_data_load_start__ == __log_dynamic_data_load_end__) || ((__log_dynamic_data_load_end__ - __FLASH1_segment_start__) <= __FLASH1_segment_size__)), error: .log_dynamic_data is too large to fit in FLASH1 memory segment)

.log_dynamic_data_run
                0x20000000        0x0
                0x20000000                        __log_dynamic_data_run_start__ = .
                0x20000000                        __start_log_dynamic_data = __log_dynamic_data_run_start__
                0x20000000                        __log_dynamic_data_run_end__ = (__log_dynamic_data_run_start__ + SIZEOF (.log_dynamic_data))
                0x00000000                        __log_dynamic_data_run_size__ = (__log_dynamic_data_run_end__ - __log_dynamic_data_run_start__)
                0x20000000                        __stop_log_dynamic_data = __log_dynamic_data_run_end__
                0x20000000                        __log_dynamic_data_run_load_end__ = __log_dynamic_data_run_end__
                0x00000001                        . = ASSERT (((__log_dynamic_data_run_start__ == __log_dynamic_data_run_end__) || ((__log_dynamic_data_run_end__ - __RAM1_segment_start__) <= __RAM1_segment_size__)), error: .log_dynamic_data_run is too large to fit in RAM1 memory segment)
                0x00006f2c                        __log_filter_data_load_start__ = ALIGN ((__log_dynamic_data_load_start__ + SIZEOF (.log_dynamic_data)), 0x4)

.log_filter_data
                0x20000000        0x0 load address 0x00006f2c
                0x20000000                        __log_filter_data_start__ = .
 *(SORT_BY_NAME(.log_filter_data*))
                0x20000000                        __log_filter_data_end__ = (__log_filter_data_start__ + SIZEOF (.log_filter_data))
                0x00000000                        __log_filter_data_size__ = SIZEOF (.log_filter_data)
                0x00006f2c                        __log_filter_data_load_end__ = (__log_filter_data_load_start__ + SIZEOF (.log_filter_data))
                0x00000001                        . = ASSERT (((__log_filter_data_load_start__ == __log_filter_data_load_end__) || ((__log_filter_data_load_end__ - __FLASH1_segment_start__) <= __FLASH1_segment_size__)), error: .log_filter_data is too large to fit in FLASH1 memory segment)

.log_filter_data_run
                0x20000000        0x0
                0x20000000                        __log_filter_data_run_start__ = .
                0x20000000                        __start_log_filter_data = __log_filter_data_run_start__
                0x20000000                        __log_filter_data_run_end__ = (__log_filter_data_run_start__ + SIZEOF (.log_filter_data))
                0x00000000                        __log_filter_data_run_size__ = (__log_filter_data_run_end__ - __log_filter_data_run_start__)
                0x20000000                        __stop_log_filter_data = __log_filter_data_run_end__
                0x20000000                        __log_filter_data_run_load_end__ = __log_filter_data_run_end__
                0x00000001                        . = ASSERT (((__log_filter_data_run_start__ == __log_filter_data_run_end__) || ((__log_filter_data_run_end__ - __RAM1_segment_start__) <= __RAM1_segment_size__)), error: .log_filter_data_run is too large to fit in RAM1 memory segment)
                0x20000000                        __nrf_sections_run_end_load_start__ = ALIGN (__log_filter_data_run_end__, 0x4)

.nrf_sections_run_end
                0x20000000        0x0
                0x20000000                        __nrf_sections_run_end_start__ = .
                0x20000000                        __end_nrf_sections_run = __nrf_sections_run_end_start__
 *(.nrf_sections_run_end .nrf_sections_run_end.*)
                0x20000000                        __nrf_sections_run_end_end__ = (__nrf_sections_run_end_start__ + SIZEOF (.nrf_sections_run_end))
                0x00000000                        __nrf_sections_run_end_size__ = SIZEOF (.nrf_sections_run_end)
                0x20000000                        __nrf_sections_run_end_load_end__ = __nrf_sections_run_end_end__
                0x00000001                        . = ASSERT (((__nrf_sections_run_end_start__ == __nrf_sections_run_end_end__) || ((__nrf_sections_run_end_end__ - __RAM1_segment_start__) <= __RAM1_segment_size__)), error: .nrf_sections_run_end is too large to fit in RAM1 memory segment)
                0x00006f2c                        __dtors_load_start__ = ALIGN ((__log_filter_data_load_start__ + SIZEOF (.log_filter_data)), 0x4)

.dtors          0x00006f2c        0x0
                0x00006f2c                        __dtors_start__ = .
 *(SORT_BY_NAME(.dtors.*))
 *(.dtors)
 *(.fini_array)
 *(SORT_BY_NAME(.fini_array.*))
                0x00006f2c                        __dtors_end__ = (__dtors_start__ + SIZEOF (.dtors))
                0x00000000                        __dtors_size__ = SIZEOF (.dtors)
                0x00006f2c                        __dtors_load_end__ = __dtors_end__
                0x00000001                        . = ASSERT (((__dtors_start__ == __dtors_end__) || ((__dtors_end__ - __FLASH1_segment_start__) <= __FLASH1_segment_size__)), error: .dtors is too large to fit in FLASH1 memory segment)
                0x00006f2c                        __ctors_load_start__ = ALIGN (__dtors_end__, 0x4)

.ctors          0x00006f2c        0x0
                0x00006f2c                        __ctors_start__ = .
 *(SORT_BY_NAME(.ctors.*))
 *(.ctors)
 *(.init_array)
 *(SORT_BY_NAME(.init_array.*))
                0x00006f2c                        __ctors_end__ = (__ctors_start__ + SIZEOF (.ctors))
                0x00000000                        __ctors_size__ = SIZEOF (.ctors)
                0x00006f2c                        __ctors_load_end__ = __ctors_end__
                0x00000001                        . = ASSERT (((__ctors_start__ == __ctors_end__) || ((__ctors_end__ - __FLASH1_segment_start__) <= __FLASH1_segment_size__)), error: .ctors is too large to fit in FLASH1 memory segment)
                0x00006f2c                        __rodata_load_start__ = ALIGN (__ctors_end__, 0x4)

.rodata         0x00006f2c      0xeb1
                0x00006f2c                        __rodata_start__ = .
 *(.rodata .rodata.* .gnu.linkonce.r.* .data.rel.ro .data.rel.ro.*)
 .rodata        0x00006f2c      0x159 Output/Debug/Obj/esb_prx_pca10040/main.o
 *fill*         0x00007085        0x3 
 .rodata        0x00007088       0x6e Output/Debug/Obj/esb_prx_pca10040/boards.o
 *fill*         0x000070f6        0x2 
 .rodata.m_board_led_list
                0x000070f8        0x4 Output/Debug/Obj/esb_prx_pca10040/boards.o
 .rodata.m_board_btn_list
                0x000070fc        0x4 Output/Debug/Obj/esb_prx_pca10040/boards.o
 .rodata        0x00007100       0x4f Output/Debug/Obj/esb_prx_pca10040/nrfx_prs.o
 *fill*         0x0000714f        0x1 
 .rodata        0x00007150       0xb0 Output/Debug/Obj/esb_prx_pca10040/nrfx_uart.o
 .rodata.irq_handlers.0
                0x00007200        0x4 Output/Debug/Obj/esb_prx_pca10040/nrfx_uart.o
 .rodata        0x00007204       0xb1 Output/Debug/Obj/esb_prx_pca10040/nrfx_uarte.o
 *fill*         0x000072b5        0x3 
 .rodata.irq_handlers.0
                0x000072b8        0x4 Output/Debug/Obj/esb_prx_pca10040/nrfx_uarte.o
 .rodata        0x000072bc       0x70 Output/Debug/Obj/esb_prx_pca10040/app_error_weak.o
 .rodata        0x0000732c       0x51 Output/Debug/Obj/esb_prx_pca10040/app_util_platform.o
 *fill*         0x0000737d        0x3 
 .rodata        0x00007380       0x4c Output/Debug/Obj/esb_prx_pca10040/nrf_balloc.o
 .rodata        0x000073cc       0x42 Output/Debug/Obj/esb_prx_pca10040/nrf_fprintf.o
 *fill*         0x0000740e        0x2 
 .rodata        0x00007410       0x49 Output/Debug/Obj/esb_prx_pca10040/nrf_fprintf_format.o
 *fill*         0x00007459        0x3 
 .rodata._aV2C.0
                0x0000745c       0x10 Output/Debug/Obj/esb_prx_pca10040/nrf_fprintf_format.o
 .rodata        0x0000746c       0x4c Output/Debug/Obj/esb_prx_pca10040/nrf_memobj.o
 .rodata.m_unknown_str
                0x000074b8       0x13 Output/Debug/Obj/esb_prx_pca10040/nrf_strerror.o
 *fill*         0x000074cb        0x1 
 .rodata        0x000074cc      0x3bd Output/Debug/Obj/esb_prx_pca10040/nrf_strerror.o
 *fill*         0x00007889        0x3 
 .rodata.nrf_strerror_array
                0x0000788c      0x118 Output/Debug/Obj/esb_prx_pca10040/nrf_strerror.o
 .rodata        0x000079a4       0x78 Output/Debug/Obj/esb_prx_pca10040/nrf_log_backend_uart.o
 .rodata.nrf_log_backend_uart_api
                0x00007a1c        0xc Output/Debug/Obj/esb_prx_pca10040/nrf_log_backend_uart.o
                0x00007a1c                nrf_log_backend_uart_api
 .rodata        0x00007a28       0x6f Output/Debug/Obj/esb_prx_pca10040/nrf_log_default_backends.o
 *fill*         0x00007a97        0x1 
 .rodata.m_log_push_ringbuf
                0x00007a98        0xc Output/Debug/Obj/esb_prx_pca10040/nrf_log_frontend.o
 .rodata        0x00007aa4       0x69 Output/Debug/Obj/esb_prx_pca10040/nrf_log_frontend.o
 *fill*         0x00007b0d        0x3 
 .rodata        0x00007b10       0xaa Output/Debug/Obj/esb_prx_pca10040/nrf_log_str_formatter.o
 *fill*         0x00007bba        0x2 
 .rodata.libc.__SEGGER_RTL_c_locale
                0x00007bbc        0xc C:/Program Files/SEGGER/SEGGER Embedded Studio 8.24/lib/mbops_timeops_v7em_fpv4_sp_d16_hard_t_le_eabi_balanced.a(mbops.o)
                0x00007bbc                __SEGGER_RTL_c_locale
 .rodata.libc.__SEGGER_RTL_c_locale_day_names
                0x00007bc8       0x3a C:/Program Files/SEGGER/SEGGER Embedded Studio 8.24/lib/mbops_timeops_v7em_fpv4_sp_d16_hard_t_le_eabi_balanced.a(mbops.o)
                0x00007bc8                __SEGGER_RTL_c_locale_day_names
 .rodata.libc.__SEGGER_RTL_c_locale_month_names
                0x00007c02       0x57 C:/Program Files/SEGGER/SEGGER Embedded Studio 8.24/lib/mbops_timeops_v7em_fpv4_sp_d16_hard_t_le_eabi_balanced.a(mbops.o)
                0x00007c02                __SEGGER_RTL_c_locale_month_names
 .rodata.libc.__SEGGER_RTL_c_locale_am_pm_indicator
                0x00007c59        0x7 C:/Program Files/SEGGER/SEGGER Embedded Studio 8.24/lib/mbops_timeops_v7em_fpv4_sp_d16_hard_t_le_eabi_balanced.a(mbops.o)
                0x00007c59                __SEGGER_RTL_c_locale_am_pm_indicator
 .rodata.libc.__SEGGER_RTL_c_locale_date_format
                0x00007c60        0x9 C:/Program Files/SEGGER/SEGGER Embedded Studio 8.24/lib/mbops_timeops_v7em_fpv4_sp_d16_hard_t_le_eabi_balanced.a(mbops.o)
                0x00007c60                __SEGGER_RTL_c_locale_date_format
 .rodata.libc.__SEGGER_RTL_c_locale_time_format
                0x00007c69        0x9 C:/Program Files/SEGGER/SEGGER Embedded Studio 8.24/lib/mbops_timeops_v7em_fpv4_sp_d16_hard_t_le_eabi_balanced.a(mbops.o)
                0x00007c69                __SEGGER_RTL_c_locale_time_format
 .rodata.libc.__SEGGER_RTL_c_locale_date_time_format
                0x00007c72        0xf C:/Program Files/SEGGER/SEGGER Embedded Studio 8.24/lib/mbops_timeops_v7em_fpv4_sp_d16_hard_t_le_eabi_balanced.a(mbops.o)
                0x00007c72                __SEGGER_RTL_c_locale_date_time_format
 .rodata.libc..L.str
                0x00007c81        0x2 C:/Program Files/SEGGER/SEGGER Embedded Studio 8.24/lib/mbops_timeops_v7em_fpv4_sp_d16_hard_t_le_eabi_balanced.a(mbops.o)
 *fill*         0x00007c83        0x1 
 .rodata.libc.__SEGGER_RTL_codeset_ascii
                0x00007c84       0x20 C:/Program Files/SEGGER/SEGGER Embedded Studio 8.24/lib/mbops_timeops_v7em_fpv4_sp_d16_hard_t_le_eabi_balanced.a(mbops.o)
                0x00007c84                __SEGGER_RTL_codeset_ascii
 .rodata.libc.__SEGGER_RTL_c_locale_abbrev_day_names
                0x00007ca4       0x1d C:/Program Files/SEGGER/SEGGER Embedded Studio 8.24/lib/mbops_timeops_v7em_fpv4_sp_d16_hard_t_le_eabi_balanced.a(mbops.o)
                0x00007ca4                __SEGGER_RTL_c_locale_abbrev_day_names
 .rodata.libc.__SEGGER_RTL_c_locale_abbrev_month_names
                0x00007cc1       0x31 C:/Program Files/SEGGER/SEGGER Embedded Studio 8.24/lib/mbops_timeops_v7em_fpv4_sp_d16_hard_t_le_eabi_balanced.a(mbops.o)
                0x00007cc1                __SEGGER_RTL_c_locale_abbrev_month_names
 .rodata.libc.__SEGGER_RTL_data_utf8_period
                0x00007cf2        0x2 C:/Program Files/SEGGER/SEGGER Embedded Studio 8.24/lib/mbops_timeops_v7em_fpv4_sp_d16_hard_t_le_eabi_balanced.a(mbops.o)
                0x00007cf2                __SEGGER_RTL_data_utf8_period
 .rodata.libc.__SEGGER_RTL_data_empty_string
                0x00007cf4        0x1 C:/Program Files/SEGGER/SEGGER Embedded Studio 8.24/lib/mbops_timeops_v7em_fpv4_sp_d16_hard_t_le_eabi_balanced.a(mbops.o)
                0x00007cf4                __SEGGER_RTL_data_empty_string
 *fill*         0x00007cf5        0x3 
 .rodata.libc.__SEGGER_RTL_c_locale_data
                0x00007cf8       0x58 C:/Program Files/SEGGER/SEGGER Embedded Studio 8.24/lib/mbops_timeops_v7em_fpv4_sp_d16_hard_t_le_eabi_balanced.a(mbops.o)
                0x00007cf8                __SEGGER_RTL_c_locale_data
 .rodata.libc.__SEGGER_RTL_ascii_ctype_map
                0x00007d50       0x80 C:/Program Files/SEGGER/SEGGER Embedded Studio 8.24/lib/mbops_timeops_v7em_fpv4_sp_d16_hard_t_le_eabi_balanced.a(mbops.o)
 .rodata.libc.__SEGGER_RTL_ascii_ctype_mask
                0x00007dd0        0xd C:/Program Files/SEGGER/SEGGER Embedded Studio 8.24/lib/mbops_timeops_v7em_fpv4_sp_d16_hard_t_le_eabi_balanced.a(mbops.o)
                0x00007ddd                        __rodata_end__ = (__rodata_start__ + SIZEOF (.rodata))
                0x00000eb1                        __rodata_size__ = SIZEOF (.rodata)
                0x00007ddd                        __rodata_load_end__ = __rodata_end__

.rel.dyn        0x00007de0        0x0
 .rel.iplt      0x00007de0        0x0 Output/Debug/Obj/esb_prx_pca10040/main.o
                0x00000001                        . = ASSERT (((__rodata_start__ == __rodata_end__) || ((__rodata_end__ - __FLASH1_segment_start__) <= __FLASH1_segment_size__)), error: .rodata is too large to fit in FLASH1 memory segment)
                0x00007de0                        __ARM.exidx_load_start__ = ALIGN (__rodata_end__, 0x4)

.ARM.exidx      0x00007de0        0x0
                0x00007de0                        __ARM.exidx_start__ = .
                0x00007de0                        __exidx_start = __ARM.exidx_start__
 *(.ARM.exidx .ARM.exidx.*)
                0x00007de0                        __ARM.exidx_end__ = (__ARM.exidx_start__ + SIZEOF (.ARM.exidx))
                0x00000000                        __ARM.exidx_size__ = SIZEOF (.ARM.exidx)
                0x00007de0                        __exidx_end = __ARM.exidx_end__
                0x00007de0                        __ARM.exidx_load_end__ = __ARM.exidx_end__
                0x00000001                        . = ASSERT (((__ARM.exidx_start__ == __ARM.exidx_end__) || ((__ARM.exidx_end__ - __FLASH1_segment_start__) <= __FLASH1_segment_size__)), error: .ARM.exidx is too large to fit in FLASH1 memory segment)
                0x00007de0                        __fast_load_start__ = ALIGN (__ARM.exidx_end__, 0x4)

.fast           0x20000000        0x0 load address 0x00007de0
                0x20000000                        __fast_start__ = .
 *(.fast .fast.*)
                0x20000000                        __fast_end__ = (__fast_start__ + SIZEOF (.fast))
                0x00000000                        __fast_size__ = SIZEOF (.fast)
                0x00007de0                        __fast_load_end__ = (__fast_load_start__ + SIZEOF (.fast))
                0x00000001                        . = ASSERT (((__fast_load_start__ == __fast_load_end__) || ((__fast_load_end__ - __FLASH1_segment_start__) <= __FLASH1_segment_size__)), error: .fast is too large to fit in FLASH1 memory segment)

.fast_run       0x20000000        0x0
                0x20000000                        __fast_run_start__ = .
                0x20000000                        __fast_run_end__ = (__fast_run_start__ + SIZEOF (.fast))
                0x00000000                        __fast_run_size__ = (__fast_run_end__ - __fast_run_start__)
                0x20000000                        __fast_run_load_end__ = __fast_run_end__
                0x00000001                        . = ASSERT (((__fast_run_start__ == __fast_run_end__) || ((__fast_run_end__ - __RAM1_segment_start__) <= __RAM1_segment_size__)), error: .fast_run is too large to fit in RAM1 memory segment)
                0x00007de0                        __data_load_start__ = ALIGN ((__fast_load_start__ + SIZEOF (.fast)), 0x4)

.data           0x20000000       0x90 load address 0x00007de0
                0x20000000                        __data_start__ = .
 *(.data .data.* .gnu.linkonce.d.*)
 .data.g_back   0x20000000        0x4 Output/Debug/Obj/esb_prx_pca10040/main.o
 .data.g_front  0x20000004        0x4 Output/Debug/Obj/esb_prx_pca10040/main.o
 .data.SystemCoreClock
                0x20000008        0x4 Output/Debug/Obj/esb_prx_pca10040/system_nrf52.o
                0x20000008                SystemCoreClock
 .data.m_uart   0x2000000c       0x14 Output/Debug/Obj/esb_prx_pca10040/nrf_log_backend_uart.o
                0x2000000c                m_uart
 .data.log_backend_cb_uart_log_backend
                0x20000020        0x8 Output/Debug/Obj/esb_prx_pca10040/nrf_log_default_backends.o
 .data.m_buffer_mask
                0x20000028        0x4 Output/Debug/Obj/esb_prx_pca10040/nrf_log_frontend.o
 .data.severity_names
                0x2000002c       0x14 Output/Debug/Obj/esb_prx_pca10040/nrf_log_str_formatter.o
 .data.m_colors
                0x20000040       0x24 Output/Debug/Obj/esb_prx_pca10040/nrf_log_str_formatter.o
 .data.m_esb_addr
                0x20000064       0x14 Output/Debug/Obj/esb_prx_pca10040/nrf_esb.o
 .data.m_radio_shorts_common
                0x20000078        0x4 Output/Debug/Obj/esb_prx_pca10040/nrf_esb.o
 .data.libc.__SEGGER_RTL_global_locale
                0x2000007c       0x14 C:/Program Files/SEGGER/SEGGER Embedded Studio 8.24/lib/mbops_timeops_v7em_fpv4_sp_d16_hard_t_le_eabi_balanced.a(mbops.o)
                0x2000007c                __SEGGER_RTL_global_locale
                0x2000007c                __RAL_global_locale
                0x20000090                        __data_end__ = (__data_start__ + SIZEOF (.data))
                0x00000090                        __data_size__ = SIZEOF (.data)
                0x00007e70                        __data_load_end__ = (__data_load_start__ + SIZEOF (.data))

.igot.plt       0x00000000        0x0
 .igot.plt      0x00000000        0x0 Output/Debug/Obj/esb_prx_pca10040/main.o
                0x00000001                        . = ASSERT (((__data_load_start__ == __data_load_end__) || ((__data_load_end__ - __FLASH1_segment_start__) <= __FLASH1_segment_size__)), error: .data is too large to fit in FLASH1 memory segment)

.data_run       0x20000000        0x0
                0x20000000                        __data_run_start__ = .
                0x20000090                        __data_run_end__ = (__data_run_start__ + SIZEOF (.data))
                0x00000090                        __data_run_size__ = (__data_run_end__ - __data_run_start__)
                0x20000090                        __data_run_load_end__ = __data_run_end__
                0x00000001                        . = ASSERT (((__data_run_start__ == __data_run_end__) || ((__data_run_end__ - __RAM1_segment_start__) <= __RAM1_segment_size__)), error: .data_run is too large to fit in RAM1 memory segment)
                0x00007e70                        __tdata_load_start__ = ALIGN ((__data_load_start__ + SIZEOF (.data)), 0x4)

.tdata          0x20000090        0x0 load address 0x00007e70
                0x20000090                        __tdata_start__ = .
 *(.tdata .tdata.*)
                0x20000090                        __tdata_end__ = (__tdata_start__ + SIZEOF (.tdata))
                0x00000000                        __tdata_size__ = SIZEOF (.tdata)
                0x00007e70                        __tdata_load_end__ = (__tdata_load_start__ + SIZEOF (.tdata))
                0x00007e70                        __FLASH1_segment_used_end__ = (ALIGN ((__data_load_start__ + SIZEOF (.data)), 0x4) + SIZEOF (.tdata))
                0x00007e70                        __FLASH1_segment_used_size__ = (__FLASH1_segment_used_end__ - __FLASH1_segment_start__)
                0x00000001                        . = ASSERT (((__tdata_load_start__ == __tdata_load_end__) || ((__tdata_load_end__ - __FLASH1_segment_start__) <= __FLASH1_segment_size__)), error: .tdata is too large to fit in FLASH1 memory segment)

.tdata_run      0x20000090        0x0
                0x20000090                        __tdata_run_start__ = .
                0x20000090                        __tdata_run_end__ = (__tdata_run_start__ + SIZEOF (.tdata))
                0x00000000                        __tdata_run_size__ = (__tdata_run_end__ - __tdata_run_start__)
                0x20000090                        __tdata_run_load_end__ = __tdata_run_end__
                0x00000001                        . = ASSERT (((__tdata_run_start__ == __tdata_run_end__) || ((__tdata_run_end__ - __RAM1_segment_start__) <= __RAM1_segment_size__)), error: .tdata_run is too large to fit in RAM1 memory segment)
                0x20000090                        __bss_load_start__ = ALIGN (__tdata_run_end__, 0x4)

.bss            0x20000090      0xaec
                0x20000090                        __bss_start__ = .
 *(.bss .bss.* .gnu.linkonce.b.*)
 .bss.g_buf     0x20000090       0xb4 Output/Debug/Obj/esb_prx_pca10040/main.o
 .bss.g_last_frame_boundary_us
                0x20000144        0x4 Output/Debug/Obj/esb_prx_pca10040/main.o
 .bss.m_handlers
                0x20000148        0x4 Output/Debug/Obj/esb_prx_pca10040/nrf_drv_uart.o
 .bss.m_contexts
                0x2000014c        0x4 Output/Debug/Obj/esb_prx_pca10040/nrf_drv_uart.o
 .bss.nrf_drv_uart_use_easy_dma
                0x20000150        0x1 Output/Debug/Obj/esb_prx_pca10040/nrf_drv_uart.o
                0x20000150                nrf_drv_uart_use_easy_dma
 *fill*         0x20000151        0x3 
 .bss.m_prs_box_4
                0x20000154        0x8 Output/Debug/Obj/esb_prx_pca10040/nrfx_prs.o
 .bss.m_cb      0x2000015c       0x2c Output/Debug/Obj/esb_prx_pca10040/nrfx_uart.o
 .bss.m_cb      0x20000188       0x24 Output/Debug/Obj/esb_prx_pca10040/nrfx_uarte.o
 .bss.m_error_data.0
                0x200001ac       0x20 Output/Debug/Obj/esb_prx_pca10040/app_error.o
 .bss.m_in_critical_region
                0x200001cc        0x4 Output/Debug/Obj/esb_prx_pca10040/app_util_platform.o
 .bss.m_string_buff
                0x200001d0       0x40 Output/Debug/Obj/esb_prx_pca10040/nrf_log_backend_uart.o
 .bss.m_xfer_done
                0x20000210        0x1 Output/Debug/Obj/esb_prx_pca10040/nrf_log_backend_uart.o
 .bss.m_async_mode
                0x20000211        0x1 Output/Debug/Obj/esb_prx_pca10040/nrf_log_backend_uart.o
 *fill*         0x20000212        0x2 
 .bss.log_mempool_nrf_balloc_pool_stack
                0x20000214        0x8 Output/Debug/Obj/esb_prx_pca10040/nrf_log_frontend.o
 .bss.log_mempool_nrf_balloc_pool_mem
                0x2000021c       0xc0 Output/Debug/Obj/esb_prx_pca10040/nrf_log_frontend.o
 .bss.log_mempool_nrf_balloc_cb
                0x200002dc        0x8 Output/Debug/Obj/esb_prx_pca10040/nrf_log_frontend.o
 .bss.m_log_push_ringbuf_buf
                0x200002e4       0x80 Output/Debug/Obj/esb_prx_pca10040/nrf_log_frontend.o
 .bss.m_log_push_ringbuf_cb
                0x20000364       0x18 Output/Debug/Obj/esb_prx_pca10040/nrf_log_frontend.o
 .bss.m_log_data
                0x2000037c      0x420 Output/Debug/Obj/esb_prx_pca10040/nrf_log_frontend.o
 .bss.m_esb_initialized
                0x2000079c        0x1 Output/Debug/Obj/esb_prx_pca10040/nrf_esb.o
 .bss.m_nrf_esb_mainstate
                0x2000079d        0x1 Output/Debug/Obj/esb_prx_pca10040/nrf_esb.o
 *fill*         0x2000079e        0x2 
 .bss.mp_current_payload
                0x200007a0        0x4 Output/Debug/Obj/esb_prx_pca10040/nrf_esb.o
 .bss.m_event_handler
                0x200007a4        0x4 Output/Debug/Obj/esb_prx_pca10040/nrf_esb.o
 .bss.m_config_local
                0x200007a8       0x18 Output/Debug/Obj/esb_prx_pca10040/nrf_esb.o
 .bss.m_tx_fifo_payload
                0x200007c0      0x128 Output/Debug/Obj/esb_prx_pca10040/nrf_esb.o
 .bss.m_tx_fifo
                0x200008e8       0x2c Output/Debug/Obj/esb_prx_pca10040/nrf_esb.o
 .bss.m_rx_fifo_payload
                0x20000914      0x128 Output/Debug/Obj/esb_prx_pca10040/nrf_esb.o
 .bss.m_rx_fifo
                0x20000a3c       0x2c Output/Debug/Obj/esb_prx_pca10040/nrf_esb.o
 .bss.m_tx_payload_buffer
                0x20000a68       0x22 Output/Debug/Obj/esb_prx_pca10040/nrf_esb.o
 *fill*         0x20000a8a        0x2 
 .bss.m_rx_payload_buffer
                0x20000a8c       0x22 Output/Debug/Obj/esb_prx_pca10040/nrf_esb.o
 *fill*         0x20000aae        0x2 
 .bss.m_ack_pl_container
                0x20000ab0       0x60 Output/Debug/Obj/esb_prx_pca10040/nrf_esb.o
                0x20000ab0                m_ack_pl_container
 .bss.m_ack_pl_container_entry_point_pr_pipe
                0x20000b10       0x20 Output/Debug/Obj/esb_prx_pca10040/nrf_esb.o
                0x20000b10                m_ack_pl_container_entry_point_pr_pipe
 .bss.m_interrupt_flags
                0x20000b30        0x4 Output/Debug/Obj/esb_prx_pca10040/nrf_esb.o
 .bss.m_pids    0x20000b34        0x8 Output/Debug/Obj/esb_prx_pca10040/nrf_esb.o
 .bss.m_rx_pipe_info
                0x20000b3c       0x20 Output/Debug/Obj/esb_prx_pca10040/nrf_esb.o
 .bss.m_retransmits_remaining
                0x20000b5c        0x4 Output/Debug/Obj/esb_prx_pca10040/nrf_esb.o
 .bss.m_last_tx_attempts
                0x20000b60        0x4 Output/Debug/Obj/esb_prx_pca10040/nrf_esb.o
 .bss.m_wait_for_ack_timeout_us
                0x20000b64        0x4 Output/Debug/Obj/esb_prx_pca10040/nrf_esb.o
 .bss.on_radio_disabled
                0x20000b68        0x4 Output/Debug/Obj/esb_prx_pca10040/nrf_esb.o
 .bss.on_radio_end
                0x20000b6c        0x4 Output/Debug/Obj/esb_prx_pca10040/nrf_esb.o
 .bss.update_rf_payload_format
                0x20000b70        0x4 Output/Debug/Obj/esb_prx_pca10040/nrf_esb.o
 .bss.libc.__SEGGER_RTL_heap_globals.0
                0x20000b74        0x4 C:/Program Files/SEGGER/SEGGER Embedded Studio 8.24/lib/heapops_basic_v7em_fpv4_sp_d16_hard_t_le_eabi_balanced.a(heapops_basic.o)
 .bss.libc.__SEGGER_RTL_locale_ptr
                0x20000b78        0x4 C:/Program Files/SEGGER/SEGGER Embedded Studio 8.24/lib/mbops_timeops_v7em_fpv4_sp_d16_hard_t_le_eabi_balanced.a(mbops.o)
                0x20000b78                __SEGGER_RTL_locale_ptr
 *(COMMON)
                0x20000b7c                        __bss_end__ = (__bss_start__ + SIZEOF (.bss))
                0x00000aec                        __bss_size__ = SIZEOF (.bss)
                0x20000b7c                        __bss_load_end__ = __bss_end__
                0x00000001                        . = ASSERT (((__bss_start__ == __bss_end__) || ((__bss_end__ - __RAM1_segment_start__) <= __RAM1_segment_size__)), error: .bss is too large to fit in RAM1 memory segment)
                0x20000b7c                        __tbss_load_start__ = ALIGN (__bss_end__, 0x4)

.tbss           0x20000b7c        0x0
                0x20000b7c                        __tbss_start__ = .
 *(.tbss .tbss.*)
                0x20000b7c                        __tbss_end__ = (__tbss_start__ + SIZEOF (.tbss))
                0x00000000                        __tbss_size__ = SIZEOF (.tbss)
                0x20000b7c                        __tbss_load_end__ = __tbss_end__
                0x00000001                        . = ASSERT (((__tbss_start__ == __tbss_end__) || ((__tbss_end__ - __RAM1_segment_start__) <= __RAM1_segment_size__)), error: .tbss is too large to fit in RAM1 memory segment)
                0x20000b7c                        __non_init_load_start__ = ALIGN (__tbss_end__, 0x4)

.non_init       0x20000b7c        0x0
                0x20000b7c                        __non_init_start__ = .
 *(.non_init .non_init.*)
                0x20000b7c                        __non_init_end__ = (__non_init_start__ + SIZEOF (.non_init))
                0x00000000                        __non_init_size__ = SIZEOF (.non_init)
                0x20000b7c                        __non_init_load_end__ = __non_init_end__
                0x00000001                        . = ASSERT (((__non_init_start__ == __non_init_end__) || ((__non_init_end__ - __RAM1_segment_start__) <= __RAM1_segment_size__)), error: .non_init is too large to fit in RAM1 memory segment)
                0x20000b7c                        __heap_load_start__ = ALIGN (__non_init_end__, 0x4)

.heap           0x20000b7c     0x2000
                0x20000b7c                        __heap_start__ = .
 *(.heap .heap.*)
                0x20002b7c                        . = ALIGN (MAX ((__heap_start__ + __HEAPSIZE__), .), 0x4)
 *fill*         0x20000b7c     0x2000 
                0x20002b7c                        __heap_end__ = (__heap_start__ + SIZEOF (.heap))
                0x00002000                        __heap_size__ = SIZEOF (.heap)
                0x20002b7c                        __heap_load_end__ = __heap_end__
                0x00000001                        . = ASSERT (((__heap_start__ == __heap_end__) || ((__heap_end__ - __RAM1_segment_start__) <= __RAM1_segment_size__)), error: .heap is too large to fit in RAM1 memory segment)
                0x00000001                        . = ASSERT ((__HEAPSIZE__ == ALIGN (__HEAPSIZE__, 0x4)), error: .heap section size does not match alignment)
                0x00000001                        . = ASSERT ((__heap_size__ <= __HEAPSIZE__), error: .heap section is larger than specified size)
                0x2000e000                        __stack_load_start__ = (__RAM1_segment_start__ + (__RAM1_segment_size__ - 0x2000))

.stack          0x2000e000     0x2000
                0x2000e000                        __stack_start__ = .
                0x2000e000                        __StackLimit = __stack_start__
 *(.stack .stack.*)
                0x20010000                        . = ALIGN (MAX ((__stack_start__ + __STACKSIZE__), .), 0x8)
 *fill*         0x2000e000     0x2000 
                0x20010000                        __stack_end__ = (__stack_start__ + SIZEOF (.stack))
                0x00002000                        __stack_size__ = SIZEOF (.stack)
                0x20010000                        __StackTop = __stack_end__
                0x20010000                        __stack_load_end__ = __stack_end__
                0x00000001                        . = ASSERT (((__stack_start__ == __stack_end__) || ((__stack_end__ - __RAM1_segment_start__) <= __RAM1_segment_size__)), error: .stack is too large to fit in RAM1 memory segment)
                0x00000001                        . = ASSERT ((__heap_end__ <= __stack_start__), error: section .heap overlaps absolute placed section .stack)
                0x00000001                        . = ASSERT ((__STACKSIZE__ == ALIGN (__STACKSIZE__, 0x8)), error: .stack section size does not match alignment)
                0x00000001                        . = ASSERT ((__stack_size__ <= __STACKSIZE__), error: .stack section is larger than specified size)
                0x20010000                        __stack_process_load_start__ = ALIGN (__stack_end__, 0x8)

.stack_process  0x20010000        0x0
                0x20010000                        __stack_process_start__ = .
 *(.stack_process .stack_process.*)
                0x20010000                        . = ALIGN (MAX ((__stack_process_start__ + __STACKSIZE_PROCESS__), .), 0x8)
                0x20010000                        __stack_process_end__ = (__stack_process_start__ + SIZEOF (.stack_process))
                0x00000000                        __stack_process_size__ = SIZEOF (.stack_process)
                0x20010000                        __stack_process_load_end__ = __stack_process_end__
                0x20010000                        __RAM1_segment_used_end__ = (ALIGN (__stack_end__, 0x8) + SIZEOF (.stack_process))
                0x00010000                        __RAM1_segment_used_size__ = (__RAM1_segment_used_end__ - __RAM1_segment_start__)
                0x00000001                        . = ASSERT (((__stack_process_start__ == __stack_process_end__) || ((__stack_process_end__ - __RAM1_segment_start__) <= __RAM1_segment_size__)), error: .stack_process is too large to fit in RAM1 memory segment)
                0x00000001                        . = ASSERT ((__STACKSIZE_PROCESS__ == ALIGN (__STACKSIZE_PROCESS__, 0x8)), error: .stack_process section size does not match alignment)
                0x00000001                        . = ASSERT ((__stack_process_size__ <= __STACKSIZE_PROCESS__), error: .stack_process section is larger than specified size)
                0x00002000                        __STACKSIZE__ = 0x2000
                0x00000000                        __STACKSIZE_PROCESS__ = 0x0
                0x00002000                        __HEAPSIZE__ = 0x2000
                0x00000000                        __SEGGER_RTL_vfprintf = __SEGGER_RTL_vfprintf_long
                0x00000000                        __SEGGER_RTL_vfscanf = __SEGGER_RTL_vfscanf_long
START GROUP
LOAD Output/Debug/Obj/esb_prx_pca10040/main.o
LOAD Output/Debug/Obj/esb_prx_pca10040/boards.o
LOAD Output/Debug/Obj/esb_prx_pca10040/ses_startup_nrf52.o
LOAD Output/Debug/Obj/esb_prx_pca10040/ses_startup_nrf_common.o
LOAD Output/Debug/Obj/esb_prx_pca10040/system_nrf52.o
LOAD Output/Debug/Obj/esb_prx_pca10040/nrf_drv_uart.o
LOAD Output/Debug/Obj/esb_prx_pca10040/nrfx_atomic.o
LOAD Output/Debug/Obj/esb_prx_pca10040/nrfx_prs.o
LOAD Output/Debug/Obj/esb_prx_pca10040/nrfx_uart.o
LOAD Output/Debug/Obj/esb_prx_pca10040/nrfx_uarte.o
LOAD Output/Debug/Obj/esb_prx_pca10040/app_error.o
LOAD Output/Debug/Obj/esb_prx_pca10040/app_error_handler_gcc.o
LOAD Output/Debug/Obj/esb_prx_pca10040/app_error_weak.o
LOAD Output/Debug/Obj/esb_prx_pca10040/app_util_platform.o
LOAD Output/Debug/Obj/esb_prx_pca10040/nrf_assert.o
LOAD Output/Debug/Obj/esb_prx_pca10040/nrf_atomic.o
LOAD Output/Debug/Obj/esb_prx_pca10040/nrf_balloc.o
LOAD Output/Debug/Obj/esb_prx_pca10040/nrf_fprintf.o
LOAD Output/Debug/Obj/esb_prx_pca10040/nrf_fprintf_format.o
LOAD Output/Debug/Obj/esb_prx_pca10040/nrf_memobj.o
LOAD Output/Debug/Obj/esb_prx_pca10040/nrf_ringbuf.o
LOAD Output/Debug/Obj/esb_prx_pca10040/nrf_strerror.o
LOAD Output/Debug/Obj/esb_prx_pca10040/nrf_log_backend_rtt.o
LOAD Output/Debug/Obj/esb_prx_pca10040/nrf_log_backend_serial.o
LOAD Output/Debug/Obj/esb_prx_pca10040/nrf_log_backend_uart.o
LOAD Output/Debug/Obj/esb_prx_pca10040/nrf_log_default_backends.o
LOAD Output/Debug/Obj/esb_prx_pca10040/nrf_log_frontend.o
LOAD Output/Debug/Obj/esb_prx_pca10040/nrf_log_str_formatter.o
LOAD Output/Debug/Obj/esb_prx_pca10040/nrf_esb.o
LOAD Output/Debug/Obj/esb_prx_pca10040/SEGGER_RTT.o
LOAD Output/Debug/Obj/esb_prx_pca10040/SEGGER_RTT_printf.o
LOAD Output/Debug/Obj/esb_prx_pca10040/thumb_crt0.o
LOAD C:/Program Files/SEGGER/SEGGER Embedded Studio 8.24/lib/libc_v7em_fpv4_sp_d16_hard_t_le_eabi_balanced.a
LOAD C:/Program Files/SEGGER/SEGGER Embedded Studio 8.24/lib/heapops_basic_v7em_fpv4_sp_d16_hard_t_le_eabi_balanced.a
LOAD C:/Program Files/SEGGER/SEGGER Embedded Studio 8.24/lib/heapops_disable_interrupts_locking_v7em_fpv4_sp_d16_hard_t_le_eabi_balanced.a
LOAD C:/Program Files/SEGGER/SEGGER Embedded Studio 8.24/lib/strops_unaligned_v7em_fpv4_sp_d16_hard_t_le_eabi_balanced.a
LOAD C:/Program Files/SEGGER/SEGGER Embedded Studio 8.24/lib/mbops_timeops_v7em_fpv4_sp_d16_hard_t_le_eabi_balanced.a
END GROUP
OUTPUT(C:/Nrf_sdk/nRF5_SDK_17.1.0_ddde560/examples/Angulator firmware/esb_prx/pca10040/blank/ses/Output/Debug/Exe/esb_prx_pca10040.elf elf32-littlearm)
LOAD linker stubs

.debug_info     0x00000000    0x1416b
 .debug_info    0x00000000      0xeb3 Output/Debug/Obj/esb_prx_pca10040/main.o
 .debug_info    0x00000eb3      0x936 Output/Debug/Obj/esb_prx_pca10040/boards.o
 .debug_info    0x000017e9       0x23 Output/Debug/Obj/esb_prx_pca10040/ses_startup_nrf52.o
 .debug_info    0x0000180c       0x23 Output/Debug/Obj/esb_prx_pca10040/ses_startup_nrf_common.o
 .debug_info    0x0000182f     0x4340 Output/Debug/Obj/esb_prx_pca10040/system_nrf52.o
 .debug_info    0x00005b6f     0x1197 Output/Debug/Obj/esb_prx_pca10040/nrf_drv_uart.o
 .debug_info    0x00006d06      0x796 Output/Debug/Obj/esb_prx_pca10040/nrfx_prs.o
 .debug_info    0x0000749c     0x1e8c Output/Debug/Obj/esb_prx_pca10040/nrfx_uart.o
 .debug_info    0x00009328     0x1fd5 Output/Debug/Obj/esb_prx_pca10040/nrfx_uarte.o
 .debug_info    0x0000b2fd      0x289 Output/Debug/Obj/esb_prx_pca10040/app_error.o
 .debug_info    0x0000b586      0x108 Output/Debug/Obj/esb_prx_pca10040/app_error_handler_gcc.o
 .debug_info    0x0000b68e      0x3b1 Output/Debug/Obj/esb_prx_pca10040/app_error_weak.o
 .debug_info    0x0000ba3f      0x74f Output/Debug/Obj/esb_prx_pca10040/app_util_platform.o
 .debug_info    0x0000c18e      0x135 Output/Debug/Obj/esb_prx_pca10040/nrf_assert.o
 .debug_info    0x0000c2c3      0x880 Output/Debug/Obj/esb_prx_pca10040/nrf_atomic.o
 .debug_info    0x0000cb43      0x322 Output/Debug/Obj/esb_prx_pca10040/nrf_balloc.o
 .debug_info    0x0000ce65      0x23c Output/Debug/Obj/esb_prx_pca10040/nrf_fprintf.o
 .debug_info    0x0000d0a1      0x4ca Output/Debug/Obj/esb_prx_pca10040/nrf_fprintf_format.o